Component: ARM Compiler 5.06 update 7 (build 960) Tool: armlink [4d3601]

==============================================================================

Section Cross References

    startup_stm32f407xx.o(STACK) refers (Special) to heapauxi.o(.text) for __use_two_region_memory
    startup_stm32f407xx.o(HEAP) refers (Special) to heapauxi.o(.text) for __use_two_region_memory
    startup_stm32f407xx.o(RESET) refers (Special) to heapauxi.o(.text) for __use_two_region_memory
    startup_stm32f407xx.o(RESET) refers to startup_stm32f407xx.o(STACK) for __initial_sp
    startup_stm32f407xx.o(RESET) refers to startup_stm32f407xx.o(.text) for Reset_Handler
    startup_stm32f407xx.o(RESET) refers to stm32f4xx_it.o(i.NMI_Handler) for NMI_Handler
    startup_stm32f407xx.o(RESET) refers to stm32f4xx_it.o(i.HardFault_Handler) for HardFault_Handler
    startup_stm32f407xx.o(RESET) refers to stm32f4xx_it.o(i.MemManage_Handler) for MemManage_Handler
    startup_stm32f407xx.o(RESET) refers to stm32f4xx_it.o(i.BusFault_Handler) for BusFault_Handler
    startup_stm32f407xx.o(RESET) refers to stm32f4xx_it.o(i.UsageFault_Handler) for UsageFault_Handler
    startup_stm32f407xx.o(RESET) refers to stm32f4xx_it.o(i.SVC_Handler) for SVC_Handler
    startup_stm32f407xx.o(RESET) refers to stm32f4xx_it.o(i.DebugMon_Handler) for DebugMon_Handler
    startup_stm32f407xx.o(RESET) refers to stm32f4xx_it.o(i.PendSV_Handler) for PendSV_Handler
    startup_stm32f407xx.o(RESET) refers to stm32f4xx_it.o(i.SysTick_Handler) for SysTick_Handler
    startup_stm32f407xx.o(RESET) refers to stm32f4xx_it.o(i.TIM6_DAC_IRQHandler) for TIM6_DAC_IRQHandler
    startup_stm32f407xx.o(.text) refers (Special) to heapauxi.o(.text) for __use_two_region_memory
    startup_stm32f407xx.o(.text) refers to system_stm32f4xx.o(i.SystemInit) for SystemInit
    startup_stm32f407xx.o(.text) refers to __main.o(!!!main) for __main
    startup_stm32f407xx.o(.text) refers to startup_stm32f407xx.o(HEAP) for Heap_Mem
    startup_stm32f407xx.o(.text) refers to startup_stm32f407xx.o(STACK) for Stack_Mem
    main.o(i.HAL_TIM_PeriodElapsedCallback) refers to stm32f4xx_hal.o(i.HAL_IncTick) for HAL_IncTick
    main.o(i.SystemClock_Config) refers to rt_memclr_w.o(.text) for __aeabi_memclr4
    main.o(i.SystemClock_Config) refers to stm32f4xx_hal_rcc.o(i.HAL_RCC_OscConfig) for HAL_RCC_OscConfig
    main.o(i.SystemClock_Config) refers to stm32f4xx_hal_rcc.o(i.HAL_RCC_ClockConfig) for HAL_RCC_ClockConfig
    main.o(i.main) refers to _printf_pad.o(.text) for _printf_pre_padding
    main.o(i.main) refers to _printf_percent.o(.ARM.Collect$$_printf_percent$$00000000) for _printf_percent
    main.o(i.main) refers to _printf_d.o(.ARM.Collect$$_printf_percent$$00000009) for _printf_d
    main.o(i.main) refers to _printf_dec.o(.text) for _printf_int_dec
    main.o(i.main) refers to stm32f4xx_hal.o(i.HAL_Init) for HAL_Init
    main.o(i.main) refers to main.o(i.SystemClock_Config) for SystemClock_Config
    main.o(i.main) refers to gpio.o(i.MX_GPIO_Init) for MX_GPIO_Init
    main.o(i.main) refers to rtc.o(i.MX_RTC_Init) for MX_RTC_Init
    main.o(i.main) refers to usart.o(i.MX_USART1_UART_Init) for MX_USART1_UART_Init
    main.o(i.main) refers to spi.o(i.MX_SPI1_Init) for MX_SPI1_Init
    main.o(i.main) refers to dwt.o(i.DWT_Init) for DWT_Init
    main.o(i.main) refers to stm32f4xx_hal_rtc.o(i.HAL_RTC_GetTime) for HAL_RTC_GetTime
    main.o(i.main) refers to stm32f4xx_hal_rtc.o(i.HAL_RTC_GetDate) for HAL_RTC_GetDate
    main.o(i.main) refers to __2printf.o(.text) for __2printf
    main.o(i.main) refers to flashdb_app.o(i.spi_flash_init) for spi_flash_init
    main.o(i.main) refers to stm32f4xx_hal.o(i.HAL_Delay) for HAL_Delay
    main.o(i.main) refers to flashdb_app.o(i.flashdb_app_Start) for flashdb_app_Start
    main.o(i.main) refers to stm32f4xx_hal_gpio.o(i.HAL_GPIO_WritePin) for HAL_GPIO_WritePin
    main.o(i.main) refers to main.o(.bss) for .bss
    main.o(i.main) refers to rtc.o(.bss) for hrtc
    main.o(i.main) refers to main.o(.data) for .data
    gpio.o(i.MX_GPIO_Init) refers to rt_memclr_w.o(.text) for __aeabi_memclr4
    gpio.o(i.MX_GPIO_Init) refers to stm32f4xx_hal_gpio.o(i.HAL_GPIO_WritePin) for HAL_GPIO_WritePin
    gpio.o(i.MX_GPIO_Init) refers to stm32f4xx_hal_gpio.o(i.HAL_GPIO_Init) for HAL_GPIO_Init
    rtc.o(i.HAL_RTC_MspInit) refers to stm32f4xx_hal_rcc_ex.o(i.HAL_RCCEx_PeriphCLKConfig) for HAL_RCCEx_PeriphCLKConfig
    rtc.o(i.HAL_RTC_MspInit) refers to main.o(i.Error_Handler) for Error_Handler
    rtc.o(i.MX_RTC_Init) refers to rt_memclr_w.o(.text) for __aeabi_memclr4
    rtc.o(i.MX_RTC_Init) refers to stm32f4xx_hal_pwr.o(i.HAL_PWR_EnableBkUpAccess) for HAL_PWR_EnableBkUpAccess
    rtc.o(i.MX_RTC_Init) refers to stm32f4xx_hal_rtc.o(i.HAL_RTC_Init) for HAL_RTC_Init
    rtc.o(i.MX_RTC_Init) refers to main.o(i.Error_Handler) for Error_Handler
    rtc.o(i.MX_RTC_Init) refers to stm32f4xx_hal_rtc_ex.o(i.HAL_RTCEx_BKUPRead) for HAL_RTCEx_BKUPRead
[...]
    __rt_entry_li                            0x080002fb   Thumb Code     0  __rtentry2.o(.ARM.Collect$$rtentry$$0000000A)
    __rt_entry_postsh_1                      0x080002fb   Thumb Code     0  __rtentry2.o(.ARM.Collect$$rtentry$$00000009)
    __rt_entry_main                          0x080002ff   Thumb Code     0  __rtentry2.o(.ARM.Collect$$rtentry$$0000000D)
    __rt_entry_postli_1                      0x080002ff   Thumb Code     0  __rtentry2.o(.ARM.Collect$$rtentry$$0000000C)
    __rt_exit                                0x08000307   Thumb Code     0  rtexit.o(.ARM.Collect$$rtexit$$00000000)
    __rt_exit_ls                             0x08000309   Thumb Code     0  rtexit2.o(.ARM.Collect$$rtexit$$00000003)
    __rt_exit_prels_1                        0x08000309   Thumb Code     0  rtexit2.o(.ARM.Collect$$rtexit$$00000002)
    __rt_exit_exit                           0x0800030d   Thumb Code     0  rtexit2.o(.ARM.Collect$$rtexit$$00000004)
    Reset_Handler                            0x08000315   Thumb Code     8  startup_stm32f407xx.o(.text)
    ADC_IRQHandler                           0x0800032f   Thumb Code     0  startup_stm32f407xx.o(.text)
    CAN1_RX0_IRQHandler                      0x0800032f   Thumb Code     0  startup_stm32f407xx.o(.text)
    CAN1_RX1_IRQHandler                      0x0800032f   Thumb Code     0  startup_stm32f407xx.o(.text)
    CAN1_SCE_IRQHandler                      0x0800032f   Thumb Code     0  startup_stm32f407xx.o(.text)
    CAN1_TX_IRQHandler                       0x0800032f   Thumb Code     0  startup_stm32f407xx.o(.text)
    CAN2_RX0_IRQHandler                      0x0800032f   Thumb Code     0  startup_stm32f407xx.o(.text)
    CAN2_RX1_IRQHandler                      0x0800032f   Thumb Code     0  startup_stm32f407xx.o(.text)
    CAN2_SCE_IRQHandler                      0x0800032f   Thumb Code     0  startup_stm32f407xx.o(.text)
    CAN2_TX_IRQHandler                       0x0800032f   Thumb Code     0  startup_stm32f407xx.o(.text)
    DCMI_IRQHandler                          0x0800032f   Thumb Code     0  startup_stm32f407xx.o(.text)
    DMA1_Stream0_IRQHandler                  0x0800032f   Thumb Code     0  startup_stm32f407xx.o(.text)
    DMA1_Stream1_IRQHandler                  0x0800032f   Thumb Code     0  startup_stm32f407xx.o(.text)
    DMA1_Stream2_IRQHandler                  0x0800032f   Thumb Code     0  startup_stm32f407xx.o(.text)
    DMA1_Stream3_IRQHandler                  0x0800032f   Thumb Code     0  startup_stm32f407xx.o(.text)
    DMA1_Stream4_IRQHandler                  0x0800032f   Thumb Code     0  startup_stm32f407xx.o(.text)
    DMA1_Stream5_IRQHandler                  0x0800032f   Thumb Code     0  startup_stm32f407xx.o(.text)
    DMA1_Stream6_IRQHandler                  0x0800032f   Thumb Code     0  startup_stm32f407xx.o(.text)
    DMA1_Stream7_IRQHandler                  0x0800032f   Thumb Code     0  startup_stm32f407xx.o(.text)
    DMA2_Stream0_IRQHandler                  0x0800032f   Thumb Code     0  startup_stm32f407xx.o(.text)
    DMA2_Stream1_IRQHandler                  0x0800032f   Thumb Code     0  startup_stm32f407xx.o(.text)
    DMA2_Stream2_IRQHandler                  0x0800032f   Thumb Code     0  startup_stm32f407xx.o(.text)
    DMA2_Stream3_IRQHandler                  0x0800032f   Thumb Code     0  startup_stm32f407xx.o(.text)
    DMA2_Stream4_IRQHandler                  0x0800032f   Thumb Code     0  startup_stm32f407xx.o(.text)
    DMA2_Stream5_IRQHandler                  0x0800032f   Thumb Code     0  startup_stm32f407xx.o(.text)
    DMA2_Stream6_IRQHandler                  0x0800032f   Thumb Code     0  startup_stm32f407xx.o(.text)
    DMA2_Stream7_IRQHandler                  0x0800032f   Thumb Code     0  startup_stm32f407xx.o(.text)
    ETH_IRQHandler                           0x0800032f   Thumb Code     0  startup_stm32f407xx.o(.text)
    ETH_WKUP_IRQHandler                      0x0800032f   Thumb Code     0  startup_stm32f407xx.o(.text)
    EXTI0_IRQHandler                         0x0800032f   Thumb Code     0  startup_stm32f407xx.o(.text)
    EXTI15_10_IRQHandler                     0x0800032f   Thumb Code     0  startup_stm32f407xx.o(.text)
    EXTI1_IRQHandler                         0x0800032f   Thumb Code     0  startup_stm32f407xx.o(.text)
    EXTI2_IRQHandler                         0x0800032f   Thumb Code     0  startup_stm32f407xx.o(.text)
    EXTI3_IRQHandler                         0x0800032f   Thumb Code     0  startup_stm32f407xx.o(.text)
    EXTI4_IRQHandler                         0x0800032f   Thumb Code     0  startup_stm32f407xx.o(.text)
    EXTI9_5_IRQHandler                       0x0800032f   Thumb Code     0  startup_stm32f407xx.o(.text)
    FLASH_IRQHandler                         0x0800032f   Thumb Code     0  startup_stm32f407xx.o(.text)
    FMC_IRQHandler                           0x0800032f   Thumb Code     0  startup_stm32f407xx.o(.text)
    FPU_IRQHandler                           0x0800032f   Thumb Code     0  startup_stm32f407xx.o(.text)
    HASH_RNG_IRQHandler                      0x0800032f   Thumb Code     0  startup_stm32f407xx.o(.text)
    I2C1_ER_IRQHandler                       0x0800032f   Thumb Code     0  startup_stm32f407xx.o(.text)
    I2C1_EV_IRQHandler                       0x0800032f   Thumb Code     0  startup_stm32f407xx.o(.text)
    I2C2_ER_IRQHandler                       0x0800032f   Thumb Code     0  startup_stm32f407xx.o(.text)
    I2C2_EV_IRQHandler                       0x0800032f   Thumb Code     0  startup_stm32f407xx.o(.text)
    I2C3_ER_IRQHandler                       0x0800032f   Thumb Code     0  startup_stm32f407xx.o(.text)
    I2C3_EV_IRQHandler                       0x0800032f   Thumb Code     0  startup_stm32f407xx.o(.text)
    OTG_FS_IRQHandler                        0x0800032f   Thumb Code     0  startup_stm32f407xx.o(.text)
    OTG_FS_WKUP_IRQHandler                   0x0800032f   Thumb Code     0  startup_stm32f407xx.o(.text)
    OTG_HS_EP1_IN_IRQHandler                 0x0800032f   Thumb Code     0  startup_stm32f407xx.o(.text)
    OTG_HS_EP1_OUT_IRQHandler                0x0800032f   Thumb Code     0  startup_stm32f407xx.o(.text)
    OTG_HS_IRQHandler                        0x0800032f   Thumb Code     0  startup_stm32f407xx.o(.text)
    OTG_HS_WKUP_IRQHandler                   0x0800032f   Thumb Code     0  startup_stm32f407xx.o(.text)
    PVD_IRQHandler                           0x0800032f   Thumb Code     0  startup_stm32f407xx.o(.text)
    RCC_IRQHandler                           0x0800032f   Thumb Code     0  startup_stm32f407xx.o(.text)
    RTC_Alarm_IRQHandler                     0x0800032f   Thumb Code     0  startup_stm32f407xx.o(.text)
    RTC_WKUP_IRQHandler                      0x0800032f   Thumb Code     0  startup_stm32f407xx.o(.text)
    SDIO_IRQHandler                          0x0800032f   Thumb Code     0  startup_stm32f407xx.o(.text)
    SPI1_IRQHandler                          0x0800032f   Thumb Code     0  startup_stm32f407xx.o(.text)
    SPI2_IRQHandler                          0x0800032f   Thumb Code     0  startup_stm32f407xx.o(.text)
    SPI3_IRQHandler                          0x0800032f   Thumb Code     0  startup_stm32f407xx.o(.text)
    TAMP_STAMP_IRQHandler                    0x0800032f   Thumb Code     0  startup_stm32f407xx.o(.text)
    TIM1_BRK_TIM9_IRQHandler                 0x0800032f   Thumb Code     0  startup_stm32f407xx.o(.text)
    TIM1_CC_IRQHandler                       0x0800032f   Thumb Code     0  startup_stm32f407xx.o(.text)
    TIM1_TRG_COM_TIM11_IRQHandler            0x0800032f   Thumb Code     0  startup_stm32f407xx.o(.text)
    TIM1_UP_TIM10_IRQHandler                 0x0800032f   Thumb Code     0  startup_stm32f407xx.o(.text)
    TIM2_IRQHandler                          0x0800032f   Thumb Code     0  startup_stm32f407xx.o(.text)
    TIM3_IRQHandler                          0x0800032f   Thumb Code     0  startup_stm32f407xx.o(.text)
    TIM4_IRQHandler                          0x0800032f   Thumb Code     0  startup_stm32f407xx.o(.text)
    TIM5_IRQHandler                          0x0800032f   Thumb Code     0  startup_stm32f407xx.o(.text)
    TIM7_IRQHandler                          0x0800032f   Thumb Code     0  startup_stm32f407xx.o(.text)
    TIM8_BRK_TIM12_IRQHandler                0x0800032f   Thumb Code     0  startup_stm32f407xx.o(.text)
    TIM8_CC_IRQHandler                       0x0800032f   Thumb Code     0  startup_stm32f407xx.o(.text)
    TIM8_TRG_COM_TIM14_IRQHandler            0x0800032f   Thumb Code     0  startup_stm32f407xx.o(.text)
    TIM8_UP_TIM13_IRQHandler                 0x0800032f   Thumb Code     0  startup_stm32f407xx.o(.text)
    UART4_IRQHandler                         0x0800032f   Thumb Code     0  startup_stm32f407xx.o(.text)
    UART5_IRQHandler                         0x0800032f   Thumb Code     0  startup_stm32f407xx.o(.text)
    USART1_IRQHandler                        0x0800032f   Thumb Code     0  startup_stm32f407xx.o(.text)
    USART2_IRQHandler                        0x0800032f   Thumb Code     0  startup_stm32f407xx.o(.text)
    USART3_IRQHandler                        0x0800032f   Thumb Code     0  startup_stm32f407xx.o(.text)
    USART6_IRQHandler                        0x0800032f   Thumb Code     0  startup_stm32f407xx.o(.text)
    WWDG_IRQHandler                          0x0800032f   Thumb Code     0  startup_stm32f407xx.o(.text)
    __user_initial_stackheap                 0x08000331   Thumb Code     0  startup_stm32f407xx.o(.text)
    __use_no_semihosting                     0x08000355   Thumb Code     2  use_no_semi_2.o(.text)
    __aeabi_uldivmod                         0x08000357   Thumb Code     0  lludivv7m.o(.text)
    _ll_udiv                                 0x08000357   Thumb Code   238  lludivv7m.o(.text)
    vsnprintf                                0x08000445   Thumb Code    48  vsnprintf.o(.text)
    __2printf                                0x08000479   Thumb Code    20  __2printf.o(.text)
    _printf_pre_padding                      0x08000491   Thumb Code    44  _printf_pad.o(.text)
    _printf_post_padding                     0x080004bd   Thumb Code    34  _printf_pad.o(.text)
    _printf_str                              0x080004df   Thumb Code    82  _printf_str.o(.text)
    _printf_int_dec                          0x08000531   Thumb Code   104  _printf_dec.o(.text)
    _printf_longlong_dec                     0x080005a9   Thumb Code   108  _printf_longlong_dec.o(.text)
    _printf_longlong_hex                     0x08000625   Thumb Code    86  _printf_hex_int_ll_ptr.o(.text)
    _printf_int_hex                          0x0800067b   Thumb Code    28  _printf_hex_int_ll_ptr.o(.text)
    _printf_ll_hex                           0x08000697   Thumb Code    12  _printf_hex_int_ll_ptr.o(.text)
    _printf_hex_ptr                          0x080006a3   Thumb Code    18  _printf_hex_int_ll_ptr.o(.text)
    __printf                                 0x080006b9   Thumb Code   388  __printf_flags_ss_wp.o(.text)
    strlen                                   0x08000841   Thumb Code    62  strlen.o(.text)
    strncmp                                  0x0800087f   Thumb Code   150  strncmp.o(.text)
    __aeabi_memcpy                           0x08000915   Thumb Code     0  rt_memcpy_v6.o(.text)
    __rt_memcpy                              0x08000915   Thumb Code   138  rt_memcpy_v6.o(.text)
    _memcpy_lastbytes                        0x0800097b   Thumb Code     0  rt_memcpy_v6.o(.text)
    __aeabi_memcpy4                          0x0800099f   Thumb Code     0  rt_memcpy_w.o(.text)
    __aeabi_memcpy8                          0x0800099f   Thumb Code     0  rt_memcpy_w.o(.text)
    __rt_memcpy_w                            0x0800099f   Thumb Code   100  rt_memcpy_w.o(.text)
    _memcpy_lastbytes_aligned                0x080009e7   Thumb Code     0  rt_memcpy_w.o(.text)
    __aeabi_memset                           0x08000a03   Thumb Code    16  aeabi_memset.o(.text)
    __aeabi_memclr4                          0x08000a13   Thumb Code     0  rt_memclr_w.o(.text)
    __aeabi_memclr8                          0x08000a13   Thumb Code     0  rt_memclr_w.o(.text)
    __rt_memclr_w                            0x08000a13   Thumb Code    78  rt_memclr_w.o(.text)
    _memset_w                                0x08000a17   Thumb Code     0  rt_memclr_w.o(.text)
    strncpy                                  0x08000a61   Thumb Code    86  strncpy.o(.text)
    strcmp                                   0x08000ab9   Thumb Code   128  strcmpv7m.o(.text)
    mktime                                   0x08000b77   Thumb Code   356  mktime.o(.text)
    __use_two_region_memory                  0x08000ce5   Thumb Code     2  heapauxi.o(.text)
    __rt_heap_escrow$2region                 0x08000ce7   Thumb Code     2  heapauxi.o(.text)
    __rt_heap_expand$2region                 0x08000ce9   Thumb Code     2  heapauxi.o(.text)
    __semihosting$guard                      0x08000ceb   Thumb Code     0  use_no_semi.o(.text)
    __use_no_semihosting_swi                 0x08000ceb   Thumb Code     2  use_no_semi.o(.text)
    _ll_udiv10                               0x08000ced   Thumb Code   138  lludiv10.o(.text)
    _printf_truncate_signed                  0x08000d77   Thumb Code    18  _printf_truncate.o(.text)
    _printf_truncate_unsigned                0x08000d89   Thumb Code    18  _printf_truncate.o(.text)
    _printf_int_common                       0x08000d9b   Thumb Code   178  _printf_intcommon.o(.text)
    _printf_charcount                        0x08000e4d   Thumb Code    40  _printf_charcount.o(.text)
    _printf_char_common                      0x08000e7f   Thumb Code    32  _printf_char_common.o(.text)
    _sputc                                   0x08000ea5   Thumb Code    10  _sputc.o(.text)
    _snputc                                  0x08000eaf   Thumb Code    16  _snputc.o(.text)
    _printf_cs_common                        0x08000ebf   Thumb Code    20  _printf_char.o(.text)
    _printf_char                             0x08000ed3   Thumb Code    16  _printf_char.o(.text)
    _printf_string                           0x08000ee3   Thumb Code     8  _printf_char.o(.text)
    _printf_char_file                        0x08000eed   Thumb Code    32  _printf_char_file.o(.text)
    _printf_wctomb                           0x08000f11   Thumb Code   182  _printf_wctomb.o(.text)
    _printf_longlong_oct                     0x08000fcd   Thumb Code    66  _printf_oct_int_ll.o(.text)
    _printf_int_oct                          0x0800100f   Thumb Code    24  _printf_oct_int_ll.o(.text)
    _printf_ll_oct                           0x08001027   Thumb Code    12  _printf_oct_int_ll.o(.text)
    __aeabi_memclr                           0x0800103d   Thumb Code     0  rt_memclr.o(.text)
    __rt_memclr                              0x0800103d   Thumb Code    68  rt_memclr.o(.text)
    _memset                                  0x08001041   Thumb Code     0  rt_memclr.o(.text)
    __lib_sel_fp_printf                      0x08001081   Thumb Code     2  _printf_fp_dec.o(.text)
    _printf_fp_dec_real                      0x08001233   Thumb Code   620  _printf_fp_dec.o(.text)
    _printf_fp_hex_real                      0x080014a1   Thumb Code   756  _printf_fp_hex.o(.text)
    _printf_lcs_common                       0x0800179d   Thumb Code    20  _printf_wchar.o(.text)
    _printf_wchar                            0x080017b1   Thumb Code    16  _printf_wchar.o(.text)
    _printf_wstring                          0x080017c1   Thumb Code     8  _printf_wchar.o(.text)
    ferror                                   0x080017c9   Thumb Code     8  ferror.o(.text)
    _wcrtomb                                 0x080017d1   Thumb Code    64  _wcrtomb.o(.text)
    __user_setup_stackheap                   0x08001811   Thumb Code    74  sys_stackheap_outer.o(.text)
    __rt_ctype_table                         0x0800185d   Thumb Code    16  rt_ctype_table.o(.text)
    __rt_locale                              0x0800186d   Thumb Code     8  rt_locale_intlibspace.o(.text)
    _printf_fp_infnan                        0x08001875   Thumb Code   112  _printf_fp_infnan.o(.text)
    _btod_etento                             0x080018f5   Thumb Code   224  bigflt0.o(.text)
    exit                                     0x080019d9   Thumb Code    18  exit.o(.text)
    __user_libspace                          0x080019ed   Thumb Code     8  libspace.o(.text)
    __user_perproc_libspace                  0x080019ed   Thumb Code     0  libspace.o(.text)
    __user_perthread_libspace                0x080019ed   Thumb Code     0  libspace.o(.text)
    _btod_d2e                                0x080019f5   Thumb Code    62  btod.o(CL$$btod_d2e)
    _d2e_denorm_low                          0x08001a33   Thumb Code    70  btod.o(CL$$btod_d2e_denorm_low)
    _d2e_norm_op1                            0x08001a79   Thumb Code    96  btod.o(CL$$btod_d2e_norm_op1)
    __btod_div_common                        0x08001ad9   Thumb Code   696  btod.o(CL$$btod_div_common)
    _e2e                                     0x08001e11   Thumb Code   220  btod.o(CL$$btod_e2e)
    _btod_ediv                               0x08001eed   Thumb Code    42  btod.o(CL$$btod_ediv)
    _btod_emul                               0x08001f17   Thumb Code    42  btod.o(CL$$btod_emul)
    __btod_mult_common                       0x08001f41   Thumb Code   580  btod.o(CL$$btod_mult_common)
    BusFault_Handler                         0x08002185   Thumb Code     2  stm32f4xx_it.o(i.BusFault_Handler)
    DWT_Delay100us                           0x08002187   Thumb Code     6  dwt.o(i.DWT_Delay100us)
    DWT_Delay_us                             0x0800218d   Thumb Code    28  dwt.o(i.DWT_Delay_us)
    DWT_Init                                 0x080021b5   Thumb Code    26  dwt.o(i.DWT_Init)
    DebugMon_Handler                         0x080021d9   Thumb Code     2  stm32f4xx_it.o(i.DebugMon_Handler)
    Error_Handler                            0x080021db   Thumb Code     4  main.o(i.Error_Handler)
    HAL_Delay                                0x080021e1   Thumb Code    32  stm32f4xx_hal.o(i.HAL_Delay)
    HAL_GPIO_Init                            0x08002205   Thumb Code   450  stm32f4xx_hal_gpio.o(i.HAL_GPIO_Init)
    HAL_GPIO_WritePin                        0x080023f5   Thumb Code    10  stm32f4xx_hal_gpio.o(i.HAL_GPIO_WritePin)
    HAL_GetTick                              0x08002401   Thumb Code     6  stm32f4xx_hal.o(i.HAL_GetTick)
    HAL_IncTick                              0x0800240d   Thumb Code    12  stm32f4xx_hal.o(i.HAL_IncTick)
    HAL_Init                                 0x0800241d   Thumb Code    48  stm32f4xx_hal.o(i.HAL_Init)
    HAL_InitTick                             0x08002451   Thumb Code   132  stm32f4xx_hal_timebase_tim.o(i.HAL_InitTick)
    HAL_MspInit                              0x080024e9   Thumb Code    42  stm32f4xx_hal_msp.o(i.HAL_MspInit)
    HAL_NVIC_EnableIRQ                       0x08002519   Thumb Code    26  stm32f4xx_hal_cortex.o(i.HAL_NVIC_EnableIRQ)
    HAL_NVIC_SetPriority                     0x08002535   Thumb Code    60  stm32f4xx_hal_cortex.o(i.HAL_NVIC_SetPriority)
    HAL_NVIC_SetPriorityGrouping             0x08002575   Thumb Code    26  stm32f4xx_hal_cortex.o(i.HAL_NVIC_SetPriorityGrouping)
    HAL_PWR_EnableBkUpAccess                 0x08002599   Thumb Code    16  stm32f4xx_hal_pwr.o(i.HAL_PWR_EnableBkUpAccess)
    HAL_RCCEx_PeriphCLKConfig                0x080025b1   Thumb Code   296  stm32f4xx_hal_rcc_ex.o(i.HAL_RCCEx_PeriphCLKConfig)
    HAL_RCC_ClockConfig                      0x080026ed   Thumb Code   288  stm32f4xx_hal_rcc.o(i.HAL_RCC_ClockConfig)
    HAL_RCC_GetClockConfig                   0x08002821   Thumb Code    54  stm32f4xx_hal_rcc.o(i.HAL_RCC_GetClockConfig)
    HAL_RCC_GetPCLK1Freq                     0x08002861   Thumb Code    20  stm32f4xx_hal_rcc.o(i.HAL_RCC_GetPCLK1Freq)
    HAL_RCC_GetPCLK2Freq                     0x08002881   Thumb Code    20  stm32f4xx_hal_rcc.o(i.HAL_RCC_GetPCLK2Freq)
    HAL_RCC_GetSysClockFreq                  0x080028a1   Thumb Code    88  stm32f4xx_hal_rcc.o(i.HAL_RCC_GetSysClockFreq)
    HAL_RCC_OscConfig                        0x08002901   Thumb Code   856  stm32f4xx_hal_rcc.o(i.HAL_RCC_OscConfig)
    HAL_RTCEx_BKUPRead                       0x08002c6d   Thumb Code    10  stm32f4xx_hal_rtc_ex.o(i.HAL_RTCEx_BKUPRead)
    HAL_RTCEx_BKUPWrite                      0x08002c77   Thumb Code    10  stm32f4xx_hal_rtc_ex.o(i.HAL_RTCEx_BKUPWrite)
    HAL_RTC_GetDate                          0x08002c81   Thumb Code    62  stm32f4xx_hal_rtc.o(i.HAL_RTC_GetDate)
    HAL_RTC_GetTime                          0x08002cc5   Thumb Code    78  stm32f4xx_hal_rtc.o(i.HAL_RTC_GetTime)
    HAL_RTC_Init                             0x08002d19   Thumb Code   150  stm32f4xx_hal_rtc.o(i.HAL_RTC_Init)
    HAL_RTC_MspInit                          0x08002db5   Thumb Code    48  rtc.o(i.HAL_RTC_MspInit)
    HAL_RTC_SetDate                          0x08002ded   Thumb Code   146  stm32f4xx_hal_rtc.o(i.HAL_RTC_SetDate)
    HAL_RTC_SetTime                          0x08002e85   Thumb Code   186  stm32f4xx_hal_rtc.o(i.HAL_RTC_SetTime)
    HAL_RTC_WaitForSynchro                   0x08002f45   Thumb Code    50  stm32f4xx_hal_rtc.o(i.HAL_RTC_WaitForSynchro)
    HAL_SPI_Init                             0x08002f7d   Thumb Code   188  stm32f4xx_hal_spi.o(i.HAL_SPI_Init)
    HAL_SPI_MspInit                          0x08003039   Thumb Code    92  spi.o(i.HAL_SPI_MspInit)
    HAL_SPI_Receive                          0x080030a1   Thumb Code   340  stm32f4xx_hal_spi.o(i.HAL_SPI_Receive)
    HAL_SPI_Transmit                         0x080031f5   Thumb Code   358  stm32f4xx_hal_spi.o(i.HAL_SPI_Transmit)
    HAL_SPI_TransmitReceive                  0x0800335b   Thumb Code   496  stm32f4xx_hal_spi.o(i.HAL_SPI_TransmitReceive)
    HAL_TIMEx_BreakCallback                  0x0800354b   Thumb Code     2  stm32f4xx_hal_tim_ex.o(i.HAL_TIMEx_BreakCallback)
    HAL_TIMEx_CommutCallback                 0x0800354d   Thumb Code     2  stm32f4xx_hal_tim_ex.o(i.HAL_TIMEx_CommutCallback)
    HAL_TIM_Base_Init                        0x0800354f   Thumb Code    90  stm32f4xx_hal_tim.o(i.HAL_TIM_Base_Init)
    HAL_TIM_Base_MspInit                     0x080035a9   Thumb Code     2  stm32f4xx_hal_tim.o(i.HAL_TIM_Base_MspInit)
    HAL_TIM_Base_Start_IT                    0x080035ad   Thumb Code   100  stm32f4xx_hal_tim.o(i.HAL_TIM_Base_Start_IT)
    HAL_TIM_IC_CaptureCallback               0x0800362d   Thumb Code     2  stm32f4xx_hal_tim.o(i.HAL_TIM_IC_CaptureCallback)
    HAL_TIM_IRQHandler                       0x0800362f   Thumb Code   304  stm32f4xx_hal_tim.o(i.HAL_TIM_IRQHandler)
    HAL_TIM_OC_DelayElapsedCallback          0x0800375f   Thumb Code     2  stm32f4xx_hal_tim.o(i.HAL_TIM_OC_DelayElapsedCallback)
    HAL_TIM_PWM_PulseFinishedCallback        0x08003761   Thumb Code     2  stm32f4xx_hal_tim.o(i.HAL_TIM_PWM_PulseFinishedCallback)
    HAL_TIM_PeriodElapsedCallback            0x08003765   Thumb Code    14  main.o(i.HAL_TIM_PeriodElapsedCallback)
    HAL_TIM_TriggerCallback                  0x08003779   Thumb Code     2  stm32f4xx_hal_tim.o(i.HAL_TIM_TriggerCallback)
    HAL_UART_Init                            0x0800377b   Thumb Code   100  stm32f4xx_hal_uart.o(i.HAL_UART_Init)
    HAL_UART_MspInit                         0x080037e1   Thumb Code    94  usart.o(i.HAL_UART_MspInit)
    HardFault_Handler                        0x0800384d   Thumb Code     2  stm32f4xx_it.o(i.HardFault_Handler)
    MX_GPIO_Init                             0x08003851   Thumb Code   172  gpio.o(i.MX_GPIO_Init)
    MX_RTC_Init                              0x08003909   Thumb Code   176  rtc.o(i.MX_RTC_Init)
    MX_SPI1_Init                             0x080039c5   Thumb Code    64  spi.o(i.MX_SPI1_Init)
    MX_USART1_UART_Init                      0x08003a0d   Thumb Code    48  usart.o(i.MX_USART1_UART_Init)
    MemManage_Handler                        0x08003a45   Thumb Code     2  stm32f4xx_it.o(i.MemManage_Handler)
    NMI_Handler                              0x08003a47   Thumb Code     2  stm32f4xx_it.o(i.NMI_Handler)
    PendSV_Handler                           0x08003a49   Thumb Code     2  stm32f4xx_it.o(i.PendSV_Handler)
    RTC_Bcd2ToByte                           0x08003a4b   Thumb Code    18  stm32f4xx_hal_rtc.o(i.RTC_Bcd2ToByte)
    RTC_ByteToBcd2                           0x08003a5d   Thumb Code    22  stm32f4xx_hal_rtc.o(i.RTC_ByteToBcd2)
    RTC_EnterInitMode                        0x08003a75   Thumb Code    72  stm32f4xx_hal_rtc.o(i.RTC_EnterInitMode)
    RTC_ExitInitMode                         0x08003abd   Thumb Code    42  stm32f4xx_hal_rtc.o(i.RTC_ExitInitMode)
    SVC_Handler                              0x08003c6d   Thumb Code     2  stm32f4xx_it.o(i.SVC_Handler)
    SysTick_Handler                          0x08003c6f   Thumb Code     2  stm32f4xx_it.o(i.SysTick_Handler)
    SystemClock_Config                       0x08003c71   Thumb Code   144  main.o(i.SystemClock_Config)
    SystemInit                               0x08003d09   Thumb Code    12  system_stm32f4xx.o(i.SystemInit)
    TIM6_DAC_IRQHandler                      0x08003d19   Thumb Code     6  stm32f4xx_it.o(i.TIM6_DAC_IRQHandler)
    TIM_Base_SetConfig                       0x08003d25   Thumb Code   164  stm32f4xx_hal_tim.o(i.TIM_Base_SetConfig)
    UsageFault_Handler                       0x08003f01   Thumb Code     2  stm32f4xx_it.o(i.UsageFault_Handler)
    __ARM_fpclassify                         0x08003f03   Thumb Code    48  fpclassify.o(i.__ARM_fpclassify)
    _fdb_continue_ff_addr                    0x08003f53   Thumb Code    96  fdb_utils.o(i._fdb_continue_ff_addr)
    _fdb_db_path                             0x08003fb3   Thumb Code    14  fdb.o(i._fdb_db_path)
    _fdb_flash_erase                         0x08003fc1   Thumb Code    28  fdb_utils.o(i._fdb_flash_erase)
    _fdb_flash_read                          0x08003fdd   Thumb Code    28  fdb_utils.o(i._fdb_flash_read)
    _fdb_flash_write                         0x08003ff9   Thumb Code    28  fdb_utils.o(i._fdb_flash_write)
    _fdb_get_status                          0x08004015   Thumb Code    40  fdb_utils.o(i._fdb_get_status)
    _fdb_init_ex                             0x0800403d   Thumb Code   314  fdb.o(i._fdb_init_ex)
    _fdb_init_finish                         0x08004295   Thumb Code   112  fdb.o(i._fdb_init_finish)
    _fdb_read_status                         0x08004481   Thumb Code    54  fdb_utils.o(i._fdb_read_status)
    _fdb_set_status                          0x08004505   Thumb Code    44  fdb_utils.o(i._fdb_set_status)
    _fdb_write_status                        0x08004531   Thumb Code    98  fdb_utils.o(i._fdb_write_status)
    _is_digit                                0x080045fd   Thumb Code    14  __printf_wp.o(i._is_digit)
    _sys_exit                                0x0800460b   Thumb Code     2  usart.o(i._sys_exit)
    fal_flash_device_find                    0x080053cd   Thumb Code    58  fal_flash.o(i.fal_flash_device_find)
    fal_flash_init                           0x08005441   Thumb Code   138  fal_flash.o(i.fal_flash_init)
    fal_init                                 0x08005565   Thumb Code    74  fal.o(i.fal_init)
    fal_partition_erase                      0x08005661   Thumb Code   150  fal_partition.o(i.fal_partition_erase)
    fal_partition_find                       0x080057bd   Thumb Code    62  fal_partition.o(i.fal_partition_find)
    fal_partition_init                       0x0800582d   Thumb Code    36  fal_partition.o(i.fal_partition_init)
    fal_partition_read                       0x08005859   Thumb Code   172  fal_partition.o(i.fal_partition_read)
    fal_partition_write                      0x080059c9   Thumb Code   172  fal_partition.o(i.fal_partition_write)
    fal_show_part_table                      0x08005b3d   Thumb Code   246  fal_partition.o(i.fal_show_part_table)
    fdb_blob_make                            0x08005d81   Thumb Code     6  fdb_utils.o(i.fdb_blob_make)
    fdb_blob_read                            0x08005d87   Thumb Code    34  fdb_utils.o(i.fdb_blob_read)
    fdb_calc_crc32                           0x08005da9   Thumb Code    32  fdb_utils.o(i.fdb_calc_crc32)
    fdb_kv_del                               0x08005de9   Thumb Code    78  fdb_kvdb.o(i.fdb_kv_del)
    fdb_kv_get                               0x08005e7d   Thumb Code   124  fdb_kvdb.o(i.fdb_kv_get)
    fdb_kv_get_blob                          0x08005f59   Thumb Code   140  fdb_kvdb.o(i.fdb_kv_get_blob)
    fdb_kv_set                               0x08006029   Thumb Code    48  fdb_kvdb.o(i.fdb_kv_set)
    fdb_kv_set_blob                          0x08006059   Thumb Code    80  fdb_kvdb.o(i.fdb_kv_set_blob)
    fdb_kv_set_default                       0x080060ed   Thumb Code   154  fdb_kvdb.o(i.fdb_kv_set_default)
    fdb_kvdb_control                         0x08006189   Thumb Code   194  fdb_kvdb.o(i.fdb_kvdb_control)
    fdb_kvdb_init                            0x080062b1   Thumb Code   318  fdb_kvdb.o(i.fdb_kvdb_init)
    fdb_tsdb_control                         0x08006499   Thumb Code   260  fdb_tsdb.o(i.fdb_tsdb_control)
    fdb_tsdb_init                            0x0800661d   Thumb Code   384  fdb_tsdb.o(i.fdb_tsdb_init)
    fdb_tsl_append                           0x08006839   Thumb Code    76  fdb_tsdb.o(i.fdb_tsl_append)
    fdb_tsl_iter                             0x080068c9   Thumb Code   176  fdb_tsdb.o(i.fdb_tsl_iter)
    fdb_tsl_iter_by_time                     0x080069bd   Thumb Code   402  fdb_tsdb.o(i.fdb_tsl_iter_by_time)
    fdb_tsl_query_count                      0x08006ba5   Thumb Code    82  fdb_tsdb.o(i.fdb_tsl_query_count)
    fdb_tsl_set_status                       0x08006c41   Thumb Code    20  fdb_tsdb.o(i.fdb_tsl_set_status)
    fdb_tsl_to_blob                          0x08006c55   Thumb Code    16  fdb_tsdb.o(i.fdb_tsl_to_blob)
    flashdb_app_Start                        0x08006e55   Thumb Code   136  flashdb_app.o(i.flashdb_app_Start)
    fputc                                    0x080070f5   Thumb Code    14  usart.o(i.fputc)
    main                                     0x08007cbd   Thumb Code   166  main.o(i.main)
    sfud_chip_erase                          0x08009a15   Thumb Code   174  sfud.o(i.sfud_chip_erase)
    sfud_device_init                         0x08009b49   Thumb Code    66  sfud.o(i.sfud_device_init)
    sfud_erase                               0x08009c2d   Thumb Code   330  sfud.o(i.sfud_erase)
    sfud_log_debug                           0x08009e21   Thumb Code    44  sfud_port.o(i.sfud_log_debug)
    sfud_log_info                            0x08009e65   Thumb Code    40  sfud_port.o(i.sfud_log_info)
    sfud_read                                0x08009e9d   Thumb Code   184  sfud.o(i.sfud_read)
    sfud_read_sfdp                           0x08009fd9   Thumb Code    62  sfud_sfdp.o(i.sfud_read_sfdp)
    sfud_read_status                         0x0800a065   Thumb Code    66  sfud.o(i.sfud_read_status)
    sfud_sfdp_get_suitable_eraser            0x0800a0f5   Thumb Code    86  sfud_sfdp.o(i.sfud_sfdp_get_suitable_eraser)
    sfud_spi_port_init                       0x0800a1a5   Thumb Code    34  sfud_port.o(i.sfud_spi_port_init)
    sfud_write                               0x0800a1e1   Thumb Code    42  sfud.o(i.sfud_write)
    sfud_write_status                        0x0800a20d   Thumb Code   108  sfud.o(i.sfud_write_status)
    spi_flash_init                           0x0800a2e5   Thumb Code    18  flashdb_app.o(i.spi_flash_init)
    _get_lc_numeric                          0x0800ad21   Thumb Code    44  lc_numeric_c.o(locale$$code)
    _get_lc_ctype                            0x0800ad4d   Thumb Code    44  lc_ctype_c.o(locale$$code)
    _fp_init                                 0x0800ad79   Thumb Code    10  fpinit.o(x$fpl$fpinit)
    __fplib_config_fpu_vfp                   0x0800ad81   Thumb Code     0  fpinit.o(x$fpl$fpinit)
    __fplib_config_pureend_doubles           0x0800ad81   Thumb Code     0  fpinit.o(x$fpl$fpinit)
    _printf_fp_dec                           0x0800ad83   Thumb Code     4  printf1.o(x$fpl$printf1)
    _printf_fp_hex                           0x0800ad87   Thumb Code     4  printf2.o(x$fpl$printf2)
    AHBPrescTable                            0x0800ad8a   Data          16  system_stm32f4xx.o(.constdata)
    __I$use$fp                               0x0800ad8a   Number         0  usenofp.o(x$fpl$usenofp)
    APBPrescTable                            0x0800ad9a   Data           8  system_stm32f4xx.o(.constdata)
    _monlen                                  0x0800b974   Data          12  _monlen.o(.constdata)
    Region$$Table$$Base                      0x0800c6ac   Number         0  anon$$obj.o(Region$$Table)
    Region$$Table$$Limit                     0x0800c6cc   Number         0  anon$$obj.o(Region$$Table)
    __ctype                                  0x0800c6f5   Data           0  lc_ctype_c.o(locale$$data)
    __stdout                                 0x20000004   Data           4  usart.o(.data)
    uwTickFreq                               0x20000008   Data           1  stm32f4xx_hal.o(.data)
    uwTickPrio                               0x2000000c   Data           4  stm32f4xx_hal.o(.data)
    uwTick                                   0x20000010   Data           4  stm32f4xx_hal.o(.data)
    SystemCoreClock                          0x20000014   Data           4  system_stm32f4xx.o(.data)
    nor_flash0                               0x2000002c   Data          56  fal_flash_sfud_port.o(.data)
    sfud_norflash0                           0x200000e8   Data         116  flashdb_app.o(.data)
    hrtc                                     0x20000174   Data          32  rtc.o(.bss)
    hspi1                                    0x20000194   Data          88  spi.o(.bss)
    huart1                                   0x200001ec   Data          72  usart.o(.bss)
    htim6                                    0x20000234   Data          72  stm32f4xx_hal_timebase_tim.o(.bss)
    tsdb                                     0x200007f8   Data         120  flashdb_app.o(.bss)
    __libspace_start                         0x200008f4   Data          96  libspace.o(.bss)
    __temporary_stack_top$libspace           0x20000954   Data           0  libspace.o(.bss)



==============================================================================

Memory Map of the image

  Image Entry point : 0x08000189

  Load Region LR_IROM1 (Base: 0x08000000, Size: 0x0000c958, Max: 0x00100000, ABSOLUTE, COMPRESSED[0x0000c86c])

    Execution Region ER_IROM1 (Exec base: 0x08000000, Load base: 0x08000000, Size: 0x0000c7f8, Max: 0x00100000, ABSOLUTE)

    Exec Addr    Load Addr    Size         Type   Attr      Idx    E Section Name        Object

    0x08000000   0x08000000   0x00000188   Data   RO            3    RESET               startup_stm32f407xx.o
    0x08000188   0x08000188   0x00000008   Code   RO         5060  * !!!main             c_w.l(__main.o)
    0x08000190   0x08000190   0x00000034   Code   RO         5340    !!!scatter          c_w.l(__scatter.o)
    0x080001c4   0x080001c4   0x0000005a   Code   RO         5338    !!dczerorl2         c_w.l(__dczerorl2.o)
    0x0800021e   0x0800021e   0x00000002   PAD
    0x08000220   0x08000220   0x0000001c   Code   RO         5342    !!handler_zi        c_w.l(__scatter_zi.o)
    0x0800023c   0x0800023c   0x00000000   Code   RO         5038    .ARM.Collect$$_printf_percent$$00000000  c_w.l(_printf_percent.o)
    0x0800023c   0x0800023c   0x00000006   Code   RO         5097    .ARM.Collect$$_printf_percent$$00000001  c_w.l(_printf_n.o)
    0x08000242   0x08000242   0x00000006   Code   RO         5098    .ARM.Collect$$_printf_percent$$00000002  c_w.l(_printf_p.o)
    0x08000248   0x08000248   0x00000006   Code   RO         5101    .ARM.Collect$$_printf_percent$$00000003  c_w.l(_printf_f.o)
    0x0800024e   0x0800024e   0x00000006   Code   RO         5102    .ARM.Collect$$_printf_percent$$00000004  c_w.l(_printf_e.o)
    0x08000254   0x08000254   0x00000006   Code   RO         5103    .ARM.Collect$$_printf_percent$$00000005  c_w.l(_printf_g.o)
    0x0800025a   0x0800025a   0x00000006   Code   RO         5104    .ARM.Collect$$_printf_percent$$00000006  c_w.l(_printf_a.o)
    0x08000260   0x08000260   0x0000000a   Code   RO         5108    .ARM.Collect$$_printf_percent$$00000007  c_w.l(_printf_ll.o)
    0x0800026a   0x0800026a   0x00000006   Code   RO         5100    .ARM.Collect$$_printf_percent$$00000008  c_w.l(_printf_i.o)
    0x08000270   0x08000270   0x00000006   Code   RO         5036    .ARM.Collect$$_printf_percent$$00000009  c_w.l(_printf_d.o)
    0x08000276   0x08000276   0x00000006   Code   RO         5037    .ARM.Collect$$_printf_percent$$0000000A  c_w.l(_printf_u.o)
    0x0800027c   0x0800027c   0x00000006   Code   RO         5099    .ARM.Collect$$_printf_percent$$0000000B  c_w.l(_printf_o.o)
    0x08000282   0x08000282   0x00000006   Code   RO         5035    .ARM.Collect$$_printf_percent$$0000000C  c_w.l(_printf_x.o)
    0x08000288   0x08000288   0x00000006   Code   RO         5106    .ARM.Collect$$_printf_percent$$0000000D  c_w.l(_printf_lli.o)
    0x0800028e   0x0800028e   0x00000006   Code   RO         5039    .ARM.Collect$$_printf_percent$$0000000E  c_w.l(_printf_lld.o)
    0x08000294   0x08000294   0x00000006   Code   RO         5107    .ARM.Collect$$_printf_percent$$0000000F  c_w.l(_printf_llu.o)
    0x0800029a   0x0800029a   0x00000006   Code   RO         5112    .ARM.Collect$$_printf_percent$$00000010  c_w.l(_printf_llo.o)
    0x080002a0   0x080002a0   0x00000006   Code   RO         5113    .ARM.Collect$$_printf_percent$$00000011  c_w.l(_printf_llx.o)
    0x080002a6   0x080002a6   0x0000000a   Code   RO         5109    .ARM.Collect$$_printf_percent$$00000012  c_w.l(_printf_l.o)
    0x080002b0   0x080002b0   0x00000006   Code   RO         5096    .ARM.Collect$$_printf_percent$$00000013  c_w.l(_printf_c.o)
    0x080002b6   0x080002b6   0x00000006   Code   RO         5034    .ARM.Collect$$_printf_percent$$00000014  c_w.l(_printf_s.o)
    0x080002bc   0x080002bc   0x00000006   Code   RO         5110    .ARM.Collect$$_printf_percent$$00000015  c_w.l(_printf_lc.o)
    0x080002c2   0x080002c2   0x00000006   Code   RO         5111    .ARM.Collect$$_printf_percent$$00000016  c_w.l(_printf_ls.o)
    0x080002c8   0x080002c8   0x00000004   Code   RO         5105    .ARM.Collect$$_printf_percent$$00000017  c_w.l(_printf_percent_end.o)
    0x080002cc   0x080002cc   0x00000002   Code   RO         5207    .ARM.Collect$$libinit$$00000000  c_w.l(libinit.o)
    0x080002ce   0x080002ce   0x00000004   Code   RO         5227    .ARM.Collect$$libinit$$00000001  c_w.l(libinit2.o)
    0x080002d2   0x080002d2   0x00000000   Code   RO         5230    .ARM.Collect$$libinit$$00000004  c_w.l(libinit2.o)
    0x080002d2   0x080002d2   0x00000000   Code   RO         5233    .ARM.Collect$$libinit$$0000000A  c_w.l(libinit2.o)
    0x080002d2   0x080002d2   0x00000000   Code   RO         5235    .ARM.Collect$$libinit$$0000000C  c_w.l(libinit2.o)
    0x080002d2   0x080002d2   0x00000000   Code   RO         5237    .ARM.Collect$$libinit$$0000000E  c_w.l(libinit2.o)
    0x080002d2   0x080002d2   0x00000006   Code   RO         5238    .ARM.Collect$$libinit$$0000000F  c_w.l(libinit2.o)
    0x080002d8   0x080002d8   0x00000000   Code   RO         5240    .ARM.Collect$$libinit$$00000011  c_w.l(libinit2.o)
    0x080002d8   0x080002d8   0x0000000c   Code   RO         5241    .ARM.Collect$$libinit$$00000012  c_w.l(libinit2.o)
    0x080002e4   0x080002e4   0x00000000   Code   RO         5242    .ARM.Collect$$libinit$$00000013  c_w.l(libinit2.o)
    0x080002e4   0x080002e4   0x00000000   Code   RO         5244    .ARM.Collect$$libinit$$00000015  c_w.l(libinit2.o)
    0x080002e4   0x080002e4   0x0000000a   Code   RO         5245    .ARM.Collect$$libinit$$00000016  c_w.l(libinit2.o)
    0x080002ee   0x080002ee   0x00000000   Code   RO         5246    .ARM.Collect$$libinit$$00000017  c_w.l(libinit2.o)
    0x080002ee   0x080002ee   0x00000000   Code   RO         5248    .ARM.Collect$$libinit$$00000019  c_w.l(libinit2.o)
    0x080002ee   0x080002ee   0x00000000   Code   RO         5250    .ARM.Collect$$libinit$$0000001B  c_w.l(libinit2.o)
    0x080002ee   0x080002ee   0x00000000   Code   RO         5252    .ARM.Collect$$libinit$$0000001D  c_w.l(libinit2.o)
    0x080002ee   0x080002ee   0x00000000   Code   RO         5254    .ARM.Collect$$libinit$$0000001F  c_w.l(libinit2.o)
    0x080002ee   0x080002ee   0x00000000   Code   RO         5256    .ARM.Collect$$libinit$$00000021  c_w.l(libinit2.o)
    0x080002ee   0x080002ee   0x00000000   Code   RO         5258    .ARM.Collect$$libinit$$00000023  c_w.l(libinit2.o)
    0x080002ee   0x080002ee   0x00000000   Code   RO         5260    .ARM.Collect$$libinit$$00000025  c_w.l(libinit2.o)
    0x080002ee   0x080002ee   0x00000000   Code   RO         5264    .ARM.Collect$$libinit$$0000002C  c_w.l(libinit2.o)
    0x080002ee   0x080002ee   0x00000000   Code   RO         5266    .ARM.Collect$$libinit$$0000002E  c_w.l(libinit2.o)
    0x080002ee   0x080002ee   0x00000000   Code   RO         5268    .ARM.Collect$$libinit$$00000030  c_w.l(libinit2.o)
    0x080002ee   0x080002ee   0x00000000   Code   RO         5270    .ARM.Collect$$libinit$$00000032  c_w.l(libinit2.o)
    0x080002ee   0x080002ee   0x00000002   Code   RO         5271    .ARM.Collect$$libinit$$00000033  c_w.l(libinit2.o)
    0x080002f0   0x080002f0   0x00000002   Code   RO         5295    .ARM.Collect$$libshutdown$$00000000  c_w.l(libshutdown.o)
    0x080002f2   0x080002f2   0x00000000   Code   RO         5319    .ARM.Collect$$libshutdown$$00000002  c_w.l(libshutdown2.o)
    0x080002f2   0x080002f2   0x00000000   Code   RO         5321    .ARM.Collect$$libshutdown$$00000004  c_w.l(libshutdown2.o)
    0x080002f2   0x080002f2   0x00000000   Code   RO         5323    .ARM.Collect$$libshutdown$$00000006  c_w.l(libshutdown2.o)
    0x080002f2   0x080002f2   0x00000000   Code   RO         5326    .ARM.Collect$$libshutdown$$00000009  c_w.l(libshutdown2.o)
    0x080002f2   0x080002f2   0x00000000   Code   RO         5329    .ARM.Collect$$libshutdown$$0000000C  c_w.l(libshutdown2.o)
    0x080002f2   0x080002f2   0x00000000   Code   RO         5331    .ARM.Collect$$libshutdown$$0000000E  c_w.l(libshutdown2.o)
    0x080002f2   0x080002f2   0x00000000   Code   RO         5334    .ARM.Collect$$libshutdown$$00000011  c_w.l(libshutdown2.o)
    0x080002f2   0x080002f2   0x00000002   Code   RO         5335    .ARM.Collect$$libshutdown$$00000012  c_w.l(libshutdown2.o)
    0x080002f4   0x080002f4   0x00000000   Code   RO         5064    .ARM.Collect$$rtentry$$00000000  c_w.l(__rtentry.o)
    0x080002f4   0x080002f4   0x00000000   Code   RO         5126    .ARM.Collect$$rtentry$$00000002  c_w.l(__rtentry2.o)
    0x080002f4   0x080002f4   0x00000006   Code   RO         5138    .ARM.Collect$$rtentry$$00000004  c_w.l(__rtentry4.o)
    0x080002fa   0x080002fa   0x00000000   Code   RO         5128    .ARM.Collect$$rtentry$$00000009  c_w.l(__rtentry2.o)
    0x080002fa   0x080002fa   0x00000004   Code   RO         5129    .ARM.Collect$$rtentry$$0000000A  c_w.l(__rtentry2.o)
    0x080002fe   0x080002fe   0x00000000   Code   RO         5131    .ARM.Collect$$rtentry$$0000000C  c_w.l(__rtentry2.o)
    0x080002fe   0x080002fe   0x00000008   Code   RO         5132    .ARM.Collect$$rtentry$$0000000D  c_w.l(__rtentry2.o)
    0x08000306   0x08000306   0x00000002   Code   RO         5216    .ARM.Collect$$rtexit$$00000000  c_w.l(rtexit.o)
    0x08000308   0x08000308   0x00000000   Code   RO         5273    .ARM.Collect$$rtexit$$00000002  c_w.l(rtexit2.o)
    0x08000308   0x08000308   0x00000004   Code   RO         5274    .ARM.Collect$$rtexit$$00000003  c_w.l(rtexit2.o)
    0x0800030c   0x0800030c   0x00000006   Code   RO         5275    .ARM.Collect$$rtexit$$00000004  c_w.l(rtexit2.o)
    0x08000312   0x08000312   0x00000002   PAD
    0x08000314   0x08000314   0x00000040   Code   RO            4    .text               startup_stm32f407xx.o
    0x08000354   0x08000354   0x00000002   Code   RO         4973    .text               c_w.l(use_no_semi_2.o)
    0x08000356   0x08000356   0x000000ee   Code   RO         4975    .text               c_w.l(lludivv7m.o)
    0x08000444   0x08000444   0x00000034   Code   RO         4977    .text               c_w.l(vsnprintf.o)
    0x08000478   0x08000478   0x00000018   Code   RO         4979    .text               c_w.l(__2printf.o)
    0x08000490   0x08000490   0x0000004e   Code   RO         4985    .text               c_w.l(_printf_pad.o)
    0x080004de   0x080004de   0x00000052   Code   RO         4987    .text               c_w.l(_printf_str.o)
    0x08000530   0x08000530   0x00000078   Code   RO         4989    .text               c_w.l(_printf_dec.o)
    0x080005a8   0x080005a8   0x0000007c   Code   RO         4991    .text               c_w.l(_printf_longlong_dec.o)
    0x08000624   0x08000624   0x00000094   Code   RO         5011    .text               c_w.l(_printf_hex_int_ll_ptr.o)
    0x080006b8   0x080006b8   0x00000188   Code   RO         5031    .text               c_w.l(__printf_flags_ss_wp.o)
    0x08000840   0x08000840   0x0000003e   Code   RO         5040    .text               c_w.l(strlen.o)
    0x0800087e   0x0800087e   0x00000096   Code   RO         5042    .text               c_w.l(strncmp.o)
    0x08000914   0x08000914   0x0000008a   Code   RO         5044    .text               c_w.l(rt_memcpy_v6.o)
    0x0800099e   0x0800099e   0x00000064   Code   RO         5046    .text               c_w.l(rt_memcpy_w.o)
    0x08000a02   0x08000a02   0x00000010   Code   RO         5048    .text               c_w.l(aeabi_memset.o)
    0x08000a12   0x08000a12   0x0000004e   Code   RO         5050    .text               c_w.l(rt_memclr_w.o)
    0x08000a60   0x08000a60   0x00000056   Code   RO         5052    .text               c_w.l(strncpy.o)
    0x08000ab6   0x08000ab6   0x00000002   PAD
    0x08000ab8   0x08000ab8   0x00000080   Code   RO         5054    .text               c_w.l(strcmpv7m.o)
    0x08000b38   0x08000b38   0x000001ac   Code   RO         5056    .text               c_w.l(mktime.o)
    0x08000ce4   0x08000ce4   0x00000006   Code   RO         5058    .text               c_w.l(heapauxi.o)
    0x08000cea   0x08000cea   0x00000002   Code   RO         5062    .text               c_w.l(use_no_semi.o)
    0x08000cec   0x08000cec   0x0000008a   Code   RO         5069    .text               c_w.l(lludiv10.o)
    0x08000d76   0x08000d76   0x00000024   Code   RO         5071    .text               c_w.l(_printf_truncate.o)
    0x08000d9a   0x08000d9a   0x000000b2   Code   RO         5073    .text               c_w.l(_printf_intcommon.o)
    0x08000e4c   0x08000e4c   0x00000028   Code   RO         5075    .text               c_w.l(_printf_charcount.o)
    0x08000e74   0x08000e74   0x00000030   Code   RO         5077    .text               c_w.l(_printf_char_common.o)
    0x08000ea4   0x08000ea4   0x0000000a   Code   RO         5079    .text               c_w.l(_sputc.o)
    0x08000eae   0x08000eae   0x00000010   Code   RO         5081    .text               c_w.l(_snputc.o)
    0x08000ebe   0x08000ebe   0x0000002c   Code   RO         5083    .text               c_w.l(_printf_char.o)
    0x08000eea   0x08000eea   0x00000002   PAD
    0x08000eec   0x08000eec   0x00000024   Code   RO         5085    .text               c_w.l(_printf_char_file.o)
    0x08000f10   0x08000f10   0x000000bc   Code   RO         5087    .text               c_w.l(_printf_wctomb.o)
    0x08000fcc   0x08000fcc   0x00000070   Code   RO         5094    .text               c_w.l(_printf_oct_int_ll.o)
    0x0800103c   0x0800103c   0x00000044   Code   RO         5114    .text               c_w.l(rt_memclr.o)
    0x08001080   0x08001080   0x0000041e   Code   RO         5142    .text               c_w.l(_printf_fp_dec.o)
    0x0800149e   0x0800149e   0x00000002   PAD
    0x080014a0   0x080014a0   0x000002fc   Code   RO         5144    .text               c_w.l(_printf_fp_hex.o)
    0x0800179c   0x0800179c   0x0000002c   Code   RO         5149    .text               c_w.l(_printf_wchar.o)
    0x080017c8   0x080017c8   0x00000008   Code   RO         5151    .text               c_w.l(ferror.o)
    0x080017d0   0x080017d0   0x00000040   Code   RO         5155    .text               c_w.l(_wcrtomb.o)
    0x08001810   0x08001810   0x0000004a   Code   RO         5157    .text               c_w.l(sys_stackheap_outer.o)
    0x0800185a   0x0800185a   0x00000002   PAD
    0x0800185c   0x0800185c   0x00000010   Code   RO         5159    .text               c_w.l(rt_ctype_table.o)
    0x0800186c   0x0800186c   0x00000008   Code   RO         5164    .text               c_w.l(rt_locale_intlibspace.o)
    0x08001874   0x08001874   0x00000080   Code   RO         5166    .text               c_w.l(_printf_fp_infnan.o)
    0x080018f4   0x080018f4   0x000000e4   Code   RO         5168    .text               c_w.l(bigflt0.o)
    0x080019d8   0x080019d8   0x00000012   Code   RO         5196    .text               c_w.l(exit.o)
    0x080019ea   0x080019ea   0x00000002   PAD
    0x080019ec   0x080019ec   0x00000008   Code   RO         5213    .text               c_w.l(libspace.o)
    0x080019f4   0x080019f4   0x0000003e   Code   RO         5171    CL$$btod_d2e        c_w.l(btod.o)
    0x08001a32   0x08001a32   0x00000046   Code   RO         5173    CL$$btod_d2e_denorm_low  c_w.l(btod.o)
    0x08001a78   0x08001a78   0x00000060   Code   RO         5172    CL$$btod_d2e_norm_op1  c_w.l(btod.o)
    0x08001ad8   0x08001ad8   0x00000338   Code   RO         5181    CL$$btod_div_common  c_w.l(btod.o)
    0x08001e10   0x08001e10   0x000000dc   Code   RO         5178    CL$$btod_e2e        c_w.l(btod.o)
    0x08001eec   0x08001eec   0x0000002a   Code   RO         5175    CL$$btod_ediv       c_w.l(btod.o)
    0x08001f16   0x08001f16   0x0000002a   Code   RO         5174    CL$$btod_emul       c_w.l(btod.o)
    0x08001f40   0x08001f40   0x00000244   Code   RO         5180    CL$$btod_mult_common  c_w.l(btod.o)
    0x08002184   0x08002184   0x00000002   Code   RO          389    i.BusFault_Handler  stm32f4xx_it.o
    0x08002186   0x08002186   0x00000006   Code   RO         4938    i.DWT_Delay100us    dwt.o
    0x0800218c   0x0800218c   0x00000028   Code   RO         4939    i.DWT_Delay_us      dwt.o
    0x080021b4   0x080021b4   0x00000024   Code   RO         4940    i.DWT_Init          dwt.o
    0x080021d8   0x080021d8   0x00000002   Code   RO          390    i.DebugMon_Handler  stm32f4xx_it.o
    0x080021da   0x080021da   0x00000004   Code   RO           13    i.Error_Handler     main.o
    0x080021de   0x080021de   0x00000002   PAD
    0x080021e0   0x080021e0   0x00000024   Code   RO         2806    i.HAL_Delay         stm32f4xx_hal.o
    0x08002204   0x08002204   0x000001f0   Code   RO         2262    i.HAL_GPIO_Init     stm32f4xx_hal_gpio.o
    0x080023f4   0x080023f4   0x0000000a   Code   RO         2266    i.HAL_GPIO_WritePin  stm32f4xx_hal_gpio.o
    0x080023fe   0x080023fe   0x00000002   PAD
    0x08002400   0x08002400   0x0000000c   Code   RO         2812    i.HAL_GetTick       stm32f4xx_hal.o
    0x0800240c   0x0800240c   0x00000010   Code   RO         2818    i.HAL_IncTick       stm32f4xx_hal.o
    0x0800241c   0x0800241c   0x00000034   Code   RO         2819    i.HAL_Init          stm32f4xx_hal.o
    0x08002450   0x08002450   0x00000098   Code   RO          495    i.HAL_InitTick      stm32f4xx_hal_timebase_tim.o
    0x080024e8   0x080024e8   0x00000030   Code   RO          471    i.HAL_MspInit       stm32f4xx_hal_msp.o
    0x08002518   0x08002518   0x0000001a   Code   RO         2654    i.HAL_NVIC_EnableIRQ  stm32f4xx_hal_cortex.o
    0x08002532   0x08002532   0x00000002   PAD
    0x08002534   0x08002534   0x00000040   Code   RO         2660    i.HAL_NVIC_SetPriority  stm32f4xx_hal_cortex.o
    0x08002574   0x08002574   0x00000024   Code   RO         2661    i.HAL_NVIC_SetPriorityGrouping  stm32f4xx_hal_cortex.o
    0x08002598   0x08002598   0x00000018   Code   RO         2479    i.HAL_PWR_EnableBkUpAccess  stm32f4xx_hal_pwr.o
    0x080025b0   0x080025b0   0x0000013c   Code   RO         2013    i.HAL_RCCEx_PeriphCLKConfig  stm32f4xx_hal_rcc_ex.o
    0x080026ec   0x080026ec   0x00000134   Code   RO         1908    i.HAL_RCC_ClockConfig  stm32f4xx_hal_rcc.o
    0x08002820   0x08002820   0x00000040   Code   RO         1912    i.HAL_RCC_GetClockConfig  stm32f4xx_hal_rcc.o
    0x08002860   0x08002860   0x00000020   Code   RO         1915    i.HAL_RCC_GetPCLK1Freq  stm32f4xx_hal_rcc.o
    0x08002880   0x08002880   0x00000020   Code   RO         1916    i.HAL_RCC_GetPCLK2Freq  stm32f4xx_hal_rcc.o
    0x080028a0   0x080028a0   0x00000060   Code   RO         1917    i.HAL_RCC_GetSysClockFreq  stm32f4xx_hal_rcc.o
    0x08002900   0x08002900   0x0000036c   Code   RO         1920    i.HAL_RCC_OscConfig  stm32f4xx_hal_rcc.o
    0x08002c6c   0x08002c6c   0x0000000a   Code   RO         1680    i.HAL_RTCEx_BKUPRead  stm32f4xx_hal_rtc_ex.o
    0x08002c76   0x08002c76   0x0000000a   Code   RO         1681    i.HAL_RTCEx_BKUPWrite  stm32f4xx_hal_rtc_ex.o
    0x08002c80   0x08002c80   0x00000044   Code   RO         1517    i.HAL_RTC_GetDate   stm32f4xx_hal_rtc.o
    0x08002cc4   0x08002cc4   0x00000054   Code   RO         1519    i.HAL_RTC_GetTime   stm32f4xx_hal_rtc.o
    0x08002d18   0x08002d18   0x0000009c   Code   RO         1520    i.HAL_RTC_Init      stm32f4xx_hal_rtc.o
    0x08002db4   0x08002db4   0x00000038   Code   RO          235    i.HAL_RTC_MspInit   rtc.o
    0x08002dec   0x08002dec   0x00000098   Code   RO         1526    i.HAL_RTC_SetDate   stm32f4xx_hal_rtc.o
    0x08002e84   0x08002e84   0x000000c0   Code   RO         1527    i.HAL_RTC_SetTime   stm32f4xx_hal_rtc.o
    0x08002f44   0x08002f44   0x00000038   Code   RO         1528    i.HAL_RTC_WaitForSynchro  stm32f4xx_hal_rtc.o
    0x08002f7c   0x08002f7c   0x000000bc   Code   RO         3068    i.HAL_SPI_Init      stm32f4xx_hal_spi.o
    0x08003038   0x08003038   0x00000068   Code   RO          277    i.HAL_SPI_MspInit   spi.o
    0x080030a0   0x080030a0   0x00000154   Code   RO         3071    i.HAL_SPI_Receive   stm32f4xx_hal_spi.o
    0x080031f4   0x080031f4   0x00000166   Code   RO         3076    i.HAL_SPI_Transmit  stm32f4xx_hal_spi.o
    0x0800335a   0x0800335a   0x000001f0   Code   RO         3077    i.HAL_SPI_TransmitReceive  stm32f4xx_hal_spi.o
    0x0800354a   0x0800354a   0x00000002   Code   RO         1240    i.HAL_TIMEx_BreakCallback  stm32f4xx_hal_tim_ex.o
    0x0800354c   0x0800354c   0x00000002   Code   RO         1241    i.HAL_TIMEx_CommutCallback  stm32f4xx_hal_tim_ex.o
    0x0800354e   0x0800354e   0x0000005a   Code   RO          536    i.HAL_TIM_Base_Init  stm32f4xx_hal_tim.o
    0x080035a8   0x080035a8   0x00000002   Code   RO          538    i.HAL_TIM_Base_MspInit  stm32f4xx_hal_tim.o
    0x080035aa   0x080035aa   0x00000002   PAD
    0x080035ac   0x080035ac   0x00000080   Code   RO          541    i.HAL_TIM_Base_Start_IT  stm32f4xx_hal_tim.o
    0x0800362c   0x0800362c   0x00000002   Code   RO          570    i.HAL_TIM_IC_CaptureCallback  stm32f4xx_hal_tim.o
    0x0800362e   0x0800362e   0x00000130   Code   RO          584    i.HAL_TIM_IRQHandler  stm32f4xx_hal_tim.o
    0x0800375e   0x0800375e   0x00000002   Code   RO          587    i.HAL_TIM_OC_DelayElapsedCallback  stm32f4xx_hal_tim.o
    0x08003760   0x08003760   0x00000002   Code   RO          614    i.HAL_TIM_PWM_PulseFinishedCallback  stm32f4xx_hal_tim.o
    0x08003762   0x08003762   0x00000002   PAD
    0x08003764   0x08003764   0x00000014   Code   RO           14    i.HAL_TIM_PeriodElapsedCallback  main.o
    0x08003778   0x08003778   0x00000002   Code   RO          627    i.HAL_TIM_TriggerCallback  stm32f4xx_hal_tim.o
    0x0800377a   0x0800377a   0x00000064   Code   RO         3409    i.HAL_UART_Init     stm32f4xx_hal_uart.o
    0x080037de   0x080037de   0x00000002   PAD
    0x080037e0   0x080037e0   0x0000006c   Code   RO          319    i.HAL_UART_MspInit  usart.o
    0x0800384c   0x0800384c   0x00000002   Code   RO          391    i.HardFault_Handler  stm32f4xx_it.o
    0x0800384e   0x0800384e   0x00000002   PAD
    0x08003850   0x08003850   0x000000b8   Code   RO          210    i.MX_GPIO_Init      gpio.o
    0x08003908   0x08003908   0x000000bc   Code   RO          236    i.MX_RTC_Init       rtc.o
    0x080039c4   0x080039c4   0x00000048   Code   RO          278    i.MX_SPI1_Init      spi.o
    0x08003a0c   0x08003a0c   0x00000038   Code   RO          320    i.MX_USART1_UART_Init  usart.o
    0x08003a44   0x08003a44   0x00000002   Code   RO          392    i.MemManage_Handler  stm32f4xx_it.o
    0x08003a46   0x08003a46   0x00000002   Code   RO          393    i.NMI_Handler       stm32f4xx_it.o
    0x08003a48   0x08003a48   0x00000002   Code   RO          394    i.PendSV_Handler    stm32f4xx_it.o
    0x08003a4a   0x08003a4a   0x00000012   Code   RO         1529    i.RTC_Bcd2ToByte    stm32f4xx_hal_rtc.o
    0x08003a5c   0x08003a5c   0x00000016   Code   RO         1530    i.RTC_ByteToBcd2    stm32f4xx_hal_rtc.o
    0x08003a72   0x08003a72   0x00000002   PAD
    0x08003a74   0x08003a74   0x00000048   Code   RO         1531    i.RTC_EnterInitMode  stm32f4xx_hal_rtc.o
    0x08003abc   0x08003abc   0x0000002a   Code   RO         1532    i.RTC_ExitInitMode  stm32f4xx_hal_rtc.o
    0x08003ae6   0x08003ae6   0x0000005c   Code   RO         3105    i.SPI_EndRxTransaction  stm32f4xx_hal_spi.o
    0x08003b42   0x08003b42   0x00000002   PAD
    0x08003b44   0x08003b44   0x0000006c   Code   RO         3106    i.SPI_EndRxTxTransaction  stm32f4xx_hal_spi.o
    0x08003bb0   0x08003bb0   0x000000bc   Code   RO         3111    i.SPI_WaitFlagStateUntilTimeout  stm32f4xx_hal_spi.o
    0x08003c6c   0x08003c6c   0x00000002   Code   RO          395    i.SVC_Handler       stm32f4xx_it.o
    0x08003c6e   0x08003c6e   0x00000002   Code   RO          396    i.SysTick_Handler   stm32f4xx_it.o
    0x08003c70   0x08003c70   0x00000098   Code   RO           15    i.SystemClock_Config  main.o
    0x08003d08   0x08003d08   0x00000010   Code   RO         3743    i.SystemInit        system_stm32f4xx.o
    0x08003d18   0x08003d18   0x0000000c   Code   RO          397    i.TIM6_DAC_IRQHandler  stm32f4xx_it.o
    0x08003d24   0x08003d24   0x000000d0   Code   RO          629    i.TIM_Base_SetConfig  stm32f4xx_hal_tim.o
    0x08003df4   0x08003df4   0x0000010c   Code   RO         3435    i.UART_SetConfig    stm32f4xx_hal_uart.o
    0x08003f00   0x08003f00   0x00000002   Code   RO          398    i.UsageFault_Handler  stm32f4xx_it.o
    0x08003f02   0x08003f02   0x00000030   Code   RO         5211    i.__ARM_fpclassify  m_wm.l(fpclassify.o)
    0x08003f32   0x08003f32   0x00000020   Code   RO         2667    i.__NVIC_SetPriority  stm32f4xx_hal_cortex.o
    0x08003f52   0x08003f52   0x00000060   Code   RO         4863    i._fdb_continue_ff_addr  fdb_utils.o
    0x08003fb2   0x08003fb2   0x0000000e   Code   RO         4337    i._fdb_db_path      fdb.o
    0x08003fc0   0x08003fc0   0x0000001c   Code   RO         4864    i._fdb_flash_erase  fdb_utils.o
    0x08003fdc   0x08003fdc   0x0000001c   Code   RO         4865    i._fdb_flash_read   fdb_utils.o
    0x08003ff8   0x08003ff8   0x0000001c   Code   RO         4866    i._fdb_flash_write  fdb_utils.o
    0x08004014   0x08004014   0x00000028   Code   RO         4867    i._fdb_get_status   fdb_utils.o
    0x0800403c   0x0800403c   0x00000258   Code   RO         4339    i._fdb_init_ex      fdb.o
    0x08004294   0x08004294   0x000000f0   Code   RO         4340    i._fdb_init_finish  fdb.o
    0x08004384   0x08004384   0x000000fc   Code   RO         4388    i._fdb_kv_load      fdb_kvdb.o
    0x08004480   0x08004480   0x00000084   Code   RO         4868    i._fdb_read_status  fdb_utils.o
    0x08004504   0x08004504   0x0000002c   Code   RO         4869    i._fdb_set_status   fdb_utils.o
    0x08004530   0x08004530   0x000000cc   Code   RO         4870    i._fdb_write_status  fdb_utils.o
    0x080045fc   0x080045fc   0x0000000e   Code   RO         5024    i._is_digit         c_w.l(__printf_wp.o)
    0x0800460a   0x0800460a   0x00000002   Code   RO          322    i._sys_exit         usart.o
    0x0800460c   0x0800460c   0x000001ec   Code   RO         3805    i.aai_write         sfud.o
    0x080047f8   0x080047f8   0x0000002a   Code   RO         4389    i.align_write       fdb_kvdb.o
    0x08004822   0x08004822   0x00000002   PAD
    0x08004824   0x08004824   0x00000128   Code   RO         4390    i.alloc_kv          fdb_kvdb.o
    0x0800494c   0x0800494c   0x0000002e   Code   RO         4391    i.alloc_kv_cb       fdb_kvdb.o
    0x0800497a   0x0800497a   0x0000001e   Code   RO         4392    i.check_and_recovery_gc_cb  fdb_kvdb.o
    0x08004998   0x08004998   0x0000013c   Code   RO         4393    i.check_and_recovery_kv_cb  fdb_kvdb.o
    0x08004ad4   0x08004ad4   0x000000f0   Code   RO         4141    i.check_and_update_part_cache  fal_partition.o
    0x08004bc4   0x08004bc4   0x0000001c   Code   RO         4394    i.check_oldest_addr_cb  fdb_kvdb.o
    0x08004be0   0x08004be0   0x000000a0   Code   RO         4395    i.check_sec_hdr_cb  fdb_kvdb.o
    0x08004c80   0x08004c80   0x000000d8   Code   RO         4700    i.check_sec_hdr_cb  fdb_tsdb.o
    0x08004d58   0x08004d58   0x0000028c   Code   RO         4396    i.create_kv_blob    fdb_kvdb.o
    0x08004fe4   0x08004fe4   0x00000174   Code   RO         4397    i.del_kv            fdb_kvdb.o
    0x08005158   0x08005158   0x000001e8   Code   RO         4398    i.do_gc             fdb_kvdb.o
    0x08005340   0x08005340   0x0000008c   Code   RO         4104    i.erase             fal_flash_sfud_port.o
    0x080053cc   0x080053cc   0x00000074   Code   RO         4082    i.fal_flash_device_find  fal_flash.o
    0x08005440   0x08005440   0x00000124   Code   RO         4083    i.fal_flash_init    fal_flash.o
    0x08005564   0x08005564   0x000000fc   Code   RO         4048    i.fal_init          fal.o
    0x08005660   0x08005660   0x0000015c   Code   RO         4143    i.fal_partition_erase  fal_partition.o
    0x080057bc   0x080057bc   0x00000070   Code   RO         4145    i.fal_partition_find  fal_partition.o
    0x0800582c   0x0800582c   0x0000002c   Code   RO         4146    i.fal_partition_init  fal_partition.o
    0x08005858   0x08005858   0x00000170   Code   RO         4147    i.fal_partition_read  fal_partition.o
    0x080059c8   0x080059c8   0x00000174   Code   RO         4148    i.fal_partition_write  fal_partition.o
    0x08005b3c   0x08005b3c   0x00000244   Code   RO         4150    i.fal_show_part_table  fal_partition.o
    0x08005d80   0x08005d80   0x00000006   Code   RO         4871    i.fdb_blob_make     fdb_utils.o
    0x08005d86   0x08005d86   0x00000022   Code   RO         4872    i.fdb_blob_read     fdb_utils.o
    0x08005da8   0x08005da8   0x00000024   Code   RO         4873    i.fdb_calc_crc32    fdb_utils.o
    0x08005dcc   0x08005dcc   0x0000001a   Code   RO         4399    i.fdb_is_str        fdb_kvdb.o
    0x08005de6   0x08005de6   0x00000002   PAD
    0x08005de8   0x08005de8   0x00000094   Code   RO         4400    i.fdb_kv_del        fdb_kvdb.o
    0x08005e7c   0x08005e7c   0x000000dc   Code   RO         4401    i.fdb_kv_get        fdb_kvdb.o
    0x08005f58   0x08005f58   0x000000d0   Code   RO         4402    i.fdb_kv_get_blob   fdb_kvdb.o
    0x08006028   0x08006028   0x00000030   Code   RO         4407    i.fdb_kv_set        fdb_kvdb.o
    0x08006058   0x08006058   0x00000094   Code   RO         4408    i.fdb_kv_set_blob   fdb_kvdb.o
    0x080060ec   0x080060ec   0x0000009a   Code   RO         4409    i.fdb_kv_set_default  fdb_kvdb.o
    0x08006186   0x08006186   0x00000002   PAD
    0x08006188   0x08006188   0x00000128   Code   RO         4412    i.fdb_kvdb_control  fdb_kvdb.o
    0x080062b0   0x080062b0   0x000001e8   Code   RO         4414    i.fdb_kvdb_init     fdb_kvdb.o
    0x08006498   0x08006498   0x00000184   Code   RO         4701    i.fdb_tsdb_control  fdb_tsdb.o
    0x0800661c   0x0800661c   0x0000021c   Code   RO         4703    i.fdb_tsdb_init     fdb_tsdb.o
    0x08006838   0x08006838   0x00000090   Code   RO         4704    i.fdb_tsl_append    fdb_tsdb.o
    0x080068c8   0x080068c8   0x000000f4   Code   RO         4707    i.fdb_tsl_iter      fdb_tsdb.o
    0x080069bc   0x080069bc   0x000001e8   Code   RO         4708    i.fdb_tsl_iter_by_time  fdb_tsdb.o
    0x08006ba4   0x08006ba4   0x0000009c   Code   RO         4710    i.fdb_tsl_query_count  fdb_tsdb.o
    0x08006c40   0x08006c40   0x00000014   Code   RO         4711    i.fdb_tsl_set_status  fdb_tsdb.o
    0x08006c54   0x08006c54   0x00000010   Code   RO         4712    i.fdb_tsl_to_blob   fdb_tsdb.o
    0x08006c64   0x08006c64   0x0000004e   Code   RO         4415    i.find_kv           fdb_kvdb.o
    0x08006cb2   0x08006cb2   0x00000036   Code   RO         4416    i.find_kv_cb        fdb_kvdb.o
    0x08006ce8   0x08006ce8   0x00000024   Code   RO         4417    i.find_kv_no_cache  fdb_kvdb.o
    0x08006d0c   0x08006d0c   0x00000098   Code   RO         4418    i.find_next_kv_addr  fdb_kvdb.o
    0x08006da4   0x08006da4   0x000000b0   Code   RO         4151    i.flash_device_find_by_part  fal_partition.o
    0x08006e54   0x08006e54   0x000000c0   Code   RO         4224    i.flashdb_app_Start  flashdb_app.o
    0x08006f14   0x08006f14   0x00000010   Code   RO         4713    i.format_all_cb     fdb_tsdb.o
    0x08006f24   0x08006f24   0x00000104   Code   RO         4419    i.format_sector     fdb_kvdb.o
    0x08007028   0x08007028   0x000000cc   Code   RO         4714    i.format_sector     fdb_tsdb.o
    0x080070f4   0x080070f4   0x00000014   Code   RO          324    i.fputc             usart.o
    0x08007108   0x08007108   0x00000012   Code   RO         4420    i.gc_check_cb       fdb_kvdb.o
    0x0800711a   0x0800711a   0x00000006   Code   RO         4421    i.gc_collect        fdb_kvdb.o
    0x08007120   0x08007120   0x00000100   Code   RO         4422    i.gc_collect_by_free_size  fdb_kvdb.o
    0x08007220   0x08007220   0x00000086   Code   RO         4423    i.get_kv_from_cache  fdb_kvdb.o
    0x080072a6   0x080072a6   0x0000001e   Code   RO         4715    i.get_last_sector_addr  fdb_tsdb.o
    0x080072c4   0x080072c4   0x0000001e   Code   RO         4716    i.get_last_tsl_addr  fdb_tsdb.o
    0x080072e2   0x080072e2   0x00000056   Code   RO         4424    i.get_next_kv_addr  fdb_kvdb.o
    0x08007338   0x08007338   0x0000002a   Code   RO         4425    i.get_next_sector_addr  fdb_kvdb.o
    0x08007362   0x08007362   0x0000001e   Code   RO         4717    i.get_next_sector_addr  fdb_tsdb.o
    0x08007380   0x08007380   0x0000001a   Code   RO         4718    i.get_next_tsl_addr  fdb_tsdb.o
    0x0800739a   0x0800739a   0x00000002   PAD
    0x0800739c   0x0800739c   0x0000002c   Code   RO         4426    i.get_sector_from_cache  fdb_kvdb.o
    0x080073c8   0x080073c8   0x00000088   Code   RO         4225    i.get_time          flashdb_app.o
    0x08007450   0x08007450   0x000002bc   Code   RO         3806    i.hardware_init     sfud.o
    0x0800770c   0x0800770c   0x0000001c   Code   RO         4105    i.init              fal_flash_sfud_port.o
    0x08007728   0x08007728   0x00000072   Code   RO         4427    i.kv_iterator       fdb_kvdb.o
    0x0800779a   0x0800779a   0x00000002   PAD
    0x0800779c   0x0800779c   0x000001b0   Code   RO         4226    i.kvdb_basic_sample  flashdb_app.o
    0x0800794c   0x0800794c   0x000001b8   Code   RO         4227    i.kvdb_type_blob_sample  flashdb_app.o
    0x08007b04   0x08007b04   0x000001b4   Code   RO         4228    i.kvdb_type_string_sample  flashdb_app.o
    0x08007cb8   0x08007cb8   0x00000004   Code   RO         4229    i.lock              flashdb_app.o
    0x08007cbc   0x08007cbc   0x000000e0   Code   RO           16    i.main              main.o
    0x08007d9c   0x08007d9c   0x000000a0   Code   RO         3807    i.make_address_byte_array  sfud.o
    0x08007e3c   0x08007e3c   0x000001c4   Code   RO         4428    i.move_kv           fdb_kvdb.o
    0x08008000   0x08008000   0x0000010c   Code   RO         4429    i.new_kv            fdb_kvdb.o
    0x0800810c   0x0800810c   0x00000214   Code   RO         3808    i.page256_or_1_byte_write  sfud.o
    0x08008320   0x08008320   0x00000068   Code   RO         4230    i.query_by_time_cb  flashdb_app.o
    0x08008388   0x08008388   0x000000a0   Code   RO         4231    i.query_cb          flashdb_app.o
    0x08008428   0x08008428   0x00000012   Code   RO         4719    i.query_count_cb    fdb_tsdb.o
    0x0800843a   0x0800843a   0x00000002   PAD
    0x0800843c   0x0800843c   0x00000088   Code   RO         4106    i.read              fal_flash_sfud_port.o
    0x080084c4   0x080084c4   0x00000140   Code   RO         4008    i.read_basic_header  sfud_sfdp.o
    0x08008604   0x08008604   0x00000508   Code   RO         4009    i.read_basic_table  sfud_sfdp.o
    0x08008b0c   0x08008b0c   0x000000a4   Code   RO         3809    i.read_jedec_id     sfud.o
    0x08008bb0   0x08008bb0   0x000001e8   Code   RO         4431    i.read_kv           fdb_kvdb.o
    0x08008d98   0x08008d98   0x000001f8   Code   RO         4432    i.read_sector_info  fdb_kvdb.o
    0x08008f90   0x08008f90   0x000001fc   Code   RO         4720    i.read_sector_info  fdb_tsdb.o
    0x0800918c   0x0800918c   0x00000100   Code   RO         4010    i.read_sfdp_data    sfud_sfdp.o
    0x0800928c   0x0800928c   0x0000017c   Code   RO         4011    i.read_sfdp_header  sfud_sfdp.o
    0x08009408   0x08009408   0x0000004a   Code   RO         4721    i.read_tsl          fdb_tsdb.o
    0x08009452   0x08009452   0x00000002   PAD
    0x08009454   0x08009454   0x0000010c   Code   RO         3810    i.reset             sfud.o
    0x08009560   0x08009560   0x0000008c   Code   RO         4722    i.search_start_tsl_addr  fdb_tsdb.o
    0x080095ec   0x080095ec   0x00000066   Code   RO         4433    i.sector_iterator   fdb_kvdb.o
    0x08009652   0x08009652   0x00000066   Code   RO         4723    i.sector_iterator   fdb_tsdb.o
    0x080096b8   0x080096b8   0x00000022   Code   RO         4434    i.sector_statistics_cb  fdb_kvdb.o
    0x080096da   0x080096da   0x00000002   PAD
    0x080096dc   0x080096dc   0x00000118   Code   RO         3811    i.set_4_byte_address_mode  sfud.o
    0x080097f4   0x080097f4   0x000000a6   Code   RO         4435    i.set_kv            fdb_kvdb.o
    0x0800989a   0x0800989a   0x00000002   PAD
    0x0800989c   0x0800989c   0x00000080   Code   RO         4232    i.set_status_cb     flashdb_app.o
    0x0800991c   0x0800991c   0x000000f8   Code   RO         3812    i.set_write_enabled  sfud.o
    0x08009a14   0x08009a14   0x00000134   Code   RO         3813    i.sfud_chip_erase   sfud.o
    0x08009b48   0x08009b48   0x000000e4   Code   RO         3814    i.sfud_device_init  sfud.o
    0x08009c2c   0x08009c2c   0x000001f4   Code   RO         3815    i.sfud_erase        sfud.o
    0x08009e20   0x08009e20   0x00000044   Code   RO         3949    i.sfud_log_debug    sfud_port.o
    0x08009e64   0x08009e64   0x00000038   Code   RO         3950    i.sfud_log_info     sfud_port.o
    0x08009e9c   0x08009e9c   0x0000013c   Code   RO         3821    i.sfud_read         sfud.o
    0x08009fd8   0x08009fd8   0x0000008c   Code   RO         4012    i.sfud_read_sfdp    sfud_sfdp.o
    0x0800a064   0x0800a064   0x00000090   Code   RO         3822    i.sfud_read_status  sfud.o
    0x0800a0f4   0x0800a0f4   0x000000b0   Code   RO         4013    i.sfud_sfdp_get_suitable_eraser  sfud_sfdp.o
    0x0800a1a4   0x0800a1a4   0x0000003c   Code   RO         3951    i.sfud_spi_port_init  sfud_port.o
    0x0800a1e0   0x0800a1e0   0x0000002a   Code   RO         3823    i.sfud_write        sfud.o
    0x0800a20a   0x0800a20a   0x00000002   PAD
    0x0800a20c   0x0800a20c   0x000000d8   Code   RO         3824    i.sfud_write_status  sfud.o
    0x0800a2e4   0x0800a2e4   0x00000018   Code   RO         4233    i.spi_flash_init    flashdb_app.o
    0x0800a2fc   0x0800a2fc   0x00000004   Code   RO         3952    i.spi_lock          sfud_port.o
    0x0800a300   0x0800a300   0x00000004   Code   RO         3953    i.spi_unlock        sfud_port.o
    0x0800a304   0x0800a304   0x00000104   Code   RO         3954    i.spi_write_read    sfud_port.o
    0x0800a408   0x0800a408   0x000001fc   Code   RO         4234    i.tsdb_sample       flashdb_app.o
    0x0800a604   0x0800a604   0x00000178   Code   RO         4724    i.tsl_append        fdb_tsdb.o
    0x0800a77c   0x0800a77c   0x00000098   Code   RO         4725    i.tsl_format_all    fdb_tsdb.o
    0x0800a814   0x0800a814   0x00000004   Code   RO         4235    i.unlock            flashdb_app.o
    0x0800a818   0x0800a818   0x000000aa   Code   RO         4436    i.update_kv_cache   fdb_kvdb.o
    0x0800a8c2   0x0800a8c2   0x00000076   Code   RO         4437    i.update_sec_status  fdb_kvdb.o
    0x0800a938   0x0800a938   0x00000192   Code   RO         4726    i.update_sec_status  fdb_tsdb.o
    0x0800aaca   0x0800aaca   0x00000060   Code   RO         4438    i.update_sector_cache  fdb_kvdb.o
    0x0800ab2a   0x0800ab2a   0x0000001c   Code   RO         4439    i.update_sector_empty_addr_cache  fdb_kvdb.o
    0x0800ab46   0x0800ab46   0x00000010   Code   RO         4440    i.update_sector_status_store_cache  fdb_kvdb.o
    0x0800ab56   0x0800ab56   0x00000002   PAD
    0x0800ab58   0x0800ab58   0x000000c4   Code   RO         3825    i.wait_busy         sfud.o
    0x0800ac1c   0x0800ac1c   0x00000090   Code   RO         4107    i.write             fal_flash_sfud_port.o
    0x0800acac   0x0800acac   0x00000074   Code   RO         4727    i.write_tsl         fdb_tsdb.o
    0x0800ad20   0x0800ad20   0x0000002c   Code   RO         5194    locale$$code        c_w.l(lc_numeric_c.o)
    0x0800ad4c   0x0800ad4c   0x0000002c   Code   RO         5221    locale$$code        c_w.l(lc_ctype_c.o)
    0x0800ad78   0x0800ad78   0x0000000a   Code   RO         5285    x$fpl$fpinit        fz_wm.l(fpinit.o)
    0x0800ad82   0x0800ad82   0x00000004   Code   RO         5117    x$fpl$printf1       fz_wm.l(printf1.o)
    0x0800ad86   0x0800ad86   0x00000004   Code   RO         5119    x$fpl$printf2       fz_wm.l(printf2.o)
    0x0800ad8a   0x0800ad8a   0x00000000   Code   RO         5210    x$fpl$usenofp       fz_wm.l(usenofp.o)
    0x0800ad8a   0x0800ad8a   0x00000010   Data   RO         3744    .constdata          system_stm32f4xx.o
    0x0800ad9a   0x0800ad9a   0x00000008   Data   RO         3745    .constdata          system_stm32f4xx.o
    0x0800ada2   0x0800ada2   0x00000002   PAD
    0x0800ada4   0x0800ada4   0x00000448   Data   RO         3827    .constdata          sfud.o
    0x0800b1ec   0x0800b1ec   0x0000000f   Data   RO         3956    .constdata          sfud_port.o
    0x0800b1fb   0x0800b1fb   0x00000070   Data   RO         4014    .constdata          sfud_sfdp.o
    0x0800b26b   0x0800b26b   0x00000009   Data   RO         4050    .constdata          fal.o
    0x0800b274   0x0800b274   0x00000029   Data   RO         4084    .constdata          fal_flash.o
    0x0800b29d   0x0800b29d   0x00000011   Data   RO         4108    .constdata          fal_flash_sfud_port.o
    0x0800b2ae   0x0800b2ae   0x00000002   PAD
    0x0800b2b0   0x0800b2b0   0x00000139   Data   RO         4152    .constdata          fal_partition.o
    0x0800b3e9   0x0800b3e9   0x00000003   PAD
    0x0800b3ec   0x0800b3ec   0x00000070   Data   RO         4237    .constdata          flashdb_app.o
    0x0800b45c   0x0800b45c   0x00000019   Data   RO         4341    .constdata          fdb.o
    0x0800b475   0x0800b475   0x00000003   PAD
    0x0800b478   0x0800b478   0x00000057   Data   RO         4442    .constdata          fdb_kvdb.o
    0x0800b4cf   0x0800b4cf   0x0000003e   Data   RO         4728    .constdata          fdb_tsdb.o
    0x0800b50d   0x0800b50d   0x00000003   PAD
    0x0800b510   0x0800b510   0x00000423   Data   RO         4874    .constdata          fdb_utils.o
    0x0800b933   0x0800b933   0x00000028   Data   RO         5012    .constdata          c_w.l(_printf_hex_int_ll_ptr.o)
    0x0800b95b   0x0800b95b   0x00000011   Data   RO         5032    .constdata          c_w.l(__printf_flags_ss_wp.o)
    0x0800b96c   0x0800b96c   0x00000008   Data   RO         5088    .constdata          c_w.l(_printf_wctomb.o)
    0x0800b974   0x0800b974   0x0000000c   Data   RO         5116    .constdata          c_w.l(_monlen.o)
    0x0800b980   0x0800b980   0x00000026   Data   RO         5145    .constdata          c_w.l(_printf_fp_hex.o)
    0x0800b9a6   0x0800b9a6   0x00000002   PAD
    0x0800b9a8   0x0800b9a8   0x00000094   Data   RO         5169    .constdata          c_w.l(bigflt0.o)
    0x0800ba3c   0x0800ba3c   0x0000022d   Data   RO         3828    .conststring        sfud.o
    0x0800bc69   0x0800bc69   0x00000003   PAD
    0x0800bc6c   0x0800bc6c   0x00000393   Data   RO         4015    .conststring        sfud_sfdp.o
    0x0800bfff   0x0800bfff   0x00000001   PAD
    0x0800c000   0x0800c000   0x0000005b   Data   RO         4085    .conststring        fal_flash.o
    0x0800c05b   0x0800c05b   0x00000001   PAD
    0x0800c05c   0x0800c05c   0x00000132   Data   RO         4153    .conststring        fal_partition.o
    0x0800c18e   0x0800c18e   0x00000002   PAD
    0x0800c190   0x0800c190   0x0000011f   Data   RO         4238    .conststring        flashdb_app.o
    0x0800c2af   0x0800c2af   0x00000001   PAD
    0x0800c2b0   0x0800c2b0   0x00000093   Data   RO         4342    .conststring        fdb.o
    0x0800c343   0x0800c343   0x00000001   PAD
    0x0800c344   0x0800c344   0x00000207   Data   RO         4443    .conststring        fdb_kvdb.o
    0x0800c54b   0x0800c54b   0x00000001   PAD
    0x0800c54c   0x0800c54c   0x0000015d   Data   RO         4729    .conststring        fdb_tsdb.o
    0x0800c6a9   0x0800c6a9   0x00000003   PAD
    0x0800c6ac   0x0800c6ac   0x00000020   Data   RO         5336    Region$$Table       anon$$obj.o
    0x0800c6cc   0x0800c6cc   0x0000001c   Data   RO         5193    locale$$data        c_w.l(lc_numeric_c.o)
    0x0800c6e8   0x0800c6e8   0x00000110   Data   RO         5220    locale$$data        c_w.l(lc_ctype_c.o)


    Execution Region RW_IRAM1 (Exec base: 0x20000000, Load base: 0x0800c7f8, Size: 0x00000f58, Max: 0x0001c000, ABSOLUTE, COMPRESSED[0x00000074])

    Exec Addr    Load Addr    Size         Type   Attr      Idx    E Section Name        Object

    0x20000000   COMPRESSED   0x00000004   Data   RW           18    .data               main.o
    0x20000004   COMPRESSED   0x00000004   Data   RW          326    .data               usart.o
    0x20000008   COMPRESSED   0x0000000c   Data   RW         2826    .data               stm32f4xx_hal.o
    0x20000014   COMPRESSED   0x00000004   Data   RW         3746    .data               system_stm32f4xx.o
    0x20000018   COMPRESSED   0x0000000c   Data   RW         3957    .data               sfud_port.o
    0x20000024   COMPRESSED   0x00000001   Data   RW         4051    .data               fal.o
    0x20000025   COMPRESSED   0x00000001   Data   RW         4086    .data               fal_flash.o
    0x20000026   COMPRESSED   0x00000002   PAD
    0x20000028   COMPRESSED   0x0000003c   Data   RW         4109    .data               fal_flash_sfud_port.o
    0x20000064   COMPRESSED   0x00000014   Data   RW         4154    .data               fal_partition.o
    0x20000078   COMPRESSED   0x00000004   Data   RW         4239    .data               flashdb_app.o
    0x2000007c   COMPRESSED   0x00000028   Data   RW         4240    .data               flashdb_app.o
    0x200000a4   COMPRESSED   0x00000004   PAD
    0x200000a8   COMPRESSED   0x000000b4   Data   RW         4241    .data               flashdb_app.o
    0x2000015c   COMPRESSED   0x00000001   Data   RW         4343    .data               fdb.o
    0x2000015d   COMPRESSED   0x00000003   PAD
    0x20000160        -       0x00000014   Zero   RW           17    .bss                main.o
    0x20000174        -       0x00000020   Zero   RW          237    .bss                rtc.o
    0x20000194        -       0x00000058   Zero   RW          279    .bss                spi.o
    0x200001ec        -       0x00000048   Zero   RW          325    .bss                usart.o
    0x20000234        -       0x00000048   Zero   RW          498    .bss                stm32f4xx_hal_timebase_tim.o
    0x2000027c        -       0x00000105   Zero   RW         3826    .bss                sfud.o
    0x20000381        -       0x00000100   Zero   RW         3955    .bss                sfud_port.o
    0x20000481   COMPRESSED   0x00000007   PAD
    0x20000488        -       0x000003e8   Zero   RW         4236    .bss                flashdb_app.o
    0x20000870        -       0x00000081   Zero   RW         4441    .bss                fdb_kvdb.o
    0x200008f1   COMPRESSED   0x00000003   PAD
    0x200008f4        -       0x00000060   Zero   RW         5214    .bss                c_w.l(libspace.o)
    0x20000954   COMPRESSED   0x00000004   PAD
    0x20000958        -       0x00000200   Zero   RW            2    HEAP                startup_stm32f407xx.o
    0x20000b58        -       0x00000400   Zero   RW            1    STACK               startup_stm32f407xx.o


    Execution Region RW_IRAM2 (Exec base: 0x2001c000, Load base: 0x0800c86c, Size: 0x00000000, Max: 0x00004000, ABSOLUTE)

    **** No section assigned to this execution region ****


==============================================================================

Image component sizes


      Code (inc. data)   RO Data    RW Data    ZI Data      Debug   Object Name

        82         22          0          0          0       1727   dwt.o
       252        178          9          1          0       2235   fal.o
       408        212        132          1          0       1993   fal_flash.o
       448        228         17         60          0       3462   fal_flash_sfud_port.o
      2240       1214        619         20          0       8810   fal_partition.o
       854        414        172          1          0       3303   fdb.o
         0          0          0          0          0       4604   fdb_file.o
      8140       2204        606          0        129      49015   fdb_kvdb.o
      4436       1080        411          0          0      28255   fdb_tsdb.o
       676        188       1059          0          0       9228   fdb_utils.o
      2568       1260        399        224       1000      15819   flashdb_app.o
       184         12          0          0          0       1011   gpio.o
       400         72          0          4         20     738472   main.o
       244         20          0          0         32       1711   rtc.o
      4794       2130       1653          0        261      19314   sfud.o
       452        154         15         12        256       5106   sfud_port.o
      2560       1374       1027          0          0       6161   sfud_sfdp.o
       176         20          0          0         88       1705   spi.o
        64         26        392          0       1536        848   startup_stm32f407xx.o
       116         18          0         12          0       8738   stm32f4xx_hal.o
       158         14          0          0          0      33038   stm32f4xx_hal_cortex.o
       506         46          0          0          0       2204   stm32f4xx_hal_gpio.o
        48          6          0          0          0        866   stm32f4xx_hal_msp.o
        24          8          0          0          0       1083   stm32f4xx_hal_pwr.o
      1408         82          0          0          0       5937   stm32f4xx_hal_rcc.o
       316         20          0          0          0       1392   stm32f4xx_hal_rcc_ex.o
       862         36          0          0          0       8217   stm32f4xx_hal_rtc.o
        20          0          0          0          0       1723   stm32f4xx_hal_rtc_ex.o
      1770         16          0          0          0       8438   stm32f4xx_hal_spi.o
       740         72          0          0          0       7532   stm32f4xx_hal_tim.o
         4          0          0          0          0       1641   stm32f4xx_hal_tim_ex.o
       152         20          0          0         72       1487   stm32f4xx_hal_timebase_tim.o
       368         10          0          0          0       2052   stm32f4xx_hal_uart.o
        30          6          0          0          0       4664   stm32f4xx_it.o
        16          4         24          4          0       1139   system_stm32f4xx.o
       186         28          0          4         72       3974   usart.o

    ----------------------------------------------------------------------
     35742      11194       6593        352       3476     996904   Object Totals
         0          0         32          0          0          0   (incl. Generated)
        40          0         26          9         10          0   (incl. Padding)

    ----------------------------------------------------------------------

      Code (inc. data)   RO Data    RW Data    ZI Data      Debug   Library Member Name

        24          4          0          0          0         84   __2printf.o
        90          0          0          0          0          0   __dczerorl2.o
         8          0          0          0          0         68   __main.o
       392          4         17          0          0         92   __printf_flags_ss_wp.o
        14          0          0          0          0         68   __printf_wp.o
         0          0          0          0          0          0   __rtentry.o
        12          0          0          0          0          0   __rtentry2.o
         6          0          0          0          0          0   __rtentry4.o
        52          8          0          0          0          0   __scatter.o
        28          0          0          0          0          0   __scatter_zi.o
         0          0         12          0          0          0   _monlen.o
         6          0          0          0          0          0   _printf_a.o
         6          0          0          0          0          0   _printf_c.o
        44          0          0          0          0        108   _printf_char.o
        48          6          0          0          0         96   _printf_char_common.o
        36          4          0          0          0         80   _printf_char_file.o
        40          0          0          0          0         68   _printf_charcount.o
         6          0          0          0          0          0   _printf_d.o
       120         16          0          0          0         92   _printf_dec.o
         6          0          0          0          0          0   _printf_e.o
         6          0          0          0          0          0   _printf_f.o
      1054          0          0          0          0        216   _printf_fp_dec.o
       764          8         38          0          0        100   _printf_fp_hex.o
       128         16          0          0          0         84   _printf_fp_infnan.o
         6          0          0          0          0          0   _printf_g.o
       148          4         40          0          0        160   _printf_hex_int_ll_ptr.o
         6          0          0          0          0          0   _printf_i.o
       178          0          0          0          0         88   _printf_intcommon.o
        10          0          0          0          0          0   _printf_l.o
         6          0          0          0          0          0   _printf_lc.o
        10          0          0          0          0          0   _printf_ll.o
         6          0          0          0          0          0   _printf_lld.o
         6          0          0          0          0          0   _printf_lli.o
         6          0          0          0          0          0   _printf_llo.o
         6          0          0          0          0          0   _printf_llu.o
         6          0          0          0          0          0   _printf_llx.o
       124         16          0          0          0         92   _printf_longlong_dec.o
         6          0          0          0          0          0   _printf_ls.o
         6          0          0          0          0          0   _printf_n.o
         6          0          0          0          0          0   _printf_o.o
       112         10          0          0          0        124   _printf_oct_int_ll.o
         6          0          0          0          0          0   _printf_p.o
        78          0          0          0          0        108   _printf_pad.o
         0          0          0          0          0          0   _printf_percent.o
         4          0          0          0          0          0   _printf_percent_end.o
         6          0          0          0          0          0   _printf_s.o
        82          0          0          0          0         80   _printf_str.o
        36          0          0          0          0         84   _printf_truncate.o
         6          0          0          0          0          0   _printf_u.o
        44          0          0          0          0        108   _printf_wchar.o
       188          6          8          0          0         92   _printf_wctomb.o
         6          0          0          0          0          0   _printf_x.o
        16          0          0          0          0         68   _snputc.o
        10          0          0          0          0         68   _sputc.o
        64          0          0          0          0         92   _wcrtomb.o
        16          0          0          0          0         68   aeabi_memset.o
       228          4        148          0          0         96   bigflt0.o
      1936        128          0          0          0        672   btod.o
        18          0          0          0          0         80   exit.o
         8          0          0          0          0         68   ferror.o
         6          0          0          0          0        152   heapauxi.o
        44         10        272          0          0         76   lc_ctype_c.o
        44         10         28          0          0         76   lc_numeric_c.o
         2          0          0          0          0          0   libinit.o
        34          0          0          0          0          0   libinit2.o
         2          0          0          0          0          0   libshutdown.o
         2          0          0          0          0          0   libshutdown2.o
         8          4          0          0         96         68   libspace.o
       138          0          0          0          0         80   lludiv10.o
       238          0          0          0          0        100   lludivv7m.o
       428         10          0          0          0        116   mktime.o
        16          4          0          0          0         76   rt_ctype_table.o
         8          4          0          0          0         68   rt_locale_intlibspace.o
        68          0          0          0          0         68   rt_memclr.o
        78          0          0          0          0         80   rt_memclr_w.o
       138          0          0          0          0         68   rt_memcpy_v6.o
       100          0          0          0          0         80   rt_memcpy_w.o
         2          0          0          0          0          0   rtexit.o
        10          0          0          0          0          0   rtexit2.o
       128          0          0          0          0         68   strcmpv7m.o
        62          0          0          0          0         76   strlen.o
       150          0          0          0          0         80   strncmp.o
        86          0          0          0          0         76   strncpy.o
        74          0          0          0          0         80   sys_stackheap_outer.o
         2          0          0          0          0         68   use_no_semi.o
         2          0          0          0          0         68   use_no_semi_2.o
        52          4          0          0          0         80   vsnprintf.o
        10          0          0          0          0        116   fpinit.o
         4          0          0          0          0        116   printf1.o
         4          0          0          0          0        116   printf2.o
         0          0          0          0          0          0   usenofp.o
        48          0          0          0          0        124   fpclassify.o

    ----------------------------------------------------------------------
      8292        280        565          0        100       5480   Library Totals
        14          0          2          0          4          0   (incl. Padding)

    ----------------------------------------------------------------------

      Code (inc. data)   RO Data    RW Data    ZI Data      Debug   Library Name

      8212        280        563          0         96       5008   c_w.l
        18          0          0          0          0        348   fz_wm.l
        48          0          0          0          0        124   m_wm.l

    ----------------------------------------------------------------------
      8292        280        565          0        100       5480   Library Totals

    ----------------------------------------------------------------------

==============================================================================


      Code (inc. data)   RO Data    RW Data    ZI Data      Debug   

     44034      11474       7158        352       3576     978376   Grand Totals
     44034      11474       7158        116       3576     978376   ELF Image Totals (compressed)
     44034      11474       7158        116          0          0   ROM Totals

==============================================================================

    Total RO  Size (Code + RO Data)                51192 (  49.99kB)
    Total RW  Size (RW Data + ZI Data)              3928 (   3.84kB)
    Total ROM Size (Code + RO Data + RW Data)      51308 (  50.11kB)

==============================================================================

