Component: ARM Compiler 5.06 update 6 (build 750) Tool: armlink [4d35ed]

==============================================================================

Section Cross References

    startup_stm32f407xx.o(STACK) refers (Special) to heapauxi.o(.text) for __use_two_region_memory
    startup_stm32f407xx.o(HEAP) refers (Special) to heapauxi.o(.text) for __use_two_region_memory
    startup_stm32f407xx.o(RESET) refers (Special) to heapauxi.o(.text) for __use_two_region_memory
    startup_stm32f407xx.o(RESET) refers to startup_stm32f407xx.o(STACK) for __initial_sp
    startup_stm32f407xx.o(RESET) refers to startup_stm32f407xx.o(.text) for Reset_Handler
    startup_stm32f407xx.o(RESET) refers to stm32f4xx_it.o(i.NMI_Handler) for NMI_Handler
    startup_stm32f407xx.o(RESET) refers to stm32f4xx_it.o(i.HardFault_Handler) for HardFault_Handler
    startup_stm32f407xx.o(RESET) refers to stm32f4xx_it.o(i.MemManage_Handler) for MemManage_Handler
    startup_stm32f407xx.o(RESET) refers to stm32f4xx_it.o(i.BusFault_Handler) for BusFault_Handler
    startup_stm32f407xx.o(RESET) refers to stm32f4xx_it.o(i.UsageFault_Handler) for UsageFault_Handler
    startup_stm32f407xx.o(RESET) refers to stm32f4xx_it.o(i.SVC_Handler) for SVC_Handler
    startup_stm32f407xx.o(RESET) refers to stm32f4xx_it.o(i.DebugMon_Handler) for DebugMon_Handler
    startup_stm32f407xx.o(RESET) refers to stm32f4xx_it.o(i.PendSV_Handler) for PendSV_Handler
    startup_stm32f407xx.o(RESET) refers to stm32f4xx_it.o(i.SysTick_Handler) for SysTick_Handler
    startup_stm32f407xx.o(RESET) refers to stm32f4xx_it.o(i.TIM6_DAC_IRQHandler) for TIM6_DAC_IRQHandler
    startup_stm32f407xx.o(.text) refers (Special) to heapauxi.o(.text) for __use_two_region_memory
    startup_stm32f407xx.o(.text) refers to system_stm32f4xx.o(i.SystemInit) for SystemInit
    startup_stm32f407xx.o(.text) refers to __main.o(!!!main) for __main
    startup_stm32f407xx.o(.text) refers to startup_stm32f407xx.o(HEAP) for Heap_Mem
    startup_stm32f407xx.o(.text) refers to startup_stm32f407xx.o(STACK) for Stack_Mem
    main.o(i.HAL_TIM_PeriodElapsedCallback) refers to stm32f4xx_hal.o(i.HAL_IncTick) for HAL_IncTick
    main.o(i.SystemClock_Config) refers to rt_memclr_w.o(.text) for __aeabi_memclr4
    main.o(i.SystemClock_Config) refers to stm32f4xx_hal_rcc.o(i.HAL_RCC_OscConfig) for HAL_RCC_OscConfig
    main.o(i.SystemClock_Config) refers to stm32f4xx_hal_rcc.o(i.HAL_RCC_ClockConfig) for HAL_RCC_ClockConfig
    main.o(i.main) refers to _printf_pad.o(.text) for _printf_pre_padding
    main.o(i.main) refers to _printf_percent.o(.ARM.Collect$$_printf_percent$$00000000) for _printf_percent
    main.o(i.main) refers to _printf_d.o(.ARM.Collect$$_printf_percent$$00000009) for _printf_d
    main.o(i.main) refers to _printf_dec.o(.text) for _printf_int_dec
    main.o(i.main) refers to stm32f4xx_hal.o(i.HAL_Init) for HAL_Init
    main.o(i.main) refers to main.o(i.SystemClock_Config) for SystemClock_Config
    main.o(i.main) refers to gpio.o(i.MX_GPIO_Init) for MX_GPIO_Init
    main.o(i.main) refers to rtc.o(i.MX_RTC_Init) for MX_RTC_Init
    main.o(i.main) refers to usart.o(i.MX_USART1_UART_Init) for MX_USART1_UART_Init
    main.o(i.main) refers to spi.o(i.MX_SPI1_Init) for MX_SPI1_Init
    main.o(i.main) refers to dwt.o(i.DWT_Init) for DWT_Init
    main.o(i.main) refers to stm32f4xx_hal_rtc.o(i.HAL_RTC_GetTime) for HAL_RTC_GetTime
    main.o(i.main) refers to stm32f4xx_hal_rtc.o(i.HAL_RTC_GetDate) for HAL_RTC_GetDate
    main.o(i.main) refers to __2printf.o(.text) for __2printf
    main.o(i.main) refers to flashdb_app.o(i.spi_flash_init) for spi_flash_init
    main.o(i.main) refers to stm32f4xx_hal.o(i.HAL_Delay) for HAL_Delay
    main.o(i.main) refers to flashdb_app.o(i.flashdb_app_Start) for flashdb_app_Start
    main.o(i.main) refers to stm32f4xx_hal_gpio.o(i.HAL_GPIO_WritePin) for HAL_GPIO_WritePin
    main.o(i.main) refers to main.o(.bss) for .bss
    main.o(i.main) refers to rtc.o(.bss) for hrtc
    main.o(i.main) refers to main.o(.data) for .data
    gpio.o(i.MX_GPIO_Init) refers to rt_memclr_w.o(.text) for __aeabi_memclr4
    gpio.o(i.MX_GPIO_Init) refers to stm32f4xx_hal_gpio.o(i.HAL_GPIO_WritePin) for HAL_GPIO_WritePin
    gpio.o(i.MX_GPIO_Init) refers to stm32f4xx_hal_gpio.o(i.HAL_GPIO_Init) for HAL_GPIO_Init
    rtc.o(i.HAL_RTC_MspInit) refers to stm32f4xx_hal_rcc_ex.o(i.HAL_RCCEx_PeriphCLKConfig) for HAL_RCCEx_PeriphCLKConfig
    rtc.o(i.HAL_RTC_MspInit) refers to main.o(i.Error_Handler) for Error_Handler
    rtc.o(i.MX_RTC_Init) refers to rt_memclr_w.o(.text) for __aeabi_memclr4
    rtc.o(i.MX_RTC_Init) refers to stm32f4xx_hal_pwr.o(i.HAL_PWR_EnableBkUpAccess) for HAL_PWR_EnableBkUpAccess
    rtc.o(i.MX_RTC_Init) refers to stm32f4xx_hal_rtc.o(i.HAL_RTC_Init) for HAL_RTC_Init
    rtc.o(i.MX_RTC_Init) refers to main.o(i.Error_Handler) for Error_Handler
    rtc.o(i.MX_RTC_Init) refers to stm32f4xx_hal_rtc_ex.o(i.HAL_RTCEx_BKUPRead) for HAL_RTCEx_BKUPRead
[...]
    Reset_Handler                            0x08000315   Thumb Code     8  startup_stm32f407xx.o(.text)
    ADC_IRQHandler                           0x0800032f   Thumb Code     0  startup_stm32f407xx.o(.text)
    CAN1_RX0_IRQHandler                      0x0800032f   Thumb Code     0  startup_stm32f407xx.o(.text)
    CAN1_RX1_IRQHandler                      0x0800032f   Thumb Code     0  startup_stm32f407xx.o(.text)
    CAN1_SCE_IRQHandler                      0x0800032f   Thumb Code     0  startup_stm32f407xx.o(.text)
    CAN1_TX_IRQHandler                       0x0800032f   Thumb Code     0  startup_stm32f407xx.o(.text)
    CAN2_RX0_IRQHandler                      0x0800032f   Thumb Code     0  startup_stm32f407xx.o(.text)
    CAN2_RX1_IRQHandler                      0x0800032f   Thumb Code     0  startup_stm32f407xx.o(.text)
    CAN2_SCE_IRQHandler                      0x0800032f   Thumb Code     0  startup_stm32f407xx.o(.text)
    CAN2_TX_IRQHandler                       0x0800032f   Thumb Code     0  startup_stm32f407xx.o(.text)
    DCMI_IRQHandler                          0x0800032f   Thumb Code     0  startup_stm32f407xx.o(.text)
    DMA1_Stream0_IRQHandler                  0x0800032f   Thumb Code     0  startup_stm32f407xx.o(.text)
    DMA1_Stream1_IRQHandler                  0x0800032f   Thumb Code     0  startup_stm32f407xx.o(.text)
    DMA1_Stream2_IRQHandler                  0x0800032f   Thumb Code     0  startup_stm32f407xx.o(.text)
    DMA1_Stream3_IRQHandler                  0x0800032f   Thumb Code     0  startup_stm32f407xx.o(.text)
    DMA1_Stream4_IRQHandler                  0x0800032f   Thumb Code     0  startup_stm32f407xx.o(.text)
    DMA1_Stream5_IRQHandler                  0x0800032f   Thumb Code     0  startup_stm32f407xx.o(.text)
    DMA1_Stream6_IRQHandler                  0x0800032f   Thumb Code     0  startup_stm32f407xx.o(.text)
    DMA1_Stream7_IRQHandler                  0x0800032f   Thumb Code     0  startup_stm32f407xx.o(.text)
    DMA2_Stream0_IRQHandler                  0x0800032f   Thumb Code     0  startup_stm32f407xx.o(.text)
    DMA2_Stream1_IRQHandler                  0x0800032f   Thumb Code     0  startup_stm32f407xx.o(.text)
    DMA2_Stream2_IRQHandler                  0x0800032f   Thumb Code     0  startup_stm32f407xx.o(.text)
    DMA2_Stream3_IRQHandler                  0x0800032f   Thumb Code     0  startup_stm32f407xx.o(.text)
    DMA2_Stream4_IRQHandler                  0x0800032f   Thumb Code     0  startup_stm32f407xx.o(.text)
    DMA2_Stream5_IRQHandler                  0x0800032f   Thumb Code     0  startup_stm32f407xx.o(.text)
    DMA2_Stream6_IRQHandler                  0x0800032f   Thumb Code     0  startup_stm32f407xx.o(.text)
    DMA2_Stream7_IRQHandler                  0x0800032f   Thumb Code     0  startup_stm32f407xx.o(.text)
    ETH_IRQHandler                           0x0800032f   Thumb Code     0  startup_stm32f407xx.o(.text)
    ETH_WKUP_IRQHandler                      0x0800032f   Thumb Code     0  startup_stm32f407xx.o(.text)
    EXTI0_IRQHandler                         0x0800032f   Thumb Code     0  startup_stm32f407xx.o(.text)
    EXTI15_10_IRQHandler                     0x0800032f   Thumb Code     0  startup_stm32f407xx.o(.text)
    EXTI1_IRQHandler                         0x0800032f   Thumb Code     0  startup_stm32f407xx.o(.text)
    EXTI2_IRQHandler                         0x0800032f   Thumb Code     0  startup_stm32f407xx.o(.text)
    EXTI3_IRQHandler                         0x0800032f   Thumb Code     0  startup_stm32f407xx.o(.text)
    EXTI4_IRQHandler                         0x0800032f   Thumb Code     0  startup_stm32f407xx.o(.text)
    EXTI9_5_IRQHandler                       0x0800032f   Thumb Code     0  startup_stm32f407xx.o(.text)
    FLASH_IRQHandler                         0x0800032f   Thumb Code     0  startup_stm32f407xx.o(.text)
    FMC_IRQHandler                           0x0800032f   Thumb Code     0  startup_stm32f407xx.o(.text)
    FPU_IRQHandler                           0x0800032f   Thumb Code     0  startup_stm32f407xx.o(.text)
    HASH_RNG_IRQHandler                      0x0800032f   Thumb Code     0  startup_stm32f407xx.o(.text)
    I2C1_ER_IRQHandler                       0x0800032f   Thumb Code     0  startup_stm32f407xx.o(.text)
    I2C1_EV_IRQHandler                       0x0800032f   Thumb Code     0  startup_stm32f407xx.o(.text)
    I2C2_ER_IRQHandler                       0x0800032f   Thumb Code     0  startup_stm32f407xx.o(.text)
    I2C2_EV_IRQHandler                       0x0800032f   Thumb Code     0  startup_stm32f407xx.o(.text)
    I2C3_ER_IRQHandler                       0x0800032f   Thumb Code     0  startup_stm32f407xx.o(.text)
    I2C3_EV_IRQHandler                       0x0800032f   Thumb Code     0  startup_stm32f407xx.o(.text)
    OTG_FS_IRQHandler                        0x0800032f   Thumb Code     0  startup_stm32f407xx.o(.text)
    OTG_FS_WKUP_IRQHandler                   0x0800032f   Thumb Code     0  startup_stm32f407xx.o(.text)
    OTG_HS_EP1_IN_IRQHandler                 0x0800032f   Thumb Code     0  startup_stm32f407xx.o(.text)
    OTG_HS_EP1_OUT_IRQHandler                0x0800032f   Thumb Code     0  startup_stm32f407xx.o(.text)
    OTG_HS_IRQHandler                        0x0800032f   Thumb Code     0  startup_stm32f407xx.o(.text)
    OTG_HS_WKUP_IRQHandler                   0x0800032f   Thumb Code     0  startup_stm32f407xx.o(.text)
    PVD_IRQHandler                           0x0800032f   Thumb Code     0  startup_stm32f407xx.o(.text)
    RCC_IRQHandler                           0x0800032f   Thumb Code     0  startup_stm32f407xx.o(.text)
    RTC_Alarm_IRQHandler                     0x0800032f   Thumb Code     0  startup_stm32f407xx.o(.text)
    RTC_WKUP_IRQHandler                      0x0800032f   Thumb Code     0  startup_stm32f407xx.o(.text)
    SDIO_IRQHandler                          0x0800032f   Thumb Code     0  startup_stm32f407xx.o(.text)
    SPI1_IRQHandler                          0x0800032f   Thumb Code     0  startup_stm32f407xx.o(.text)
    SPI2_IRQHandler                          0x0800032f   Thumb Code     0  startup_stm32f407xx.o(.text)
    SPI3_IRQHandler                          0x0800032f   Thumb Code     0  startup_stm32f407xx.o(.text)
    TAMP_STAMP_IRQHandler                    0x0800032f   Thumb Code     0  startup_stm32f407xx.o(.text)
    TIM1_BRK_TIM9_IRQHandler                 0x0800032f   Thumb Code     0  startup_stm32f407xx.o(.text)
    TIM1_CC_IRQHandler                       0x0800032f   Thumb Code     0  startup_stm32f407xx.o(.text)
    TIM1_TRG_COM_TIM11_IRQHandler            0x0800032f   Thumb Code     0  startup_stm32f407xx.o(.text)
    TIM1_UP_TIM10_IRQHandler                 0x0800032f   Thumb Code     0  startup_stm32f407xx.o(.text)
    TIM2_IRQHandler                          0x0800032f   Thumb Code     0  startup_stm32f407xx.o(.text)
    TIM3_IRQHandler                          0x0800032f   Thumb Code     0  startup_stm32f407xx.o(.text)
    TIM4_IRQHandler                          0x0800032f   Thumb Code     0  startup_stm32f407xx.o(.text)
    TIM5_IRQHandler                          0x0800032f   Thumb Code     0  startup_stm32f407xx.o(.text)
    TIM7_IRQHandler                          0x0800032f   Thumb Code     0  startup_stm32f407xx.o(.text)
    TIM8_BRK_TIM12_IRQHandler                0x0800032f   Thumb Code     0  startup_stm32f407xx.o(.text)
    TIM8_CC_IRQHandler                       0x0800032f   Thumb Code     0  startup_stm32f407xx.o(.text)
    TIM8_TRG_COM_TIM14_IRQHandler            0x0800032f   Thumb Code     0  startup_stm32f407xx.o(.text)
    TIM8_UP_TIM13_IRQHandler                 0x0800032f   Thumb Code     0  startup_stm32f407xx.o(.text)
    UART4_IRQHandler                         0x0800032f   Thumb Code     0  startup_stm32f407xx.o(.text)
    UART5_IRQHandler                         0x0800032f   Thumb Code     0  startup_stm32f407xx.o(.text)
    USART1_IRQHandler                        0x0800032f   Thumb Code     0  startup_stm32f407xx.o(.text)
    USART2_IRQHandler                        0x0800032f   Thumb Code     0  startup_stm32f407xx.o(.text)
    USART3_IRQHandler                        0x0800032f   Thumb Code     0  startup_stm32f407xx.o(.text)
    USART6_IRQHandler                        0x0800032f   Thumb Code     0  startup_stm32f407xx.o(.text)
    WWDG_IRQHandler                          0x0800032f   Thumb Code     0  startup_stm32f407xx.o(.text)
    __user_initial_stackheap                 0x08000331   Thumb Code     0  startup_stm32f407xx.o(.text)
    __use_no_semihosting                     0x08000355   Thumb Code     2  use_no_semi_2.o(.text)
    __aeabi_uldivmod                         0x08000357   Thumb Code     0  lludivv7m.o(.text)
    _ll_udiv                                 0x08000357   Thumb Code   238  lludivv7m.o(.text)
    vsnprintf                                0x08000445   Thumb Code    48  vsnprintf.o(.text)
    __2printf                                0x08000479   Thumb Code    20  __2printf.o(.text)
    __2sprintf                               0x08000491   Thumb Code    38  __2sprintf.o(.text)
    _printf_pre_padding                      0x080004bd   Thumb Code    44  _printf_pad.o(.text)
    _printf_post_padding                     0x080004e9   Thumb Code    34  _printf_pad.o(.text)
    _printf_str                              0x0800050b   Thumb Code    82  _printf_str.o(.text)
    _printf_int_dec                          0x0800055d   Thumb Code   104  _printf_dec.o(.text)
    _printf_longlong_dec                     0x080005d5   Thumb Code   108  _printf_longlong_dec.o(.text)
    _printf_longlong_hex                     0x08000651   Thumb Code    86  _printf_hex_int_ll_ptr.o(.text)
    _printf_int_hex                          0x080006a7   Thumb Code    28  _printf_hex_int_ll_ptr.o(.text)
    _printf_ll_hex                           0x080006c3   Thumb Code    12  _printf_hex_int_ll_ptr.o(.text)
    _printf_hex_ptr                          0x080006cf   Thumb Code    18  _printf_hex_int_ll_ptr.o(.text)
    __printf                                 0x080006e5   Thumb Code   388  __printf_flags_ss_wp.o(.text)
    strlen                                   0x0800086d   Thumb Code    62  strlen.o(.text)
    strncmp                                  0x080008ab   Thumb Code   150  strncmp.o(.text)
    __aeabi_memcpy                           0x08000941   Thumb Code     0  rt_memcpy_v6.o(.text)
    __rt_memcpy                              0x08000941   Thumb Code   138  rt_memcpy_v6.o(.text)
    _memcpy_lastbytes                        0x080009a7   Thumb Code     0  rt_memcpy_v6.o(.text)
    __aeabi_memcpy4                          0x080009cb   Thumb Code     0  rt_memcpy_w.o(.text)
    __aeabi_memcpy8                          0x080009cb   Thumb Code     0  rt_memcpy_w.o(.text)
    __rt_memcpy_w                            0x080009cb   Thumb Code   100  rt_memcpy_w.o(.text)
    _memcpy_lastbytes_aligned                0x08000a13   Thumb Code     0  rt_memcpy_w.o(.text)
    __aeabi_memset                           0x08000a2f   Thumb Code    16  aeabi_memset.o(.text)
    __aeabi_memclr4                          0x08000a3f   Thumb Code     0  rt_memclr_w.o(.text)
    __aeabi_memclr8                          0x08000a3f   Thumb Code     0  rt_memclr_w.o(.text)
    __rt_memclr_w                            0x08000a3f   Thumb Code    78  rt_memclr_w.o(.text)
    _memset_w                                0x08000a43   Thumb Code     0  rt_memclr_w.o(.text)
    strncpy                                  0x08000a8d   Thumb Code    86  strncpy.o(.text)
    strcmp                                   0x08000ae5   Thumb Code   128  strcmpv7m.o(.text)
    localtime                                0x08000b65   Thumb Code     6  localtime.o(.text)
    mktime                                   0x08000baf   Thumb Code   356  mktime.o(.text)
    __use_two_region_memory                  0x08000d1d   Thumb Code     2  heapauxi.o(.text)
    __rt_heap_escrow$2region                 0x08000d1f   Thumb Code     2  heapauxi.o(.text)
    __rt_heap_expand$2region                 0x08000d21   Thumb Code     2  heapauxi.o(.text)
    __semihosting$guard                      0x08000d23   Thumb Code     0  use_no_semi.o(.text)
    __use_no_semihosting_swi                 0x08000d23   Thumb Code     2  use_no_semi.o(.text)
    _ll_udiv10                               0x08000d25   Thumb Code   138  lludiv10.o(.text)
    _printf_truncate_signed                  0x08000daf   Thumb Code    18  _printf_truncate.o(.text)
    _printf_truncate_unsigned                0x08000dc1   Thumb Code    18  _printf_truncate.o(.text)
    _printf_int_common                       0x08000dd3   Thumb Code   178  _printf_intcommon.o(.text)
    _printf_charcount                        0x08000e85   Thumb Code    40  _printf_charcount.o(.text)
    _printf_char_common                      0x08000eb7   Thumb Code    32  _printf_char_common.o(.text)
    _sputc                                   0x08000edd   Thumb Code    10  _sputc.o(.text)
    _snputc                                  0x08000ee7   Thumb Code    16  _snputc.o(.text)
    _printf_cs_common                        0x08000ef7   Thumb Code    20  _printf_char.o(.text)
    _printf_char                             0x08000f0b   Thumb Code    16  _printf_char.o(.text)
    _printf_string                           0x08000f1b   Thumb Code     8  _printf_char.o(.text)
    _printf_char_file                        0x08000f25   Thumb Code    32  _printf_char_file.o(.text)
    _printf_wctomb                           0x08000f49   Thumb Code   182  _printf_wctomb.o(.text)
    _printf_longlong_oct                     0x08001005   Thumb Code    66  _printf_oct_int_ll.o(.text)
    _printf_int_oct                          0x08001047   Thumb Code    24  _printf_oct_int_ll.o(.text)
    _printf_ll_oct                           0x0800105f   Thumb Code    12  _printf_oct_int_ll.o(.text)
    __aeabi_memclr                           0x08001075   Thumb Code     0  rt_memclr.o(.text)
    __rt_memclr                              0x08001075   Thumb Code    68  rt_memclr.o(.text)
    _memset                                  0x08001079   Thumb Code     0  rt_memclr.o(.text)
    _localtime_r                             0x080010b9   Thumb Code   178  localtime_internal.o(.text)
    _n$localtime_r                           0x080010b9   Thumb Code     0  localtime_internal.o(.text)
    __lib_sel_fp_printf                      0x08001171   Thumb Code     2  _printf_fp_dec.o(.text)
    _printf_fp_dec_real                      0x08001323   Thumb Code   620  _printf_fp_dec.o(.text)
    _printf_fp_hex_real                      0x08001591   Thumb Code   756  _printf_fp_hex.o(.text)
    _printf_lcs_common                       0x0800188d   Thumb Code    20  _printf_wchar.o(.text)
    _printf_wchar                            0x080018a1   Thumb Code    16  _printf_wchar.o(.text)
    _printf_wstring                          0x080018b1   Thumb Code     8  _printf_wchar.o(.text)
    ferror                                   0x080018b9   Thumb Code     8  ferror.o(.text)
    _wcrtomb                                 0x080018c1   Thumb Code    64  _wcrtomb.o(.text)
    __user_setup_stackheap                   0x08001901   Thumb Code    74  sys_stackheap_outer.o(.text)
    __rt_ctype_table                         0x0800194d   Thumb Code    16  rt_ctype_table.o(.text)
    __rt_locale                              0x0800195d   Thumb Code     8  rt_locale_intlibspace.o(.text)
    _printf_fp_infnan                        0x08001965   Thumb Code   112  _printf_fp_infnan.o(.text)
    _btod_etento                             0x080019e5   Thumb Code   224  bigflt0.o(.text)
    exit                                     0x08001ac9   Thumb Code    18  exit.o(.text)
    __user_libspace                          0x08001add   Thumb Code     8  libspace.o(.text)
    __user_perproc_libspace                  0x08001add   Thumb Code     0  libspace.o(.text)
    __user_perthread_libspace                0x08001add   Thumb Code     0  libspace.o(.text)
    _btod_d2e                                0x08001ae5   Thumb Code    62  btod.o(CL$$btod_d2e)
    _d2e_denorm_low                          0x08001b23   Thumb Code    70  btod.o(CL$$btod_d2e_denorm_low)
    _d2e_norm_op1                            0x08001b69   Thumb Code    96  btod.o(CL$$btod_d2e_norm_op1)
    __btod_div_common                        0x08001bc9   Thumb Code   696  btod.o(CL$$btod_div_common)
    _e2e                                     0x08001f01   Thumb Code   220  btod.o(CL$$btod_e2e)
    _btod_ediv                               0x08001fdd   Thumb Code    42  btod.o(CL$$btod_ediv)
    _btod_emul                               0x08002007   Thumb Code    42  btod.o(CL$$btod_emul)
    __btod_mult_common                       0x08002031   Thumb Code   580  btod.o(CL$$btod_mult_common)
    BusFault_Handler                         0x08002275   Thumb Code     2  stm32f4xx_it.o(i.BusFault_Handler)
    DWT_Delay100us                           0x08002277   Thumb Code     6  dwt.o(i.DWT_Delay100us)
    DWT_Delay_us                             0x0800227d   Thumb Code    28  dwt.o(i.DWT_Delay_us)
    DWT_Init                                 0x080022a5   Thumb Code    26  dwt.o(i.DWT_Init)
    DebugMon_Handler                         0x080022c9   Thumb Code     2  stm32f4xx_it.o(i.DebugMon_Handler)
    Error_Handler                            0x080022cb   Thumb Code     4  main.o(i.Error_Handler)
    HAL_Delay                                0x080022d1   Thumb Code    32  stm32f4xx_hal.o(i.HAL_Delay)
    HAL_GPIO_Init                            0x080022f5   Thumb Code   450  stm32f4xx_hal_gpio.o(i.HAL_GPIO_Init)
    HAL_GPIO_WritePin                        0x080024e5   Thumb Code    10  stm32f4xx_hal_gpio.o(i.HAL_GPIO_WritePin)
    HAL_GetTick                              0x080024f1   Thumb Code     6  stm32f4xx_hal.o(i.HAL_GetTick)
    HAL_IncTick                              0x080024fd   Thumb Code    12  stm32f4xx_hal.o(i.HAL_IncTick)
    HAL_Init                                 0x0800250d   Thumb Code    48  stm32f4xx_hal.o(i.HAL_Init)
    HAL_InitTick                             0x08002541   Thumb Code   132  stm32f4xx_hal_timebase_tim.o(i.HAL_InitTick)
    HAL_MspInit                              0x080025d9   Thumb Code    42  stm32f4xx_hal_msp.o(i.HAL_MspInit)
    HAL_NVIC_EnableIRQ                       0x08002609   Thumb Code    26  stm32f4xx_hal_cortex.o(i.HAL_NVIC_EnableIRQ)
    HAL_NVIC_SetPriority                     0x08002625   Thumb Code    60  stm32f4xx_hal_cortex.o(i.HAL_NVIC_SetPriority)
    HAL_NVIC_SetPriorityGrouping             0x08002665   Thumb Code    26  stm32f4xx_hal_cortex.o(i.HAL_NVIC_SetPriorityGrouping)
    HAL_PWR_EnableBkUpAccess                 0x08002689   Thumb Code    16  stm32f4xx_hal_pwr.o(i.HAL_PWR_EnableBkUpAccess)
    HAL_RCCEx_PeriphCLKConfig                0x080026a1   Thumb Code   296  stm32f4xx_hal_rcc_ex.o(i.HAL_RCCEx_PeriphCLKConfig)
    HAL_RCC_ClockConfig                      0x080027dd   Thumb Code   288  stm32f4xx_hal_rcc.o(i.HAL_RCC_ClockConfig)
    HAL_RCC_GetClockConfig                   0x08002911   Thumb Code    54  stm32f4xx_hal_rcc.o(i.HAL_RCC_GetClockConfig)
    HAL_RCC_GetPCLK1Freq                     0x08002951   Thumb Code    20  stm32f4xx_hal_rcc.o(i.HAL_RCC_GetPCLK1Freq)
    HAL_RCC_GetPCLK2Freq                     0x08002971   Thumb Code    20  stm32f4xx_hal_rcc.o(i.HAL_RCC_GetPCLK2Freq)
    HAL_RCC_GetSysClockFreq                  0x08002991   Thumb Code    88  stm32f4xx_hal_rcc.o(i.HAL_RCC_GetSysClockFreq)
    HAL_RCC_OscConfig                        0x080029f1   Thumb Code   856  stm32f4xx_hal_rcc.o(i.HAL_RCC_OscConfig)
    HAL_RTCEx_BKUPRead                       0x08002d5d   Thumb Code    10  stm32f4xx_hal_rtc_ex.o(i.HAL_RTCEx_BKUPRead)
    HAL_RTCEx_BKUPWrite                      0x08002d67   Thumb Code    10  stm32f4xx_hal_rtc_ex.o(i.HAL_RTCEx_BKUPWrite)
    HAL_RTC_GetDate                          0x08002d71   Thumb Code    62  stm32f4xx_hal_rtc.o(i.HAL_RTC_GetDate)
    HAL_RTC_GetTime                          0x08002db5   Thumb Code    78  stm32f4xx_hal_rtc.o(i.HAL_RTC_GetTime)
    HAL_RTC_Init                             0x08002e09   Thumb Code   150  stm32f4xx_hal_rtc.o(i.HAL_RTC_Init)
    HAL_RTC_MspInit                          0x08002ea5   Thumb Code    48  rtc.o(i.HAL_RTC_MspInit)
    HAL_RTC_SetDate                          0x08002edd   Thumb Code   146  stm32f4xx_hal_rtc.o(i.HAL_RTC_SetDate)
    HAL_RTC_SetTime                          0x08002f75   Thumb Code   186  stm32f4xx_hal_rtc.o(i.HAL_RTC_SetTime)
    HAL_RTC_WaitForSynchro                   0x08003035   Thumb Code    50  stm32f4xx_hal_rtc.o(i.HAL_RTC_WaitForSynchro)
    HAL_SPI_Init                             0x0800306d   Thumb Code   188  stm32f4xx_hal_spi.o(i.HAL_SPI_Init)
    HAL_SPI_MspInit                          0x08003129   Thumb Code    92  spi.o(i.HAL_SPI_MspInit)
    HAL_SPI_Receive                          0x08003191   Thumb Code   340  stm32f4xx_hal_spi.o(i.HAL_SPI_Receive)
    HAL_SPI_Transmit                         0x080032e5   Thumb Code   358  stm32f4xx_hal_spi.o(i.HAL_SPI_Transmit)
    HAL_SPI_TransmitReceive                  0x0800344b   Thumb Code   496  stm32f4xx_hal_spi.o(i.HAL_SPI_TransmitReceive)
    HAL_TIMEx_BreakCallback                  0x0800363b   Thumb Code     2  stm32f4xx_hal_tim_ex.o(i.HAL_TIMEx_BreakCallback)
    HAL_TIMEx_CommutCallback                 0x0800363d   Thumb Code     2  stm32f4xx_hal_tim_ex.o(i.HAL_TIMEx_CommutCallback)
    HAL_TIM_Base_Init                        0x0800363f   Thumb Code    90  stm32f4xx_hal_tim.o(i.HAL_TIM_Base_Init)
    HAL_TIM_Base_MspInit                     0x08003699   Thumb Code     2  stm32f4xx_hal_tim.o(i.HAL_TIM_Base_MspInit)
    HAL_TIM_Base_Start_IT                    0x0800369d   Thumb Code   100  stm32f4xx_hal_tim.o(i.HAL_TIM_Base_Start_IT)
    HAL_TIM_IC_CaptureCallback               0x0800371d   Thumb Code     2  stm32f4xx_hal_tim.o(i.HAL_TIM_IC_CaptureCallback)
    HAL_TIM_IRQHandler                       0x0800371f   Thumb Code   304  stm32f4xx_hal_tim.o(i.HAL_TIM_IRQHandler)
    HAL_TIM_OC_DelayElapsedCallback          0x0800384f   Thumb Code     2  stm32f4xx_hal_tim.o(i.HAL_TIM_OC_DelayElapsedCallback)
    HAL_TIM_PWM_PulseFinishedCallback        0x08003851   Thumb Code     2  stm32f4xx_hal_tim.o(i.HAL_TIM_PWM_PulseFinishedCallback)
    HAL_TIM_PeriodElapsedCallback            0x08003855   Thumb Code    14  main.o(i.HAL_TIM_PeriodElapsedCallback)
    HAL_TIM_TriggerCallback                  0x08003869   Thumb Code     2  stm32f4xx_hal_tim.o(i.HAL_TIM_TriggerCallback)
    HAL_UART_Init                            0x0800386b   Thumb Code   100  stm32f4xx_hal_uart.o(i.HAL_UART_Init)
    HAL_UART_MspInit                         0x080038d1   Thumb Code    94  usart.o(i.HAL_UART_MspInit)
    HardFault_Handler                        0x0800393d   Thumb Code     2  stm32f4xx_it.o(i.HardFault_Handler)
    MX_GPIO_Init                             0x08003941   Thumb Code   172  gpio.o(i.MX_GPIO_Init)
    MX_RTC_Init                              0x080039f9   Thumb Code   176  rtc.o(i.MX_RTC_Init)
    MX_SPI1_Init                             0x08003ab5   Thumb Code    64  spi.o(i.MX_SPI1_Init)
    MX_USART1_UART_Init                      0x08003afd   Thumb Code    48  usart.o(i.MX_USART1_UART_Init)
    MemManage_Handler                        0x08003b35   Thumb Code     2  stm32f4xx_it.o(i.MemManage_Handler)
    NMI_Handler                              0x08003b37   Thumb Code     2  stm32f4xx_it.o(i.NMI_Handler)
    PendSV_Handler                           0x08003b39   Thumb Code     2  stm32f4xx_it.o(i.PendSV_Handler)
    RTC_Bcd2ToByte                           0x08003b3b   Thumb Code    18  stm32f4xx_hal_rtc.o(i.RTC_Bcd2ToByte)
    RTC_ByteToBcd2                           0x08003b4d   Thumb Code    22  stm32f4xx_hal_rtc.o(i.RTC_ByteToBcd2)
    RTC_EnterInitMode                        0x08003b65   Thumb Code    72  stm32f4xx_hal_rtc.o(i.RTC_EnterInitMode)
    RTC_ExitInitMode                         0x08003bad   Thumb Code    42  stm32f4xx_hal_rtc.o(i.RTC_ExitInitMode)
    SVC_Handler                              0x08003d5d   Thumb Code     2  stm32f4xx_it.o(i.SVC_Handler)
    SysTick_Handler                          0x08003d5f   Thumb Code     2  stm32f4xx_it.o(i.SysTick_Handler)
    SystemClock_Config                       0x08003d61   Thumb Code   144  main.o(i.SystemClock_Config)
    SystemInit                               0x08003df9   Thumb Code    12  system_stm32f4xx.o(i.SystemInit)
    TIM6_DAC_IRQHandler                      0x08003e09   Thumb Code     6  stm32f4xx_it.o(i.TIM6_DAC_IRQHandler)
    TIM_Base_SetConfig                       0x08003e15   Thumb Code   164  stm32f4xx_hal_tim.o(i.TIM_Base_SetConfig)
    UsageFault_Handler                       0x08004025   Thumb Code     2  stm32f4xx_it.o(i.UsageFault_Handler)
    __ARM_fpclassify                         0x08004027   Thumb Code    48  fpclassify.o(i.__ARM_fpclassify)
    _fdb_continue_ff_addr                    0x08004077   Thumb Code    96  fdb_utils.o(i._fdb_continue_ff_addr)
    _fdb_db_path                             0x080040d7   Thumb Code    14  fdb.o(i._fdb_db_path)
    _fdb_flash_erase                         0x080040e5   Thumb Code    28  fdb_utils.o(i._fdb_flash_erase)
    _fdb_flash_read                          0x08004101   Thumb Code    28  fdb_utils.o(i._fdb_flash_read)
    _fdb_flash_write                         0x0800411d   Thumb Code    28  fdb_utils.o(i._fdb_flash_write)
    _fdb_get_status                          0x08004139   Thumb Code    40  fdb_utils.o(i._fdb_get_status)
    _fdb_init_ex                             0x08004161   Thumb Code   314  fdb.o(i._fdb_init_ex)
    _fdb_init_finish                         0x080043b9   Thumb Code   112  fdb.o(i._fdb_init_finish)
    _fdb_read_status                         0x080045a5   Thumb Code    54  fdb_utils.o(i._fdb_read_status)
    _fdb_set_status                          0x08004629   Thumb Code    44  fdb_utils.o(i._fdb_set_status)
    _fdb_write_status                        0x08004655   Thumb Code    98  fdb_utils.o(i._fdb_write_status)
    _is_digit                                0x08004721   Thumb Code    14  __printf_wp.o(i._is_digit)
    _sys_exit                                0x0800472f   Thumb Code     2  usart.o(i._sys_exit)
    fal_flash_device_find                    0x080054f1   Thumb Code    58  fal_flash.o(i.fal_flash_device_find)
    fal_flash_init                           0x08005565   Thumb Code   138  fal_flash.o(i.fal_flash_init)
    fal_init                                 0x08005689   Thumb Code    74  fal.o(i.fal_init)
    fal_partition_erase                      0x08005785   Thumb Code   150  fal_partition.o(i.fal_partition_erase)
    fal_partition_find                       0x080058e1   Thumb Code    62  fal_partition.o(i.fal_partition_find)
    fal_partition_init                       0x08005951   Thumb Code    36  fal_partition.o(i.fal_partition_init)
    fal_partition_read                       0x0800597d   Thumb Code   172  fal_partition.o(i.fal_partition_read)
    fal_partition_write                      0x08005aed   Thumb Code   172  fal_partition.o(i.fal_partition_write)
    fal_show_part_table                      0x08005c61   Thumb Code   246  fal_partition.o(i.fal_show_part_table)
    fdb_blob_make                            0x08005ea5   Thumb Code     6  fdb_utils.o(i.fdb_blob_make)
    fdb_blob_read                            0x08005eab   Thumb Code    34  fdb_utils.o(i.fdb_blob_read)
    fdb_calc_crc32                           0x08005ecd   Thumb Code    32  fdb_utils.o(i.fdb_calc_crc32)
    fdb_kv_del                               0x08005f0d   Thumb Code    78  fdb_kvdb.o(i.fdb_kv_del)
    fdb_kv_get                               0x08005fa1   Thumb Code   124  fdb_kvdb.o(i.fdb_kv_get)
    fdb_kv_get_blob                          0x0800607d   Thumb Code   140  fdb_kvdb.o(i.fdb_kv_get_blob)
    fdb_kv_set                               0x0800614d   Thumb Code    48  fdb_kvdb.o(i.fdb_kv_set)
    fdb_kv_set_blob                          0x0800617d   Thumb Code    80  fdb_kvdb.o(i.fdb_kv_set_blob)
    fdb_kv_set_default                       0x08006211   Thumb Code   154  fdb_kvdb.o(i.fdb_kv_set_default)
    fdb_kvdb_control                         0x080062ad   Thumb Code   194  fdb_kvdb.o(i.fdb_kvdb_control)
    fdb_kvdb_init                            0x080063d5   Thumb Code   318  fdb_kvdb.o(i.fdb_kvdb_init)
    fdb_tsdb_control                         0x080065bd   Thumb Code   260  fdb_tsdb.o(i.fdb_tsdb_control)
    fdb_tsdb_init                            0x08006741   Thumb Code   382  fdb_tsdb.o(i.fdb_tsdb_init)
    fdb_tsl_append                           0x0800695d   Thumb Code    76  fdb_tsdb.o(i.fdb_tsl_append)
    fdb_tsl_iter                             0x080069ed   Thumb Code   176  fdb_tsdb.o(i.fdb_tsl_iter)
    fdb_tsl_iter_by_time                     0x08006ae1   Thumb Code   402  fdb_tsdb.o(i.fdb_tsl_iter_by_time)
    fdb_tsl_query_count                      0x08006cc9   Thumb Code    82  fdb_tsdb.o(i.fdb_tsl_query_count)
    fdb_tsl_set_status                       0x08006d65   Thumb Code    20  fdb_tsdb.o(i.fdb_tsl_set_status)
    fdb_tsl_to_blob                          0x08006d79   Thumb Code    16  fdb_tsdb.o(i.fdb_tsl_to_blob)
    flashdb_app_Start                        0x08006f79   Thumb Code   136  flashdb_app.o(i.flashdb_app_Start)
    fputc                                    0x08007219   Thumb Code    14  usart.o(i.fputc)
    main                                     0x08007e15   Thumb Code   166  main.o(i.main)
    sfud_chip_erase                          0x08009b91   Thumb Code   174  sfud.o(i.sfud_chip_erase)
    sfud_device_init                         0x08009cc5   Thumb Code    66  sfud.o(i.sfud_device_init)
    sfud_erase                               0x08009da9   Thumb Code   330  sfud.o(i.sfud_erase)
    sfud_log_debug                           0x08009f9d   Thumb Code    44  sfud_port.o(i.sfud_log_debug)
    sfud_log_info                            0x08009fe1   Thumb Code    40  sfud_port.o(i.sfud_log_info)
    sfud_read                                0x0800a019   Thumb Code   184  sfud.o(i.sfud_read)
    sfud_read_sfdp                           0x0800a155   Thumb Code    62  sfud_sfdp.o(i.sfud_read_sfdp)
    sfud_read_status                         0x0800a1e1   Thumb Code    66  sfud.o(i.sfud_read_status)
    sfud_sfdp_get_suitable_eraser            0x0800a271   Thumb Code    86  sfud_sfdp.o(i.sfud_sfdp_get_suitable_eraser)
    sfud_spi_port_init                       0x0800a321   Thumb Code    34  sfud_port.o(i.sfud_spi_port_init)
    sfud_write                               0x0800a35d   Thumb Code    42  sfud.o(i.sfud_write)
    sfud_write_status                        0x0800a389   Thumb Code   108  sfud.o(i.sfud_write_status)
    spi_flash_init                           0x0800a461   Thumb Code    18  flashdb_app.o(i.spi_flash_init)
    _get_lc_numeric                          0x0800ae9d   Thumb Code    44  lc_numeric_c.o(locale$$code)
    _get_lc_ctype                            0x0800aec9   Thumb Code    44  lc_ctype_c.o(locale$$code)
    _fp_init                                 0x0800aef5   Thumb Code    10  fpinit.o(x$fpl$fpinit)
    __fplib_config_fpu_vfp                   0x0800aefd   Thumb Code     0  fpinit.o(x$fpl$fpinit)
    __fplib_config_pureend_doubles           0x0800aefd   Thumb Code     0  fpinit.o(x$fpl$fpinit)
    _printf_fp_dec                           0x0800aeff   Thumb Code     4  printf1.o(x$fpl$printf1)
    _printf_fp_hex                           0x0800af03   Thumb Code     4  printf2.o(x$fpl$printf2)
    AHBPrescTable                            0x0800af06   Data          16  system_stm32f4xx.o(.constdata)
    __I$use$fp                               0x0800af06   Number         0  usenofp.o(x$fpl$usenofp)
    APBPrescTable                            0x0800af16   Data           8  system_stm32f4xx.o(.constdata)
    _monlen                                  0x0800baf0   Data          12  _monlen.o(.constdata)
    Region$$Table$$Base                      0x0800c8d0   Number         0  anon$$obj.o(Region$$Table)
    Region$$Table$$Limit                     0x0800c8f0   Number         0  anon$$obj.o(Region$$Table)
    __ctype                                  0x0800c919   Data           0  lc_ctype_c.o(locale$$data)
    __stdout                                 0x20000004   Data           4  usart.o(.data)
    uwTickFreq                               0x20000008   Data           1  stm32f4xx_hal.o(.data)
    uwTickPrio                               0x2000000c   Data           4  stm32f4xx_hal.o(.data)
    uwTick                                   0x20000010   Data           4  stm32f4xx_hal.o(.data)
    SystemCoreClock                          0x20000014   Data           4  system_stm32f4xx.o(.data)
    nor_flash0                               0x2000002c   Data          56  fal_flash_sfud_port.o(.data)
    sfud_norflash0                           0x200000e8   Data         116  flashdb_app.o(.data)
    hrtc                                     0x20000174   Data          32  rtc.o(.bss)
    hspi1                                    0x20000194   Data          88  spi.o(.bss)
    huart1                                   0x200001ec   Data          72  usart.o(.bss)
    htim6                                    0x20000234   Data          72  stm32f4xx_hal_timebase_tim.o(.bss)
    tsdb                                     0x200007f8   Data         120  flashdb_app.o(.bss)
    __libspace_start                         0x20000920   Data          96  libspace.o(.bss)
    __temporary_stack_top$libspace           0x20000980   Data           0  libspace.o(.bss)



==============================================================================

Memory Map of the image

  Image Entry point : 0x08000189

  Load Region LR_IROM1 (Base: 0x08000000, Size: 0x0000cb7c, Max: 0x00100000, ABSOLUTE, COMPRESSED[0x0000ca90])

    Execution Region ER_IROM1 (Exec base: 0x08000000, Load base: 0x08000000, Size: 0x0000ca1c, Max: 0x00100000, ABSOLUTE)

    Exec Addr    Load Addr    Size         Type   Attr      Idx    E Section Name        Object

    0x08000000   0x08000000   0x00000188   Data   RO            3    RESET               startup_stm32f407xx.o
    0x08000188   0x08000188   0x00000008   Code   RO         5075  * !!!main             c_w.l(__main.o)
    0x08000190   0x08000190   0x00000034   Code   RO         5355    !!!scatter          c_w.l(__scatter.o)
    0x080001c4   0x080001c4   0x0000005a   Code   RO         5353    !!dczerorl2         c_w.l(__dczerorl2.o)
    0x0800021e   0x0800021e   0x00000002   PAD
    0x08000220   0x08000220   0x0000001c   Code   RO         5357    !!handler_zi        c_w.l(__scatter_zi.o)
    0x0800023c   0x0800023c   0x00000000   Code   RO         5050    .ARM.Collect$$_printf_percent$$00000000  c_w.l(_printf_percent.o)
    0x0800023c   0x0800023c   0x00000006   Code   RO         5112    .ARM.Collect$$_printf_percent$$00000001  c_w.l(_printf_n.o)
    0x08000242   0x08000242   0x00000006   Code   RO         5113    .ARM.Collect$$_printf_percent$$00000002  c_w.l(_printf_p.o)
    0x08000248   0x08000248   0x00000006   Code   RO         5116    .ARM.Collect$$_printf_percent$$00000003  c_w.l(_printf_f.o)
    0x0800024e   0x0800024e   0x00000006   Code   RO         5117    .ARM.Collect$$_printf_percent$$00000004  c_w.l(_printf_e.o)
    0x08000254   0x08000254   0x00000006   Code   RO         5118    .ARM.Collect$$_printf_percent$$00000005  c_w.l(_printf_g.o)
    0x0800025a   0x0800025a   0x00000006   Code   RO         5119    .ARM.Collect$$_printf_percent$$00000006  c_w.l(_printf_a.o)
    0x08000260   0x08000260   0x0000000a   Code   RO         5123    .ARM.Collect$$_printf_percent$$00000007  c_w.l(_printf_ll.o)
    0x0800026a   0x0800026a   0x00000006   Code   RO         5115    .ARM.Collect$$_printf_percent$$00000008  c_w.l(_printf_i.o)
    0x08000270   0x08000270   0x00000006   Code   RO         5048    .ARM.Collect$$_printf_percent$$00000009  c_w.l(_printf_d.o)
    0x08000276   0x08000276   0x00000006   Code   RO         5049    .ARM.Collect$$_printf_percent$$0000000A  c_w.l(_printf_u.o)
    0x0800027c   0x0800027c   0x00000006   Code   RO         5114    .ARM.Collect$$_printf_percent$$0000000B  c_w.l(_printf_o.o)
    0x08000282   0x08000282   0x00000006   Code   RO         5047    .ARM.Collect$$_printf_percent$$0000000C  c_w.l(_printf_x.o)
    0x08000288   0x08000288   0x00000006   Code   RO         5121    .ARM.Collect$$_printf_percent$$0000000D  c_w.l(_printf_lli.o)
    0x0800028e   0x0800028e   0x00000006   Code   RO         5051    .ARM.Collect$$_printf_percent$$0000000E  c_w.l(_printf_lld.o)
    0x08000294   0x08000294   0x00000006   Code   RO         5122    .ARM.Collect$$_printf_percent$$0000000F  c_w.l(_printf_llu.o)
    0x0800029a   0x0800029a   0x00000006   Code   RO         5127    .ARM.Collect$$_printf_percent$$00000010  c_w.l(_printf_llo.o)
    0x080002a0   0x080002a0   0x00000006   Code   RO         5128    .ARM.Collect$$_printf_percent$$00000011  c_w.l(_printf_llx.o)
    0x080002a6   0x080002a6   0x0000000a   Code   RO         5124    .ARM.Collect$$_printf_percent$$00000012  c_w.l(_printf_l.o)
    0x080002b0   0x080002b0   0x00000006   Code   RO         5111    .ARM.Collect$$_printf_percent$$00000013  c_w.l(_printf_c.o)
    0x080002b6   0x080002b6   0x00000006   Code   RO         5046    .ARM.Collect$$_printf_percent$$00000014  c_w.l(_printf_s.o)
    0x080002bc   0x080002bc   0x00000006   Code   RO         5125    .ARM.Collect$$_printf_percent$$00000015  c_w.l(_printf_lc.o)
    0x080002c2   0x080002c2   0x00000006   Code   RO         5126    .ARM.Collect$$_printf_percent$$00000016  c_w.l(_printf_ls.o)
    0x080002c8   0x080002c8   0x00000004   Code   RO         5120    .ARM.Collect$$_printf_percent$$00000017  c_w.l(_printf_percent_end.o)
    0x080002cc   0x080002cc   0x00000002   Code   RO         5224    .ARM.Collect$$libinit$$00000000  c_w.l(libinit.o)
    0x080002ce   0x080002ce   0x00000004   Code   RO         5244    .ARM.Collect$$libinit$$00000001  c_w.l(libinit2.o)
    0x080002d2   0x080002d2   0x00000000   Code   RO         5247    .ARM.Collect$$libinit$$00000004  c_w.l(libinit2.o)
    0x080002d2   0x080002d2   0x00000000   Code   RO         5250    .ARM.Collect$$libinit$$0000000A  c_w.l(libinit2.o)
    0x080002d2   0x080002d2   0x00000000   Code   RO         5252    .ARM.Collect$$libinit$$0000000C  c_w.l(libinit2.o)
    0x080002d2   0x080002d2   0x00000000   Code   RO         5254    .ARM.Collect$$libinit$$0000000E  c_w.l(libinit2.o)
    0x080002d2   0x080002d2   0x00000006   Code   RO         5255    .ARM.Collect$$libinit$$0000000F  c_w.l(libinit2.o)
    0x080002d8   0x080002d8   0x00000000   Code   RO         5257    .ARM.Collect$$libinit$$00000011  c_w.l(libinit2.o)
    0x080002d8   0x080002d8   0x0000000c   Code   RO         5258    .ARM.Collect$$libinit$$00000012  c_w.l(libinit2.o)
    0x080002e4   0x080002e4   0x00000000   Code   RO         5259    .ARM.Collect$$libinit$$00000013  c_w.l(libinit2.o)
    0x080002e4   0x080002e4   0x00000000   Code   RO         5261    .ARM.Collect$$libinit$$00000015  c_w.l(libinit2.o)
    0x080002e4   0x080002e4   0x0000000a   Code   RO         5262    .ARM.Collect$$libinit$$00000016  c_w.l(libinit2.o)
    0x080002ee   0x080002ee   0x00000000   Code   RO         5263    .ARM.Collect$$libinit$$00000017  c_w.l(libinit2.o)
    0x080002ee   0x080002ee   0x00000000   Code   RO         5265    .ARM.Collect$$libinit$$00000019  c_w.l(libinit2.o)
    0x080002ee   0x080002ee   0x00000000   Code   RO         5267    .ARM.Collect$$libinit$$0000001B  c_w.l(libinit2.o)
    0x080002ee   0x080002ee   0x00000000   Code   RO         5269    .ARM.Collect$$libinit$$0000001D  c_w.l(libinit2.o)
    0x080002ee   0x080002ee   0x00000000   Code   RO         5271    .ARM.Collect$$libinit$$0000001F  c_w.l(libinit2.o)
    0x080002ee   0x080002ee   0x00000000   Code   RO         5273    .ARM.Collect$$libinit$$00000021  c_w.l(libinit2.o)
    0x080002ee   0x080002ee   0x00000000   Code   RO         5275    .ARM.Collect$$libinit$$00000023  c_w.l(libinit2.o)
    0x080002ee   0x080002ee   0x00000000   Code   RO         5277    .ARM.Collect$$libinit$$00000025  c_w.l(libinit2.o)
    0x080002ee   0x080002ee   0x00000000   Code   RO         5281    .ARM.Collect$$libinit$$0000002C  c_w.l(libinit2.o)
    0x080002ee   0x080002ee   0x00000000   Code   RO         5283    .ARM.Collect$$libinit$$0000002E  c_w.l(libinit2.o)
    0x080002ee   0x080002ee   0x00000000   Code   RO         5285    .ARM.Collect$$libinit$$00000030  c_w.l(libinit2.o)
    0x080002ee   0x080002ee   0x00000000   Code   RO         5287    .ARM.Collect$$libinit$$00000032  c_w.l(libinit2.o)
    0x080002ee   0x080002ee   0x00000002   Code   RO         5288    .ARM.Collect$$libinit$$00000033  c_w.l(libinit2.o)
    0x080002f0   0x080002f0   0x00000002   Code   RO         5312    .ARM.Collect$$libshutdown$$00000000  c_w.l(libshutdown.o)
    0x080002f2   0x080002f2   0x00000000   Code   RO         5336    .ARM.Collect$$libshutdown$$00000002  c_w.l(libshutdown2.o)
    0x080002f2   0x080002f2   0x00000000   Code   RO         5338    .ARM.Collect$$libshutdown$$00000004  c_w.l(libshutdown2.o)
    0x080002f2   0x080002f2   0x00000000   Code   RO         5341    .ARM.Collect$$libshutdown$$00000007  c_w.l(libshutdown2.o)
    0x080002f2   0x080002f2   0x00000000   Code   RO         5344    .ARM.Collect$$libshutdown$$0000000A  c_w.l(libshutdown2.o)
    0x080002f2   0x080002f2   0x00000000   Code   RO         5346    .ARM.Collect$$libshutdown$$0000000C  c_w.l(libshutdown2.o)
    0x080002f2   0x080002f2   0x00000000   Code   RO         5349    .ARM.Collect$$libshutdown$$0000000F  c_w.l(libshutdown2.o)
    0x080002f2   0x080002f2   0x00000002   Code   RO         5350    .ARM.Collect$$libshutdown$$00000010  c_w.l(libshutdown2.o)
    0x080002f4   0x080002f4   0x00000000   Code   RO         5079    .ARM.Collect$$rtentry$$00000000  c_w.l(__rtentry.o)
    0x080002f4   0x080002f4   0x00000000   Code   RO         5143    .ARM.Collect$$rtentry$$00000002  c_w.l(__rtentry2.o)
    0x080002f4   0x080002f4   0x00000006   Code   RO         5155    .ARM.Collect$$rtentry$$00000004  c_w.l(__rtentry4.o)
    0x080002fa   0x080002fa   0x00000000   Code   RO         5145    .ARM.Collect$$rtentry$$00000009  c_w.l(__rtentry2.o)
    0x080002fa   0x080002fa   0x00000004   Code   RO         5146    .ARM.Collect$$rtentry$$0000000A  c_w.l(__rtentry2.o)
    0x080002fe   0x080002fe   0x00000000   Code   RO         5148    .ARM.Collect$$rtentry$$0000000C  c_w.l(__rtentry2.o)
    0x080002fe   0x080002fe   0x00000008   Code   RO         5149    .ARM.Collect$$rtentry$$0000000D  c_w.l(__rtentry2.o)
    0x08000306   0x08000306   0x00000002   Code   RO         5233    .ARM.Collect$$rtexit$$00000000  c_w.l(rtexit.o)
    0x08000308   0x08000308   0x00000000   Code   RO         5290    .ARM.Collect$$rtexit$$00000002  c_w.l(rtexit2.o)
    0x08000308   0x08000308   0x00000004   Code   RO         5291    .ARM.Collect$$rtexit$$00000003  c_w.l(rtexit2.o)
    0x0800030c   0x0800030c   0x00000006   Code   RO         5292    .ARM.Collect$$rtexit$$00000004  c_w.l(rtexit2.o)
    0x08000312   0x08000312   0x00000002   PAD
    0x08000314   0x08000314   0x00000040   Code   RO            4    .text               startup_stm32f407xx.o
    0x08000354   0x08000354   0x00000002   Code   RO         4981    .text               c_w.l(use_no_semi_2.o)
    0x08000356   0x08000356   0x000000ee   Code   RO         4983    .text               c_w.l(lludivv7m.o)
    0x08000444   0x08000444   0x00000034   Code   RO         4985    .text               c_w.l(vsnprintf.o)
    0x08000478   0x08000478   0x00000018   Code   RO         4987    .text               c_w.l(__2printf.o)
    0x08000490   0x08000490   0x0000002c   Code   RO         4989    .text               c_w.l(__2sprintf.o)
    0x080004bc   0x080004bc   0x0000004e   Code   RO         4997    .text               c_w.l(_printf_pad.o)
    0x0800050a   0x0800050a   0x00000052   Code   RO         4999    .text               c_w.l(_printf_str.o)
    0x0800055c   0x0800055c   0x00000078   Code   RO         5001    .text               c_w.l(_printf_dec.o)
    0x080005d4   0x080005d4   0x0000007c   Code   RO         5003    .text               c_w.l(_printf_longlong_dec.o)
    0x08000650   0x08000650   0x00000094   Code   RO         5023    .text               c_w.l(_printf_hex_int_ll_ptr.o)
    0x080006e4   0x080006e4   0x00000188   Code   RO         5043    .text               c_w.l(__printf_flags_ss_wp.o)
    0x0800086c   0x0800086c   0x0000003e   Code   RO         5052    .text               c_w.l(strlen.o)
    0x080008aa   0x080008aa   0x00000096   Code   RO         5054    .text               c_w.l(strncmp.o)
    0x08000940   0x08000940   0x0000008a   Code   RO         5056    .text               c_w.l(rt_memcpy_v6.o)
    0x080009ca   0x080009ca   0x00000064   Code   RO         5058    .text               c_w.l(rt_memcpy_w.o)
    0x08000a2e   0x08000a2e   0x00000010   Code   RO         5060    .text               c_w.l(aeabi_memset.o)
    0x08000a3e   0x08000a3e   0x0000004e   Code   RO         5062    .text               c_w.l(rt_memclr_w.o)
    0x08000a8c   0x08000a8c   0x00000056   Code   RO         5064    .text               c_w.l(strncpy.o)
    0x08000ae2   0x08000ae2   0x00000002   PAD
    0x08000ae4   0x08000ae4   0x00000080   Code   RO         5066    .text               c_w.l(strcmpv7m.o)
    0x08000b64   0x08000b64   0x0000000c   Code   RO         5068    .text               c_w.l(localtime.o)
    0x08000b70   0x08000b70   0x000001ac   Code   RO         5071    .text               c_w.l(mktime.o)
    0x08000d1c   0x08000d1c   0x00000006   Code   RO         5073    .text               c_w.l(heapauxi.o)
    0x08000d22   0x08000d22   0x00000002   Code   RO         5077    .text               c_w.l(use_no_semi.o)
    0x08000d24   0x08000d24   0x0000008a   Code   RO         5084    .text               c_w.l(lludiv10.o)
    0x08000dae   0x08000dae   0x00000024   Code   RO         5086    .text               c_w.l(_printf_truncate.o)
    0x08000dd2   0x08000dd2   0x000000b2   Code   RO         5088    .text               c_w.l(_printf_intcommon.o)
    0x08000e84   0x08000e84   0x00000028   Code   RO         5090    .text               c_w.l(_printf_charcount.o)
    0x08000eac   0x08000eac   0x00000030   Code   RO         5092    .text               c_w.l(_printf_char_common.o)
    0x08000edc   0x08000edc   0x0000000a   Code   RO         5094    .text               c_w.l(_sputc.o)
    0x08000ee6   0x08000ee6   0x00000010   Code   RO         5096    .text               c_w.l(_snputc.o)
    0x08000ef6   0x08000ef6   0x0000002c   Code   RO         5098    .text               c_w.l(_printf_char.o)
    0x08000f22   0x08000f22   0x00000002   PAD
    0x08000f24   0x08000f24   0x00000024   Code   RO         5100    .text               c_w.l(_printf_char_file.o)
    0x08000f48   0x08000f48   0x000000bc   Code   RO         5102    .text               c_w.l(_printf_wctomb.o)
    0x08001004   0x08001004   0x00000070   Code   RO         5109    .text               c_w.l(_printf_oct_int_ll.o)
    0x08001074   0x08001074   0x00000044   Code   RO         5129    .text               c_w.l(rt_memclr.o)
    0x080010b8   0x080010b8   0x000000b8   Code   RO         5132    .text               c_w.l(localtime_internal.o)
    0x08001170   0x08001170   0x0000041e   Code   RO         5159    .text               c_w.l(_printf_fp_dec.o)
    0x0800158e   0x0800158e   0x00000002   PAD
    0x08001590   0x08001590   0x000002fc   Code   RO         5161    .text               c_w.l(_printf_fp_hex.o)
    0x0800188c   0x0800188c   0x0000002c   Code   RO         5166    .text               c_w.l(_printf_wchar.o)
    0x080018b8   0x080018b8   0x00000008   Code   RO         5168    .text               c_w.l(ferror.o)
    0x080018c0   0x080018c0   0x00000040   Code   RO         5172    .text               c_w.l(_wcrtomb.o)
    0x08001900   0x08001900   0x0000004a   Code   RO         5174    .text               c_w.l(sys_stackheap_outer.o)
    0x0800194a   0x0800194a   0x00000002   PAD
    0x0800194c   0x0800194c   0x00000010   Code   RO         5176    .text               c_w.l(rt_ctype_table.o)
    0x0800195c   0x0800195c   0x00000008   Code   RO         5181    .text               c_w.l(rt_locale_intlibspace.o)
    0x08001964   0x08001964   0x00000080   Code   RO         5183    .text               c_w.l(_printf_fp_infnan.o)
    0x080019e4   0x080019e4   0x000000e4   Code   RO         5185    .text               c_w.l(bigflt0.o)
    0x08001ac8   0x08001ac8   0x00000012   Code   RO         5213    .text               c_w.l(exit.o)
    0x08001ada   0x08001ada   0x00000002   PAD
    0x08001adc   0x08001adc   0x00000008   Code   RO         5230    .text               c_w.l(libspace.o)
    0x08001ae4   0x08001ae4   0x0000003e   Code   RO         5188    CL$$btod_d2e        c_w.l(btod.o)
    0x08001b22   0x08001b22   0x00000046   Code   RO         5190    CL$$btod_d2e_denorm_low  c_w.l(btod.o)
    0x08001b68   0x08001b68   0x00000060   Code   RO         5189    CL$$btod_d2e_norm_op1  c_w.l(btod.o)
    0x08001bc8   0x08001bc8   0x00000338   Code   RO         5198    CL$$btod_div_common  c_w.l(btod.o)
    0x08001f00   0x08001f00   0x000000dc   Code   RO         5195    CL$$btod_e2e        c_w.l(btod.o)
    0x08001fdc   0x08001fdc   0x0000002a   Code   RO         5192    CL$$btod_ediv       c_w.l(btod.o)
    0x08002006   0x08002006   0x0000002a   Code   RO         5191    CL$$btod_emul       c_w.l(btod.o)
    0x08002030   0x08002030   0x00000244   Code   RO         5197    CL$$btod_mult_common  c_w.l(btod.o)
    0x08002274   0x08002274   0x00000002   Code   RO          392    i.BusFault_Handler  stm32f4xx_it.o
    0x08002276   0x08002276   0x00000006   Code   RO         4943    i.DWT_Delay100us    dwt.o
    0x0800227c   0x0800227c   0x00000028   Code   RO         4944    i.DWT_Delay_us      dwt.o
    0x080022a4   0x080022a4   0x00000024   Code   RO         4945    i.DWT_Init          dwt.o
    0x080022c8   0x080022c8   0x00000002   Code   RO          393    i.DebugMon_Handler  stm32f4xx_it.o
    0x080022ca   0x080022ca   0x00000004   Code   RO           13    i.Error_Handler     main.o
    0x080022ce   0x080022ce   0x00000002   PAD
    0x080022d0   0x080022d0   0x00000024   Code   RO         2809    i.HAL_Delay         stm32f4xx_hal.o
    0x080022f4   0x080022f4   0x000001f0   Code   RO         2265    i.HAL_GPIO_Init     stm32f4xx_hal_gpio.o
    0x080024e4   0x080024e4   0x0000000a   Code   RO         2269    i.HAL_GPIO_WritePin  stm32f4xx_hal_gpio.o
    0x080024ee   0x080024ee   0x00000002   PAD
    0x080024f0   0x080024f0   0x0000000c   Code   RO         2815    i.HAL_GetTick       stm32f4xx_hal.o
    0x080024fc   0x080024fc   0x00000010   Code   RO         2821    i.HAL_IncTick       stm32f4xx_hal.o
    0x0800250c   0x0800250c   0x00000034   Code   RO         2822    i.HAL_Init          stm32f4xx_hal.o
    0x08002540   0x08002540   0x00000098   Code   RO          498    i.HAL_InitTick      stm32f4xx_hal_timebase_tim.o
    0x080025d8   0x080025d8   0x00000030   Code   RO          474    i.HAL_MspInit       stm32f4xx_hal_msp.o
    0x08002608   0x08002608   0x0000001a   Code   RO         2657    i.HAL_NVIC_EnableIRQ  stm32f4xx_hal_cortex.o
    0x08002622   0x08002622   0x00000002   PAD
    0x08002624   0x08002624   0x00000040   Code   RO         2663    i.HAL_NVIC_SetPriority  stm32f4xx_hal_cortex.o
    0x08002664   0x08002664   0x00000024   Code   RO         2664    i.HAL_NVIC_SetPriorityGrouping  stm32f4xx_hal_cortex.o
    0x08002688   0x08002688   0x00000018   Code   RO         2482    i.HAL_PWR_EnableBkUpAccess  stm32f4xx_hal_pwr.o
    0x080026a0   0x080026a0   0x0000013c   Code   RO         2016    i.HAL_RCCEx_PeriphCLKConfig  stm32f4xx_hal_rcc_ex.o
    0x080027dc   0x080027dc   0x00000134   Code   RO         1911    i.HAL_RCC_ClockConfig  stm32f4xx_hal_rcc.o
    0x08002910   0x08002910   0x00000040   Code   RO         1915    i.HAL_RCC_GetClockConfig  stm32f4xx_hal_rcc.o
    0x08002950   0x08002950   0x00000020   Code   RO         1918    i.HAL_RCC_GetPCLK1Freq  stm32f4xx_hal_rcc.o
    0x08002970   0x08002970   0x00000020   Code   RO         1919    i.HAL_RCC_GetPCLK2Freq  stm32f4xx_hal_rcc.o
    0x08002990   0x08002990   0x00000060   Code   RO         1920    i.HAL_RCC_GetSysClockFreq  stm32f4xx_hal_rcc.o
    0x080029f0   0x080029f0   0x0000036c   Code   RO         1923    i.HAL_RCC_OscConfig  stm32f4xx_hal_rcc.o
    0x08002d5c   0x08002d5c   0x0000000a   Code   RO         1683    i.HAL_RTCEx_BKUPRead  stm32f4xx_hal_rtc_ex.o
    0x08002d66   0x08002d66   0x0000000a   Code   RO         1684    i.HAL_RTCEx_BKUPWrite  stm32f4xx_hal_rtc_ex.o
    0x08002d70   0x08002d70   0x00000044   Code   RO         1520    i.HAL_RTC_GetDate   stm32f4xx_hal_rtc.o
    0x08002db4   0x08002db4   0x00000054   Code   RO         1522    i.HAL_RTC_GetTime   stm32f4xx_hal_rtc.o
    0x08002e08   0x08002e08   0x0000009c   Code   RO         1523    i.HAL_RTC_Init      stm32f4xx_hal_rtc.o
    0x08002ea4   0x08002ea4   0x00000038   Code   RO          238    i.HAL_RTC_MspInit   rtc.o
    0x08002edc   0x08002edc   0x00000098   Code   RO         1529    i.HAL_RTC_SetDate   stm32f4xx_hal_rtc.o
    0x08002f74   0x08002f74   0x000000c0   Code   RO         1530    i.HAL_RTC_SetTime   stm32f4xx_hal_rtc.o
    0x08003034   0x08003034   0x00000038   Code   RO         1531    i.HAL_RTC_WaitForSynchro  stm32f4xx_hal_rtc.o
    0x0800306c   0x0800306c   0x000000bc   Code   RO         3071    i.HAL_SPI_Init      stm32f4xx_hal_spi.o
    0x08003128   0x08003128   0x00000068   Code   RO          280    i.HAL_SPI_MspInit   spi.o
    0x08003190   0x08003190   0x00000154   Code   RO         3074    i.HAL_SPI_Receive   stm32f4xx_hal_spi.o
    0x080032e4   0x080032e4   0x00000166   Code   RO         3079    i.HAL_SPI_Transmit  stm32f4xx_hal_spi.o
    0x0800344a   0x0800344a   0x000001f0   Code   RO         3080    i.HAL_SPI_TransmitReceive  stm32f4xx_hal_spi.o
    0x0800363a   0x0800363a   0x00000002   Code   RO         1243    i.HAL_TIMEx_BreakCallback  stm32f4xx_hal_tim_ex.o
    0x0800363c   0x0800363c   0x00000002   Code   RO         1244    i.HAL_TIMEx_CommutCallback  stm32f4xx_hal_tim_ex.o
    0x0800363e   0x0800363e   0x0000005a   Code   RO          539    i.HAL_TIM_Base_Init  stm32f4xx_hal_tim.o
    0x08003698   0x08003698   0x00000002   Code   RO          541    i.HAL_TIM_Base_MspInit  stm32f4xx_hal_tim.o
    0x0800369a   0x0800369a   0x00000002   PAD
    0x0800369c   0x0800369c   0x00000080   Code   RO          544    i.HAL_TIM_Base_Start_IT  stm32f4xx_hal_tim.o
    0x0800371c   0x0800371c   0x00000002   Code   RO          573    i.HAL_TIM_IC_CaptureCallback  stm32f4xx_hal_tim.o
    0x0800371e   0x0800371e   0x00000130   Code   RO          587    i.HAL_TIM_IRQHandler  stm32f4xx_hal_tim.o
    0x0800384e   0x0800384e   0x00000002   Code   RO          590    i.HAL_TIM_OC_DelayElapsedCallback  stm32f4xx_hal_tim.o
    0x08003850   0x08003850   0x00000002   Code   RO          617    i.HAL_TIM_PWM_PulseFinishedCallback  stm32f4xx_hal_tim.o
    0x08003852   0x08003852   0x00000002   PAD
    0x08003854   0x08003854   0x00000014   Code   RO           14    i.HAL_TIM_PeriodElapsedCallback  main.o
    0x08003868   0x08003868   0x00000002   Code   RO          630    i.HAL_TIM_TriggerCallback  stm32f4xx_hal_tim.o
    0x0800386a   0x0800386a   0x00000064   Code   RO         3412    i.HAL_UART_Init     stm32f4xx_hal_uart.o
    0x080038ce   0x080038ce   0x00000002   PAD
    0x080038d0   0x080038d0   0x0000006c   Code   RO          322    i.HAL_UART_MspInit  usart.o
    0x0800393c   0x0800393c   0x00000002   Code   RO          394    i.HardFault_Handler  stm32f4xx_it.o
    0x0800393e   0x0800393e   0x00000002   PAD
    0x08003940   0x08003940   0x000000b8   Code   RO          213    i.MX_GPIO_Init      gpio.o
    0x080039f8   0x080039f8   0x000000bc   Code   RO          239    i.MX_RTC_Init       rtc.o
    0x08003ab4   0x08003ab4   0x00000048   Code   RO          281    i.MX_SPI1_Init      spi.o
    0x08003afc   0x08003afc   0x00000038   Code   RO          323    i.MX_USART1_UART_Init  usart.o
    0x08003b34   0x08003b34   0x00000002   Code   RO          395    i.MemManage_Handler  stm32f4xx_it.o
    0x08003b36   0x08003b36   0x00000002   Code   RO          396    i.NMI_Handler       stm32f4xx_it.o
    0x08003b38   0x08003b38   0x00000002   Code   RO          397    i.PendSV_Handler    stm32f4xx_it.o
    0x08003b3a   0x08003b3a   0x00000012   Code   RO         1532    i.RTC_Bcd2ToByte    stm32f4xx_hal_rtc.o
    0x08003b4c   0x08003b4c   0x00000016   Code   RO         1533    i.RTC_ByteToBcd2    stm32f4xx_hal_rtc.o
    0x08003b62   0x08003b62   0x00000002   PAD
    0x08003b64   0x08003b64   0x00000048   Code   RO         1534    i.RTC_EnterInitMode  stm32f4xx_hal_rtc.o
    0x08003bac   0x08003bac   0x0000002a   Code   RO         1535    i.RTC_ExitInitMode  stm32f4xx_hal_rtc.o
    0x08003bd6   0x08003bd6   0x0000005c   Code   RO         3108    i.SPI_EndRxTransaction  stm32f4xx_hal_spi.o
    0x08003c32   0x08003c32   0x00000002   PAD
    0x08003c34   0x08003c34   0x0000006c   Code   RO         3109    i.SPI_EndRxTxTransaction  stm32f4xx_hal_spi.o
    0x08003ca0   0x08003ca0   0x000000bc   Code   RO         3114    i.SPI_WaitFlagStateUntilTimeout  stm32f4xx_hal_spi.o
    0x08003d5c   0x08003d5c   0x00000002   Code   RO          398    i.SVC_Handler       stm32f4xx_it.o
    0x08003d5e   0x08003d5e   0x00000002   Code   RO          399    i.SysTick_Handler   stm32f4xx_it.o
    0x08003d60   0x08003d60   0x00000098   Code   RO           15    i.SystemClock_Config  main.o
    0x08003df8   0x08003df8   0x00000010   Code   RO         3746    i.SystemInit        system_stm32f4xx.o
    0x08003e08   0x08003e08   0x0000000c   Code   RO          400    i.TIM6_DAC_IRQHandler  stm32f4xx_it.o
    0x08003e14   0x08003e14   0x000000d0   Code   RO          632    i.TIM_Base_SetConfig  stm32f4xx_hal_tim.o
    0x08003ee4   0x08003ee4   0x0000010c   Code   RO         3438    i.UART_SetConfig    stm32f4xx_hal_uart.o
    0x08003ff0   0x08003ff0   0x00000034   Code   RO         4227    i.UnixToDateTime    flashdb_app.o
    0x08004024   0x08004024   0x00000002   Code   RO          401    i.UsageFault_Handler  stm32f4xx_it.o
    0x08004026   0x08004026   0x00000030   Code   RO         5228    i.__ARM_fpclassify  m_wm.l(fpclassify.o)
    0x08004056   0x08004056   0x00000020   Code   RO         2670    i.__NVIC_SetPriority  stm32f4xx_hal_cortex.o
    0x08004076   0x08004076   0x00000060   Code   RO         4868    i._fdb_continue_ff_addr  fdb_utils.o
    0x080040d6   0x080040d6   0x0000000e   Code   RO         4342    i._fdb_db_path      fdb.o
    0x080040e4   0x080040e4   0x0000001c   Code   RO         4869    i._fdb_flash_erase  fdb_utils.o
    0x08004100   0x08004100   0x0000001c   Code   RO         4870    i._fdb_flash_read   fdb_utils.o
    0x0800411c   0x0800411c   0x0000001c   Code   RO         4871    i._fdb_flash_write  fdb_utils.o
    0x08004138   0x08004138   0x00000028   Code   RO         4872    i._fdb_get_status   fdb_utils.o
    0x08004160   0x08004160   0x00000258   Code   RO         4344    i._fdb_init_ex      fdb.o
    0x080043b8   0x080043b8   0x000000f0   Code   RO         4345    i._fdb_init_finish  fdb.o
    0x080044a8   0x080044a8   0x000000fc   Code   RO         4393    i._fdb_kv_load      fdb_kvdb.o
    0x080045a4   0x080045a4   0x00000084   Code   RO         4873    i._fdb_read_status  fdb_utils.o
    0x08004628   0x08004628   0x0000002c   Code   RO         4874    i._fdb_set_status   fdb_utils.o
    0x08004654   0x08004654   0x000000cc   Code   RO         4875    i._fdb_write_status  fdb_utils.o
    0x08004720   0x08004720   0x0000000e   Code   RO         5036    i._is_digit         c_w.l(__printf_wp.o)
    0x0800472e   0x0800472e   0x00000002   Code   RO          325    i._sys_exit         usart.o
    0x08004730   0x08004730   0x000001ec   Code   RO         3808    i.aai_write         sfud.o
    0x0800491c   0x0800491c   0x0000002a   Code   RO         4394    i.align_write       fdb_kvdb.o
    0x08004946   0x08004946   0x00000002   PAD
    0x08004948   0x08004948   0x00000128   Code   RO         4395    i.alloc_kv          fdb_kvdb.o
    0x08004a70   0x08004a70   0x0000002e   Code   RO         4396    i.alloc_kv_cb       fdb_kvdb.o
    0x08004a9e   0x08004a9e   0x0000001e   Code   RO         4397    i.check_and_recovery_gc_cb  fdb_kvdb.o
    0x08004abc   0x08004abc   0x0000013c   Code   RO         4398    i.check_and_recovery_kv_cb  fdb_kvdb.o
    0x08004bf8   0x08004bf8   0x000000f0   Code   RO         4144    i.check_and_update_part_cache  fal_partition.o
    0x08004ce8   0x08004ce8   0x0000001c   Code   RO         4399    i.check_oldest_addr_cb  fdb_kvdb.o
    0x08004d04   0x08004d04   0x000000a0   Code   RO         4400    i.check_sec_hdr_cb  fdb_kvdb.o
    0x08004da4   0x08004da4   0x000000d8   Code   RO         4705    i.check_sec_hdr_cb  fdb_tsdb.o
    0x08004e7c   0x08004e7c   0x0000028c   Code   RO         4401    i.create_kv_blob    fdb_kvdb.o
    0x08005108   0x08005108   0x00000174   Code   RO         4402    i.del_kv            fdb_kvdb.o
    0x0800527c   0x0800527c   0x000001e8   Code   RO         4403    i.do_gc             fdb_kvdb.o
    0x08005464   0x08005464   0x0000008c   Code   RO         4107    i.erase             fal_flash_sfud_port.o
    0x080054f0   0x080054f0   0x00000074   Code   RO         4085    i.fal_flash_device_find  fal_flash.o
    0x08005564   0x08005564   0x00000124   Code   RO         4086    i.fal_flash_init    fal_flash.o
    0x08005688   0x08005688   0x000000fc   Code   RO         4051    i.fal_init          fal.o
    0x08005784   0x08005784   0x0000015c   Code   RO         4146    i.fal_partition_erase  fal_partition.o
    0x080058e0   0x080058e0   0x00000070   Code   RO         4148    i.fal_partition_find  fal_partition.o
    0x08005950   0x08005950   0x0000002c   Code   RO         4149    i.fal_partition_init  fal_partition.o
    0x0800597c   0x0800597c   0x00000170   Code   RO         4150    i.fal_partition_read  fal_partition.o
    0x08005aec   0x08005aec   0x00000174   Code   RO         4151    i.fal_partition_write  fal_partition.o
    0x08005c60   0x08005c60   0x00000244   Code   RO         4153    i.fal_show_part_table  fal_partition.o
    0x08005ea4   0x08005ea4   0x00000006   Code   RO         4876    i.fdb_blob_make     fdb_utils.o
    0x08005eaa   0x08005eaa   0x00000022   Code   RO         4877    i.fdb_blob_read     fdb_utils.o
    0x08005ecc   0x08005ecc   0x00000024   Code   RO         4878    i.fdb_calc_crc32    fdb_utils.o
    0x08005ef0   0x08005ef0   0x0000001a   Code   RO         4404    i.fdb_is_str        fdb_kvdb.o
    0x08005f0a   0x08005f0a   0x00000002   PAD
    0x08005f0c   0x08005f0c   0x00000094   Code   RO         4405    i.fdb_kv_del        fdb_kvdb.o
    0x08005fa0   0x08005fa0   0x000000dc   Code   RO         4406    i.fdb_kv_get        fdb_kvdb.o
    0x0800607c   0x0800607c   0x000000d0   Code   RO         4407    i.fdb_kv_get_blob   fdb_kvdb.o
    0x0800614c   0x0800614c   0x00000030   Code   RO         4412    i.fdb_kv_set        fdb_kvdb.o
    0x0800617c   0x0800617c   0x00000094   Code   RO         4413    i.fdb_kv_set_blob   fdb_kvdb.o
    0x08006210   0x08006210   0x0000009a   Code   RO         4414    i.fdb_kv_set_default  fdb_kvdb.o
    0x080062aa   0x080062aa   0x00000002   PAD
    0x080062ac   0x080062ac   0x00000128   Code   RO         4417    i.fdb_kvdb_control  fdb_kvdb.o
    0x080063d4   0x080063d4   0x000001e8   Code   RO         4419    i.fdb_kvdb_init     fdb_kvdb.o
    0x080065bc   0x080065bc   0x00000184   Code   RO         4706    i.fdb_tsdb_control  fdb_tsdb.o
    0x08006740   0x08006740   0x0000021c   Code   RO         4708    i.fdb_tsdb_init     fdb_tsdb.o
    0x0800695c   0x0800695c   0x00000090   Code   RO         4709    i.fdb_tsl_append    fdb_tsdb.o
    0x080069ec   0x080069ec   0x000000f4   Code   RO         4712    i.fdb_tsl_iter      fdb_tsdb.o
    0x08006ae0   0x08006ae0   0x000001e8   Code   RO         4713    i.fdb_tsl_iter_by_time  fdb_tsdb.o
    0x08006cc8   0x08006cc8   0x0000009c   Code   RO         4715    i.fdb_tsl_query_count  fdb_tsdb.o
    0x08006d64   0x08006d64   0x00000014   Code   RO         4716    i.fdb_tsl_set_status  fdb_tsdb.o
    0x08006d78   0x08006d78   0x00000010   Code   RO         4717    i.fdb_tsl_to_blob   fdb_tsdb.o
    0x08006d88   0x08006d88   0x0000004e   Code   RO         4420    i.find_kv           fdb_kvdb.o
    0x08006dd6   0x08006dd6   0x00000036   Code   RO         4421    i.find_kv_cb        fdb_kvdb.o
    0x08006e0c   0x08006e0c   0x00000024   Code   RO         4422    i.find_kv_no_cache  fdb_kvdb.o
    0x08006e30   0x08006e30   0x00000098   Code   RO         4423    i.find_next_kv_addr  fdb_kvdb.o
    0x08006ec8   0x08006ec8   0x000000b0   Code   RO         4154    i.flash_device_find_by_part  fal_partition.o
    0x08006f78   0x08006f78   0x000000c0   Code   RO         4228    i.flashdb_app_Start  flashdb_app.o
    0x08007038   0x08007038   0x00000010   Code   RO         4718    i.format_all_cb     fdb_tsdb.o
    0x08007048   0x08007048   0x00000104   Code   RO         4424    i.format_sector     fdb_kvdb.o
    0x0800714c   0x0800714c   0x000000cc   Code   RO         4719    i.format_sector     fdb_tsdb.o
    0x08007218   0x08007218   0x00000014   Code   RO          327    i.fputc             usart.o
    0x0800722c   0x0800722c   0x00000012   Code   RO         4425    i.gc_check_cb       fdb_kvdb.o
    0x0800723e   0x0800723e   0x00000006   Code   RO         4426    i.gc_collect        fdb_kvdb.o
    0x08007244   0x08007244   0x00000100   Code   RO         4427    i.gc_collect_by_free_size  fdb_kvdb.o
    0x08007344   0x08007344   0x00000088   Code   RO         4428    i.get_kv_from_cache  fdb_kvdb.o
    0x080073cc   0x080073cc   0x0000001e   Code   RO         4720    i.get_last_sector_addr  fdb_tsdb.o
    0x080073ea   0x080073ea   0x0000001e   Code   RO         4721    i.get_last_tsl_addr  fdb_tsdb.o
    0x08007408   0x08007408   0x00000056   Code   RO         4429    i.get_next_kv_addr  fdb_kvdb.o
    0x0800745e   0x0800745e   0x0000002a   Code   RO         4430    i.get_next_sector_addr  fdb_kvdb.o
    0x08007488   0x08007488   0x0000001e   Code   RO         4722    i.get_next_sector_addr  fdb_tsdb.o
    0x080074a6   0x080074a6   0x0000001a   Code   RO         4723    i.get_next_tsl_addr  fdb_tsdb.o
    0x080074c0   0x080074c0   0x0000002c   Code   RO         4431    i.get_sector_from_cache  fdb_kvdb.o
    0x080074ec   0x080074ec   0x00000088   Code   RO         4229    i.get_time          flashdb_app.o
    0x08007574   0x08007574   0x000002bc   Code   RO         3809    i.hardware_init     sfud.o
    0x08007830   0x08007830   0x0000001c   Code   RO         4108    i.init              fal_flash_sfud_port.o
    0x0800784c   0x0800784c   0x00000072   Code   RO         4432    i.kv_iterator       fdb_kvdb.o
    0x080078be   0x080078be   0x00000002   PAD
    0x080078c0   0x080078c0   0x000001e4   Code   RO         4230    i.kvdb_basic_sample  flashdb_app.o
    0x08007aa4   0x08007aa4   0x000001b8   Code   RO         4231    i.kvdb_type_blob_sample  flashdb_app.o
    0x08007c5c   0x08007c5c   0x000001b4   Code   RO         4232    i.kvdb_type_string_sample  flashdb_app.o
    0x08007e10   0x08007e10   0x00000004   Code   RO         4233    i.lock              flashdb_app.o
    0x08007e14   0x08007e14   0x000000e0   Code   RO           16    i.main              main.o
    0x08007ef4   0x08007ef4   0x000000a0   Code   RO         3810    i.make_address_byte_array  sfud.o
    0x08007f94   0x08007f94   0x000001c4   Code   RO         4433    i.move_kv           fdb_kvdb.o
    0x08008158   0x08008158   0x0000010c   Code   RO         4434    i.new_kv            fdb_kvdb.o
    0x08008264   0x08008264   0x00000214   Code   RO         3811    i.page256_or_1_byte_write  sfud.o
    0x08008478   0x08008478   0x00000098   Code   RO         4234    i.query_by_time_cb  flashdb_app.o
    0x08008510   0x08008510   0x00000098   Code   RO         4235    i.query_cb          flashdb_app.o
    0x080085a8   0x080085a8   0x00000012   Code   RO         4724    i.query_count_cb    fdb_tsdb.o
    0x080085ba   0x080085ba   0x00000002   PAD
    0x080085bc   0x080085bc   0x00000088   Code   RO         4109    i.read              fal_flash_sfud_port.o
    0x08008644   0x08008644   0x0000013c   Code   RO         4011    i.read_basic_header  sfud_sfdp.o
    0x08008780   0x08008780   0x00000500   Code   RO         4012    i.read_basic_table  sfud_sfdp.o
    0x08008c80   0x08008c80   0x000000a4   Code   RO         3812    i.read_jedec_id     sfud.o
    0x08008d24   0x08008d24   0x000001e8   Code   RO         4436    i.read_kv           fdb_kvdb.o
    0x08008f0c   0x08008f0c   0x000001fc   Code   RO         4437    i.read_sector_info  fdb_kvdb.o
    0x08009108   0x08009108   0x000001f8   Code   RO         4725    i.read_sector_info  fdb_tsdb.o
    0x08009300   0x08009300   0x00000100   Code   RO         4013    i.read_sfdp_data    sfud_sfdp.o
    0x08009400   0x08009400   0x0000017c   Code   RO         4014    i.read_sfdp_header  sfud_sfdp.o
    0x0800957c   0x0800957c   0x0000004a   Code   RO         4726    i.read_tsl          fdb_tsdb.o
    0x080095c6   0x080095c6   0x00000002   PAD
    0x080095c8   0x080095c8   0x0000010c   Code   RO         3813    i.reset             sfud.o
    0x080096d4   0x080096d4   0x0000008c   Code   RO         4727    i.search_start_tsl_addr  fdb_tsdb.o
    0x08009760   0x08009760   0x00000066   Code   RO         4438    i.sector_iterator   fdb_kvdb.o
    0x080097c6   0x080097c6   0x00000066   Code   RO         4728    i.sector_iterator   fdb_tsdb.o
    0x0800982c   0x0800982c   0x00000022   Code   RO         4439    i.sector_statistics_cb  fdb_kvdb.o
    0x0800984e   0x0800984e   0x00000002   PAD
    0x08009850   0x08009850   0x00000118   Code   RO         3814    i.set_4_byte_address_mode  sfud.o
    0x08009968   0x08009968   0x000000a6   Code   RO         4440    i.set_kv            fdb_kvdb.o
    0x08009a0e   0x08009a0e   0x00000002   PAD
    0x08009a10   0x08009a10   0x00000088   Code   RO         4236    i.set_status_cb     flashdb_app.o
    0x08009a98   0x08009a98   0x000000f8   Code   RO         3815    i.set_write_enabled  sfud.o
    0x08009b90   0x08009b90   0x00000134   Code   RO         3816    i.sfud_chip_erase   sfud.o
    0x08009cc4   0x08009cc4   0x000000e4   Code   RO         3817    i.sfud_device_init  sfud.o
    0x08009da8   0x08009da8   0x000001f4   Code   RO         3818    i.sfud_erase        sfud.o
    0x08009f9c   0x08009f9c   0x00000044   Code   RO         3952    i.sfud_log_debug    sfud_port.o
    0x08009fe0   0x08009fe0   0x00000038   Code   RO         3953    i.sfud_log_info     sfud_port.o
    0x0800a018   0x0800a018   0x0000013c   Code   RO         3824    i.sfud_read         sfud.o
    0x0800a154   0x0800a154   0x0000008c   Code   RO         4015    i.sfud_read_sfdp    sfud_sfdp.o
    0x0800a1e0   0x0800a1e0   0x00000090   Code   RO         3825    i.sfud_read_status  sfud.o
    0x0800a270   0x0800a270   0x000000b0   Code   RO         4016    i.sfud_sfdp_get_suitable_eraser  sfud_sfdp.o
    0x0800a320   0x0800a320   0x0000003c   Code   RO         3954    i.sfud_spi_port_init  sfud_port.o
    0x0800a35c   0x0800a35c   0x0000002a   Code   RO         3826    i.sfud_write        sfud.o
    0x0800a386   0x0800a386   0x00000002   PAD
    0x0800a388   0x0800a388   0x000000d8   Code   RO         3827    i.sfud_write_status  sfud.o
    0x0800a460   0x0800a460   0x00000018   Code   RO         4237    i.spi_flash_init    flashdb_app.o
    0x0800a478   0x0800a478   0x00000004   Code   RO         3955    i.spi_lock          sfud_port.o
    0x0800a47c   0x0800a47c   0x00000004   Code   RO         3956    i.spi_unlock        sfud_port.o
    0x0800a480   0x0800a480   0x00000104   Code   RO         3957    i.spi_write_read    sfud_port.o
    0x0800a584   0x0800a584   0x000001fc   Code   RO         4238    i.tsdb_sample       flashdb_app.o
    0x0800a780   0x0800a780   0x00000178   Code   RO         4729    i.tsl_append        fdb_tsdb.o
    0x0800a8f8   0x0800a8f8   0x00000098   Code   RO         4730    i.tsl_format_all    fdb_tsdb.o
    0x0800a990   0x0800a990   0x00000004   Code   RO         4239    i.unlock            flashdb_app.o
    0x0800a994   0x0800a994   0x000000aa   Code   RO         4441    i.update_kv_cache   fdb_kvdb.o
    0x0800aa3e   0x0800aa3e   0x00000076   Code   RO         4442    i.update_sec_status  fdb_kvdb.o
    0x0800aab4   0x0800aab4   0x00000192   Code   RO         4731    i.update_sec_status  fdb_tsdb.o
    0x0800ac46   0x0800ac46   0x00000060   Code   RO         4443    i.update_sector_cache  fdb_kvdb.o
    0x0800aca6   0x0800aca6   0x0000001c   Code   RO         4444    i.update_sector_empty_addr_cache  fdb_kvdb.o
    0x0800acc2   0x0800acc2   0x00000010   Code   RO         4445    i.update_sector_status_store_cache  fdb_kvdb.o
    0x0800acd2   0x0800acd2   0x00000002   PAD
    0x0800acd4   0x0800acd4   0x000000c4   Code   RO         3828    i.wait_busy         sfud.o
    0x0800ad98   0x0800ad98   0x00000090   Code   RO         4110    i.write             fal_flash_sfud_port.o
    0x0800ae28   0x0800ae28   0x00000074   Code   RO         4732    i.write_tsl         fdb_tsdb.o
    0x0800ae9c   0x0800ae9c   0x0000002c   Code   RO         5211    locale$$code        c_w.l(lc_numeric_c.o)
    0x0800aec8   0x0800aec8   0x0000002c   Code   RO         5238    locale$$code        c_w.l(lc_ctype_c.o)
    0x0800aef4   0x0800aef4   0x0000000a   Code   RO         5302    x$fpl$fpinit        fz_wm.l(fpinit.o)
    0x0800aefe   0x0800aefe   0x00000004   Code   RO         5134    x$fpl$printf1       fz_wm.l(printf1.o)
    0x0800af02   0x0800af02   0x00000004   Code   RO         5136    x$fpl$printf2       fz_wm.l(printf2.o)
    0x0800af06   0x0800af06   0x00000000   Code   RO         5227    x$fpl$usenofp       fz_wm.l(usenofp.o)
    0x0800af06   0x0800af06   0x00000010   Data   RO         3747    .constdata          system_stm32f4xx.o
    0x0800af16   0x0800af16   0x00000008   Data   RO         3748    .constdata          system_stm32f4xx.o
    0x0800af1e   0x0800af1e   0x00000002   PAD
    0x0800af20   0x0800af20   0x00000448   Data   RO         3830    .constdata          sfud.o
    0x0800b368   0x0800b368   0x0000000f   Data   RO         3959    .constdata          sfud_port.o
    0x0800b377   0x0800b377   0x00000070   Data   RO         4017    .constdata          sfud_sfdp.o
    0x0800b3e7   0x0800b3e7   0x00000009   Data   RO         4053    .constdata          fal.o
    0x0800b3f0   0x0800b3f0   0x00000029   Data   RO         4087    .constdata          fal_flash.o
    0x0800b419   0x0800b419   0x00000011   Data   RO         4111    .constdata          fal_flash_sfud_port.o
    0x0800b42a   0x0800b42a   0x00000002   PAD
    0x0800b42c   0x0800b42c   0x00000139   Data   RO         4155    .constdata          fal_partition.o
    0x0800b565   0x0800b565   0x00000003   PAD
    0x0800b568   0x0800b568   0x00000070   Data   RO         4241    .constdata          flashdb_app.o
    0x0800b5d8   0x0800b5d8   0x00000019   Data   RO         4346    .constdata          fdb.o
    0x0800b5f1   0x0800b5f1   0x00000003   PAD
    0x0800b5f4   0x0800b5f4   0x00000057   Data   RO         4447    .constdata          fdb_kvdb.o
    0x0800b64b   0x0800b64b   0x0000003e   Data   RO         4733    .constdata          fdb_tsdb.o
    0x0800b689   0x0800b689   0x00000003   PAD
    0x0800b68c   0x0800b68c   0x00000423   Data   RO         4879    .constdata          fdb_utils.o
    0x0800baaf   0x0800baaf   0x00000028   Data   RO         5024    .constdata          c_w.l(_printf_hex_int_ll_ptr.o)
    0x0800bad7   0x0800bad7   0x00000011   Data   RO         5044    .constdata          c_w.l(__printf_flags_ss_wp.o)
    0x0800bae8   0x0800bae8   0x00000008   Data   RO         5103    .constdata          c_w.l(_printf_wctomb.o)
    0x0800baf0   0x0800baf0   0x0000000c   Data   RO         5131    .constdata          c_w.l(_monlen.o)
    0x0800bafc   0x0800bafc   0x00000026   Data   RO         5162    .constdata          c_w.l(_printf_fp_hex.o)
    0x0800bb22   0x0800bb22   0x00000002   PAD
    0x0800bb24   0x0800bb24   0x00000094   Data   RO         5186    .constdata          c_w.l(bigflt0.o)
    0x0800bbb8   0x0800bbb8   0x0000022d   Data   RO         3831    .conststring        sfud.o
    0x0800bde5   0x0800bde5   0x00000003   PAD
    0x0800bde8   0x0800bde8   0x00000393   Data   RO         4018    .conststring        sfud_sfdp.o
    0x0800c17b   0x0800c17b   0x00000001   PAD
    0x0800c17c   0x0800c17c   0x0000005b   Data   RO         4088    .conststring        fal_flash.o
    0x0800c1d7   0x0800c1d7   0x00000001   PAD
    0x0800c1d8   0x0800c1d8   0x00000132   Data   RO         4156    .conststring        fal_partition.o
    0x0800c30a   0x0800c30a   0x00000002   PAD
    0x0800c30c   0x0800c30c   0x000001c7   Data   RO         4242    .conststring        flashdb_app.o
    0x0800c4d3   0x0800c4d3   0x00000001   PAD
    0x0800c4d4   0x0800c4d4   0x00000093   Data   RO         4347    .conststring        fdb.o
    0x0800c567   0x0800c567   0x00000001   PAD
    0x0800c568   0x0800c568   0x00000207   Data   RO         4448    .conststring        fdb_kvdb.o
    0x0800c76f   0x0800c76f   0x00000001   PAD
    0x0800c770   0x0800c770   0x0000015d   Data   RO         4734    .conststring        fdb_tsdb.o
    0x0800c8cd   0x0800c8cd   0x00000003   PAD
    0x0800c8d0   0x0800c8d0   0x00000020   Data   RO         5351    Region$$Table       anon$$obj.o
    0x0800c8f0   0x0800c8f0   0x0000001c   Data   RO         5210    locale$$data        c_w.l(lc_numeric_c.o)
    0x0800c90c   0x0800c90c   0x00000110   Data   RO         5237    locale$$data        c_w.l(lc_ctype_c.o)


    Execution Region RW_IRAM1 (Exec base: 0x20000000, Load base: 0x0800ca1c, Size: 0x00000f80, Max: 0x0001c000, ABSOLUTE, COMPRESSED[0x00000074])

    Exec Addr    Load Addr    Size         Type   Attr      Idx    E Section Name        Object

    0x20000000   COMPRESSED   0x00000004   Data   RW           18    .data               main.o
    0x20000004   COMPRESSED   0x00000004   Data   RW          329    .data               usart.o
    0x20000008   COMPRESSED   0x0000000c   Data   RW         2829    .data               stm32f4xx_hal.o
    0x20000014   COMPRESSED   0x00000004   Data   RW         3749    .data               system_stm32f4xx.o
    0x20000018   COMPRESSED   0x0000000c   Data   RW         3960    .data               sfud_port.o
    0x20000024   COMPRESSED   0x00000001   Data   RW         4054    .data               fal.o
    0x20000025   COMPRESSED   0x00000001   Data   RW         4089    .data               fal_flash.o
    0x20000026   COMPRESSED   0x00000002   PAD
    0x20000028   COMPRESSED   0x0000003c   Data   RW         4112    .data               fal_flash_sfud_port.o
    0x20000064   COMPRESSED   0x00000014   Data   RW         4157    .data               fal_partition.o
    0x20000078   COMPRESSED   0x00000004   Data   RW         4243    .data               flashdb_app.o
    0x2000007c   COMPRESSED   0x00000028   Data   RW         4244    .data               flashdb_app.o
    0x200000a4   COMPRESSED   0x00000004   PAD
    0x200000a8   COMPRESSED   0x000000b4   Data   RW         4245    .data               flashdb_app.o
    0x2000015c   COMPRESSED   0x00000001   Data   RW         4348    .data               fdb.o
    0x2000015d   COMPRESSED   0x00000003   PAD
    0x20000160        -       0x00000014   Zero   RW           17    .bss                main.o
    0x20000174        -       0x00000020   Zero   RW          240    .bss                rtc.o
    0x20000194        -       0x00000058   Zero   RW          282    .bss                spi.o
    0x200001ec        -       0x00000048   Zero   RW          328    .bss                usart.o
    0x20000234        -       0x00000048   Zero   RW          501    .bss                stm32f4xx_hal_timebase_tim.o
    0x2000027c        -       0x00000105   Zero   RW         3829    .bss                sfud.o
    0x20000381        -       0x00000100   Zero   RW         3958    .bss                sfud_port.o
    0x20000481   COMPRESSED   0x00000007   PAD
    0x20000488        -       0x000003e8   Zero   RW         4240    .bss                flashdb_app.o
    0x20000870        -       0x00000081   Zero   RW         4446    .bss                fdb_kvdb.o
    0x200008f1   COMPRESSED   0x00000003   PAD
    0x200008f4        -       0x0000002c   Zero   RW         5069    .bss                c_w.l(localtime.o)
    0x20000920        -       0x00000060   Zero   RW         5231    .bss                c_w.l(libspace.o)
    0x20000980        -       0x00000200   Zero   RW            2    HEAP                startup_stm32f407xx.o
    0x20000b80        -       0x00000400   Zero   RW            1    STACK               startup_stm32f407xx.o


    Execution Region RW_IRAM2 (Exec base: 0x2001c000, Load base: 0x0800ca90, Size: 0x00000000, Max: 0x00004000, ABSOLUTE)

    **** No section assigned to this execution region ****


==============================================================================

Image component sizes


      Code (inc. data)   RO Data    RW Data    ZI Data      Debug   Object Name

        82         22          0          0          0       1871   dwt.o
       252        178          9          1          0       2343   fal.o
       408        212        132          1          0       2137   fal_flash.o
       448        228         17         60          0       3678   fal_flash_sfud_port.o
      2240       1214        619         20          0       9242   fal_partition.o
       854        414        172          1          0       3483   fdb.o
         0          0          0          0          0       4640   fdb_file.o
      8146       2204        606          0        129      50743   fdb_kvdb.o
      4432       1082        411          0          0      29171   fdb_tsdb.o
       676        188       1059          0          0       9696   fdb_utils.o
      2720       1186        567        224       1000      17979   flashdb_app.o
       184         12          0          0          0       1083   gpio.o
       400         72          0          4         20     739228   main.o
       244         20          0          0         32       1855   rtc.o
      4794       2130       1653          0        261      19998   sfud.o
       452        154         15         12        256       5394   sfud_port.o
      2548       1376       1027          0          0       6409   sfud_sfdp.o
       176         20          0          0         88       1849   spi.o
        64         26        392          0       1536        884   startup_stm32f407xx.o
       116         18          0         12          0       8990   stm32f4xx_hal.o
       158         14          0          0          0      33218   stm32f4xx_hal_cortex.o
       506         46          0          0          0       2312   stm32f4xx_hal_gpio.o
        48          6          0          0          0        938   stm32f4xx_hal_msp.o
        24          8          0          0          0       1155   stm32f4xx_hal_pwr.o
      1408         82          0          0          0       6189   stm32f4xx_hal_rcc.o
       316         20          0          0          0       1464   stm32f4xx_hal_rcc_ex.o
       862         36          0          0          0       8613   stm32f4xx_hal_rtc.o
        20          0          0          0          0       1831   stm32f4xx_hal_rtc_ex.o
      1770         16          0          0          0       8726   stm32f4xx_hal_spi.o
       740         72          0          0          0       7892   stm32f4xx_hal_tim.o
         4          0          0          0          0       1749   stm32f4xx_hal_tim_ex.o
       152         20          0          0         72       1595   stm32f4xx_hal_timebase_tim.o
       368         10          0          0          0       2160   stm32f4xx_hal_uart.o
        30          6          0          0          0       5024   stm32f4xx_it.o
        16          4         24          4          0       1247   system_stm32f4xx.o
       186         28          0          4         72       4190   usart.o

    ----------------------------------------------------------------------
     35882      11124       6761        352       3476    1008976   Object Totals
         0          0         32          0          0          0   (incl. Generated)
        38          0         26          9         10          0   (incl. Padding)

    ----------------------------------------------------------------------

      Code (inc. data)   RO Data    RW Data    ZI Data      Debug   Library Member Name

        24          4          0          0          0         84   __2printf.o
        44          6          0          0          0         84   __2sprintf.o
        90          0          0          0          0          0   __dczerorl2.o
         8          0          0          0          0         68   __main.o
       392          4         17          0          0         92   __printf_flags_ss_wp.o
        14          0          0          0          0         68   __printf_wp.o
         0          0          0          0          0          0   __rtentry.o
        12          0          0          0          0          0   __rtentry2.o
         6          0          0          0          0          0   __rtentry4.o
        52          8          0          0          0          0   __scatter.o
        28          0          0          0          0          0   __scatter_zi.o
         0          0         12          0          0          0   _monlen.o
         6          0          0          0          0          0   _printf_a.o
         6          0          0          0          0          0   _printf_c.o
        44          0          0          0          0        108   _printf_char.o
        48          6          0          0          0         96   _printf_char_common.o
        36          4          0          0          0         80   _printf_char_file.o
        40          0          0          0          0         68   _printf_charcount.o
         6          0          0          0          0          0   _printf_d.o
       120         16          0          0          0         92   _printf_dec.o
         6          0          0          0          0          0   _printf_e.o
         6          0          0          0          0          0   _printf_f.o
      1054          0          0          0          0        216   _printf_fp_dec.o
       764          8         38          0          0        100   _printf_fp_hex.o
       128         16          0          0          0         84   _printf_fp_infnan.o
         6          0          0          0          0          0   _printf_g.o
       148          4         40          0          0        160   _printf_hex_int_ll_ptr.o
         6          0          0          0          0          0   _printf_i.o
       178          0          0          0          0         88   _printf_intcommon.o
        10          0          0          0          0          0   _printf_l.o
         6          0          0          0          0          0   _printf_lc.o
        10          0          0          0          0          0   _printf_ll.o
         6          0          0          0          0          0   _printf_lld.o
         6          0          0          0          0          0   _printf_lli.o
         6          0          0          0          0          0   _printf_llo.o
         6          0          0          0          0          0   _printf_llu.o
         6          0          0          0          0          0   _printf_llx.o
       124         16          0          0          0         92   _printf_longlong_dec.o
         6          0          0          0          0          0   _printf_ls.o
         6          0          0          0          0          0   _printf_n.o
         6          0          0          0          0          0   _printf_o.o
       112         10          0          0          0        124   _printf_oct_int_ll.o
         6          0          0          0          0          0   _printf_p.o
        78          0          0          0          0        108   _printf_pad.o
         0          0          0          0          0          0   _printf_percent.o
         4          0          0          0          0          0   _printf_percent_end.o
         6          0          0          0          0          0   _printf_s.o
        82          0          0          0          0         80   _printf_str.o
        36          0          0          0          0         84   _printf_truncate.o
         6          0          0          0          0          0   _printf_u.o
        44          0          0          0          0        108   _printf_wchar.o
       188          6          8          0          0         92   _printf_wctomb.o
         6          0          0          0          0          0   _printf_x.o
        16          0          0          0          0         68   _snputc.o
        10          0          0          0          0         68   _sputc.o
        64          0          0          0          0         92   _wcrtomb.o
        16          0          0          0          0         68   aeabi_memset.o
       228          4        148          0          0         96   bigflt0.o
      1936        128          0          0          0        672   btod.o
        18          0          0          0          0         80   exit.o
         8          0          0          0          0         68   ferror.o
         6          0          0          0          0        152   heapauxi.o
        44         10        272          0          0         76   lc_ctype_c.o
        44         10         28          0          0         76   lc_numeric_c.o
         2          0          0          0          0          0   libinit.o
        34          0          0          0          0          0   libinit2.o
         2          0          0          0          0          0   libshutdown.o
         2          0          0          0          0          0   libshutdown2.o
         8          4          0          0         96         68   libspace.o
       138          0          0          0          0         80   lludiv10.o
       238          0          0          0          0        100   lludivv7m.o
        12          6          0          0         44         68   localtime.o
       184          6          0          0          0         80   localtime_internal.o
       428         10          0          0          0        116   mktime.o
        16          4          0          0          0         76   rt_ctype_table.o
         8          4          0          0          0         68   rt_locale_intlibspace.o
        68          0          0          0          0         68   rt_memclr.o
        78          0          0          0          0         80   rt_memclr_w.o
       138          0          0          0          0         68   rt_memcpy_v6.o
       100          0          0          0          0         80   rt_memcpy_w.o
         2          0          0          0          0          0   rtexit.o
        10          0          0          0          0          0   rtexit2.o
       128          0          0          0          0         68   strcmpv7m.o
        62          0          0          0          0         76   strlen.o
       150          0          0          0          0         80   strncmp.o
        86          0          0          0          0         76   strncpy.o
        74          0          0          0          0         80   sys_stackheap_outer.o
         2          0          0          0          0         68   use_no_semi.o
         2          0          0          0          0         68   use_no_semi_2.o
        52          4          0          0          0         80   vsnprintf.o
        10          0          0          0          0        116   fpinit.o
         4          0          0          0          0        116   printf1.o
         4          0          0          0          0        116   printf2.o
         0          0          0          0          0          0   usenofp.o
        48          0          0          0          0        124   fpclassify.o

    ----------------------------------------------------------------------
      8532        298        565          0        140       5712   Library Totals
        14          0          2          0          0          0   (incl. Padding)

    ----------------------------------------------------------------------

      Code (inc. data)   RO Data    RW Data    ZI Data      Debug   Library Name

      8452        298        563          0        140       5240   c_w.l
        18          0          0          0          0        348   fz_wm.l
        48          0          0          0          0        124   m_wm.l

    ----------------------------------------------------------------------
      8532        298        565          0        140       5712   Library Totals

    ----------------------------------------------------------------------

==============================================================================


      Code (inc. data)   RO Data    RW Data    ZI Data      Debug   

     44414      11422       7326        352       3616     990424   Grand Totals
     44414      11422       7326        116       3616     990424   ELF Image Totals (compressed)
     44414      11422       7326        116          0          0   ROM Totals

==============================================================================

    Total RO  Size (Code + RO Data)                51740 (  50.53kB)
    Total RW  Size (RW Data + ZI Data)              3968 (   3.88kB)
    Total ROM Size (Code + RO Data + RW Data)      51856 (  50.64kB)

==============================================================================

