<html>
<body>
<pre>
<h1>µVision Build Log</h1>
<h2>Tool Versions:</h2>
IDE-Version: ¦ÌVision V5.38.0.0
Copyright (C) 2022 ARM Ltd and ARM Germany GmbH. All rights reserved.
License Information: wang pengfei, lenovo, LIC=TIVNB-2E4V4-SBXEJ-UDFHU-IFF86-2UIQT
 
Tool Versions:
Toolchain:       MDK-ARM Plus  Version: 5.38.0.0
Toolchain Path:  C:\Keil_v5\ARM\ARMCC\Bin
C Compiler:      Armcc.exe V5.06 update 6 (build 750)
Assembler:       Armasm.exe V5.06 update 6 (build 750)
Linker/Locator:  ArmLink.exe V5.06 update 6 (build 750)
Library Manager: ArmAr.exe V5.06 update 6 (build 750)
Hex Converter:   FromElf.exe V5.06 update 6 (build 750)
CPU DLL:         SARMCM3.DLL V5.38.0.0
Dialog DLL:      DCM.DLL V1.17.5.0
Target DLL:      STLink\ST-LINKIII-KEIL_SWO.dll V3.1.0.0
Dialog DLL:      TCM.DLL V1.56.4.0
 
<h2>Project:</h2>
D:\work\GitGPLRepository\STM32F407_FlashDB_SFUD_V1.0\STM32F407_FLASHDB_V1.0\MDK-ARM\STM32F407_V1.0.uvprojx
Project File Date:  07/02/2025

<h2>Output:</h2>
*** Using Compiler 'V5.06 update 6 (build 750)', folder: 'C:\Keil_v5\ARM\ARMCC\Bin'
Rebuild target 'STM32F407_V1.0'
assembling startup_stm32f407xx.s...
compiling usart.c...
compiling gpio.c...
compiling spi.c...
compiling rtc.c...
compiling main.c...
../Core/Src/main.c(44): warning:  #177-D: variable "sfud_demo_test_buf"  was declared but never referenced
  static uint8_t sfud_demo_test_buf[SFUD_DEMO_TEST_BUFFER_SIZE];
../Core/Src/main.c: 1 warning, 0 errors
compiling stm32f4xx_hal_timebase_tim.c...
compiling stm32f4xx_hal_msp.c...
compiling stm32f4xx_it.c...
compiling stm32f4xx_hal_tim_ex.c...
compiling stm32f4xx_hal_tim.c...
compiling stm32f4xx_hal_rtc.c...
compiling stm32f4xx_hal_rcc_ex.c...
compiling stm32f4xx_hal_rtc_ex.c...
compiling stm32f4xx_hal_flash.c...
compiling stm32f4xx_hal_rcc.c...
compiling stm32f4xx_hal_flash_ex.c...
compiling stm32f4xx_hal_flash_ramfunc.c...
compiling stm32f4xx_hal_gpio.c...
compiling stm32f4xx_hal_dma.c...
compiling stm32f4xx_hal_dma_ex.c...
compiling stm32f4xx_hal_cortex.c...
compiling stm32f4xx_hal_pwr.c...
compiling stm32f4xx_hal_pwr_ex.c...
compiling stm32f4xx_hal.c...
compiling stm32f4xx_hal_exti.c...
compiling sfud.c...
compiling system_stm32f4xx.c...
compiling sfud_sfdp.c...
compiling sfud_port.c...
compiling fal.c...
compiling sfud_app.c...
compiling fal_flash.c...
compiling fal_flash_sfud_port.c...
compiling stm32f4xx_hal_uart.c...
compiling stm32f4xx_hal_spi.c...
compiling fal_rtt.c...
compiling fal_partition.c...
compiling fdb.c...
compiling fdb_file.c...
compiling fdb_utils.c...
compiling fdb_tsdb.c...
compiling fdb_kvdb.c...
compiling dwt.c...
compiling flashdb_app.c...
linking...
Program Size: Code=44414 RO-data=7326 RW-data=352 ZI-data=3616  
FromELF: creating hex file...
".\STM32F407_V1.0\STM32F407_V1.0" - 0 Error(s), 1 Warning(s).

<h2>Software Packages used:</h2>

Package Vendor: ARM
                http://www.keil.com/pack/ARM.CMSIS.5.9.0.pack
                ARM.CMSIS.5.9.0
                CMSIS (Common Microcontroller Software Interface Standard)
   * Component: CORE Version: 5.6.0

Package Vendor: Keil
                https://www.keil.com/pack/Keil.STM32F4xx_DFP.2.17.1.pack
                Keil.STM32F4xx_DFP.2.17.1
                STMicroelectronics STM32F4 Series Device Support, Drivers and Examples

<h2>Collection of Component include folders:</h2>
  ./RTE/_STM32F407_V1.0
  C:/Users/wangp/AppData/Local/Arm/Packs/ARM/CMSIS/5.9.0/CMSIS/Core/Include
  C:/Users/wangp/AppData/Local/Arm/Packs/Keil/STM32F4xx_DFP/2.17.1/Drivers/CMSIS/Device/ST/STM32F4xx/Include

<h2>Collection of Component Files used:</h2>

   * Component: ARM::CMSIS:CORE:5.6.0
      Include file:  CMSIS/Core/Include/tz_context.h
Build Time Elapsed:  00:00:43
</pre>
</body>
</html>
