Component: ARM Compiler 5.06 update 7 (build 960) Tool: armlink [4d3601]

==============================================================================

Section Cross References

    startup_stm32f407xx.o(STACK) refers (Special) to heapauxi.o(.text) for __use_two_region_memory
    startup_stm32f407xx.o(HEAP) refers (Special) to heapauxi.o(.text) for __use_two_region_memory
    startup_stm32f407xx.o(RESET) refers (Special) to heapauxi.o(.text) for __use_two_region_memory
    startup_stm32f407xx.o(RESET) refers to startup_stm32f407xx.o(STACK) for __initial_sp
    startup_stm32f407xx.o(RESET) refers to startup_stm32f407xx.o(.text) for Reset_Handler
    startup_stm32f407xx.o(RESET) refers to stm32f4xx_it.o(i.NMI_Handler) for NMI_Handler
    startup_stm32f407xx.o(RESET) refers to context_rvds.o(.text) for HardFault_Handler
    startup_stm32f407xx.o(RESET) refers to stm32f4xx_it.o(i.MemManage_Handler) for MemManage_Handler
    startup_stm32f407xx.o(RESET) refers to stm32f4xx_it.o(i.BusFault_Handler) for BusFault_Handler
    startup_stm32f407xx.o(RESET) refers to stm32f4xx_it.o(i.UsageFault_Handler) for UsageFault_Handler
    startup_stm32f407xx.o(RESET) refers to stm32f4xx_it.o(i.DebugMon_Handler) for DebugMon_Handler
    startup_stm32f407xx.o(RESET) refers to board.o(i.SysTick_Handler) for SysTick_Handler
    startup_stm32f407xx.o(RESET) refers to stm32f4xx_it.o(i.TIM6_DAC_IRQHandler) for TIM6_DAC_IRQHandler
    startup_stm32f407xx.o(RESET) refers to stm32f4xx_it.o(i.DMA2_Stream7_IRQHandler) for DMA2_Stream7_IRQHandler
    startup_stm32f407xx.o(.text) refers (Special) to heapauxi.o(.text) for __use_two_region_memory
    startup_stm32f407xx.o(.text) refers to system_stm32f4xx.o(i.SystemInit) for SystemInit
    startup_stm32f407xx.o(.text) refers to __main.o(!!!main) for __main
    startup_stm32f407xx.o(.text) refers to startup_stm32f407xx.o(HEAP) for Heap_Mem
    startup_stm32f407xx.o(.text) refers to startup_stm32f407xx.o(STACK) for Stack_Mem
    main.o(i.HAL_TIM_PeriodElapsedCallback) refers to stm32f4xx_hal.o(i.HAL_IncTick) for HAL_IncTick
    main.o(i.SystemClock_Config) refers to rt_memclr_w.o(.text) for __aeabi_memclr4
    main.o(i.SystemClock_Config) refers to stm32f4xx_hal_rcc.o(i.HAL_RCC_OscConfig) for HAL_RCC_OscConfig
    main.o(i.SystemClock_Config) refers to stm32f4xx_hal_rcc.o(i.HAL_RCC_ClockConfig) for HAL_RCC_ClockConfig
    main.o(i.SystemClock_Config) refers to stm32f4xx_hal_rcc.o(i.HAL_RCC_EnableCSS) for HAL_RCC_EnableCSS
    main.o(i.main) refers to stm32f4xx_hal.o(i.HAL_Init) for HAL_Init
    main.o(i.main) refers to main.o(i.SystemClock_Config) for SystemClock_Config
    main.o(i.main) refers to gpio.o(i.MX_GPIO_Init) for MX_GPIO_Init
    main.o(i.main) refers to dma.o(i.MX_DMA_Init) for MX_DMA_Init
    main.o(i.main) refers to rtc.o(i.MX_RTC_Init) for MX_RTC_Init
    main.o(i.main) refers to usart.o(i.MX_USART1_UART_Init) for MX_USART1_UART_Init
    main.o(i.main) refers to thread.o(i.rt_thread_create) for rt_thread_create
    main.o(i.main) refers to thread.o(i.rt_thread_startup) for rt_thread_startup
    main.o(i.main) refers to kservice.o(i.rt_kprintf) for rt_kprintf
    main.o(i.main) refers to stm32f4xx_hal_gpio.o(i.HAL_GPIO_WritePin) for HAL_GPIO_WritePin
    main.o(i.main) refers to thread.o(i.rt_thread_mdelay) for rt_thread_mdelay
    main.o(i.main) refers to main.o(i.my_thread_entry) for my_thread_entry
    main.o(i.main) refers to main.o(.data) for .data
    main.o(i.my_thread_entry) refers to stm32f4xx_hal_gpio.o(i.HAL_GPIO_WritePin) for HAL_GPIO_WritePin
    main.o(i.my_thread_entry) refers to thread.o(i.rt_thread_mdelay) for rt_thread_mdelay
    gpio.o(i.MX_GPIO_Init) refers to rt_memclr_w.o(.text) for __aeabi_memclr4
    gpio.o(i.MX_GPIO_Init) refers to stm32f4xx_hal_gpio.o(i.HAL_GPIO_WritePin) for HAL_GPIO_WritePin
    gpio.o(i.MX_GPIO_Init) refers to stm32f4xx_hal_gpio.o(i.HAL_GPIO_Init) for HAL_GPIO_Init
    dma.o(i.MX_DMA_Init) refers to stm32f4xx_hal_cortex.o(i.HAL_NVIC_SetPriority) for HAL_NVIC_SetPriority
    dma.o(i.MX_DMA_Init) refers to stm32f4xx_hal_cortex.o(i.HAL_NVIC_EnableIRQ) for HAL_NVIC_EnableIRQ
    rtc.o(i.HAL_RTC_MspInit) refers to stm32f4xx_hal_rcc_ex.o(i.HAL_RCCEx_PeriphCLKConfig) for HAL_RCCEx_PeriphCLKConfig
    rtc.o(i.HAL_RTC_MspInit) refers to main.o(i.Error_Handler) for Error_Handler
    rtc.o(i.MX_RTC_Init) refers to rt_memclr_w.o(.text) for __aeabi_memclr4
    rtc.o(i.MX_RTC_Init) refers to stm32f4xx_hal_rtc.o(i.HAL_RTC_Init) for HAL_RTC_Init
    rtc.o(i.MX_RTC_Init) refers to main.o(i.Error_Handler) for Error_Handler
    rtc.o(i.MX_RTC_Init) refers to stm32f4xx_hal_rtc.o(i.HAL_RTC_SetTime) for HAL_RTC_SetTime
    rtc.o(i.MX_RTC_Init) refers to stm32f4xx_hal_rtc.o(i.HAL_RTC_SetDate) for HAL_RTC_SetDate
    rtc.o(i.MX_RTC_Init) refers to rtc.o(.bss) for .bss
    usart.o(.rev16_text) refers (Special) to use_no_semi_2.o(.text) for __use_no_semihosting
    usart.o(.revsh_text) refers (Special) to use_no_semi_2.o(.text) for __use_no_semihosting
[...]
    i.HAL_RCC_OscConfig                      0x08000f7c   Section        0  stm32f4xx_hal_rcc.o(i.HAL_RCC_OscConfig)
    i.HAL_RTC_Init                           0x080012e8   Section        0  stm32f4xx_hal_rtc.o(i.HAL_RTC_Init)
    i.HAL_RTC_MspInit                        0x08001384   Section        0  rtc.o(i.HAL_RTC_MspInit)
    i.HAL_RTC_SetDate                        0x080013bc   Section        0  stm32f4xx_hal_rtc.o(i.HAL_RTC_SetDate)
    i.HAL_RTC_SetTime                        0x08001454   Section        0  stm32f4xx_hal_rtc.o(i.HAL_RTC_SetTime)
    i.HAL_RTC_WaitForSynchro                 0x08001514   Section        0  stm32f4xx_hal_rtc.o(i.HAL_RTC_WaitForSynchro)
    i.HAL_SYSTICK_Config                     0x0800154c   Section        0  stm32f4xx_hal_cortex.o(i.HAL_SYSTICK_Config)
    i.HAL_TIMEx_BreakCallback                0x08001574   Section        0  stm32f4xx_hal_tim_ex.o(i.HAL_TIMEx_BreakCallback)
    i.HAL_TIMEx_CommutCallback               0x08001576   Section        0  stm32f4xx_hal_tim_ex.o(i.HAL_TIMEx_CommutCallback)
    i.HAL_TIM_Base_Init                      0x08001578   Section        0  stm32f4xx_hal_tim.o(i.HAL_TIM_Base_Init)
    i.HAL_TIM_Base_MspInit                   0x080015d2   Section        0  stm32f4xx_hal_tim.o(i.HAL_TIM_Base_MspInit)
    i.HAL_TIM_Base_Start_IT                  0x080015d4   Section        0  stm32f4xx_hal_tim.o(i.HAL_TIM_Base_Start_IT)
    i.HAL_TIM_IC_CaptureCallback             0x08001654   Section        0  stm32f4xx_hal_tim.o(i.HAL_TIM_IC_CaptureCallback)
    i.HAL_TIM_IRQHandler                     0x08001656   Section        0  stm32f4xx_hal_tim.o(i.HAL_TIM_IRQHandler)
    i.HAL_TIM_OC_DelayElapsedCallback        0x08001786   Section        0  stm32f4xx_hal_tim.o(i.HAL_TIM_OC_DelayElapsedCallback)
    i.HAL_TIM_PWM_PulseFinishedCallback      0x08001788   Section        0  stm32f4xx_hal_tim.o(i.HAL_TIM_PWM_PulseFinishedCallback)
    i.HAL_TIM_PeriodElapsedCallback          0x0800178c   Section        0  main.o(i.HAL_TIM_PeriodElapsedCallback)
    i.HAL_TIM_TriggerCallback                0x080017a0   Section        0  stm32f4xx_hal_tim.o(i.HAL_TIM_TriggerCallback)
    i.HAL_UART_Init                          0x080017a2   Section        0  stm32f4xx_hal_uart.o(i.HAL_UART_Init)
    i.HAL_UART_MspInit                       0x08001808   Section        0  usart.o(i.HAL_UART_MspInit)
    i.HAL_UART_Transmit                      0x080018ac   Section        0  stm32f4xx_hal_uart.o(i.HAL_UART_Transmit)
    i.MX_DMA_Init                            0x0800194c   Section        0  dma.o(i.MX_DMA_Init)
    i.MX_GPIO_Init                           0x08001978   Section        0  gpio.o(i.MX_GPIO_Init)
    i.MX_RTC_Init                            0x080019f8   Section        0  rtc.o(i.MX_RTC_Init)
    i.MX_USART1_UART_Init                    0x08001a84   Section        0  usart.o(i.MX_USART1_UART_Init)
    i.MemManage_Handler                      0x08001abc   Section        0  stm32f4xx_it.o(i.MemManage_Handler)
    i.NMI_Handler                            0x08001abe   Section        0  stm32f4xx_it.o(i.NMI_Handler)
    i.RTC_ByteToBcd2                         0x08001ac4   Section        0  stm32f4xx_hal_rtc.o(i.RTC_ByteToBcd2)
    i.RTC_EnterInitMode                      0x08001adc   Section        0  stm32f4xx_hal_rtc.o(i.RTC_EnterInitMode)
    i.RTC_ExitInitMode                       0x08001b24   Section        0  stm32f4xx_hal_rtc.o(i.RTC_ExitInitMode)
    i.SysTick_Handler                        0x08001b4e   Section        0  board.o(i.SysTick_Handler)
    i.SystemClock_Config                     0x08001b60   Section        0  main.o(i.SystemClock_Config)
    i.SystemCoreClockUpdate                  0x08001bfc   Section        0  system_stm32f4xx.o(i.SystemCoreClockUpdate)
    i.SystemInit                             0x08001c74   Section        0  system_stm32f4xx.o(i.SystemInit)
    i.TIM6_DAC_IRQHandler                    0x08001c84   Section        0  stm32f4xx_it.o(i.TIM6_DAC_IRQHandler)
    i.TIM_Base_SetConfig                     0x08001c90   Section        0  stm32f4xx_hal_tim.o(i.TIM_Base_SetConfig)
    i.UART_EndRxTransfer                     0x08001d60   Section        0  stm32f4xx_hal_uart.o(i.UART_EndRxTransfer)
    UART_EndRxTransfer                       0x08001d61   Thumb Code    78  stm32f4xx_hal_uart.o(i.UART_EndRxTransfer)
    i.UART_SetConfig                         0x08001db0   Section        0  stm32f4xx_hal_uart.o(i.UART_SetConfig)
    UART_SetConfig                           0x08001db1   Thumb Code   258  stm32f4xx_hal_uart.o(i.UART_SetConfig)
    i.UART_WaitOnFlagUntilTimeout            0x08001ebc   Section        0  stm32f4xx_hal_uart.o(i.UART_WaitOnFlagUntilTimeout)
    UART_WaitOnFlagUntilTimeout              0x08001ebd   Thumb Code   114  stm32f4xx_hal_uart.o(i.UART_WaitOnFlagUntilTimeout)
    i.UsageFault_Handler                     0x08001f2e   Section        0  stm32f4xx_it.o(i.UsageFault_Handler)
    i.__NVIC_SetPriority                     0x08001f30   Section        0  stm32f4xx_hal_cortex.o(i.__NVIC_SetPriority)
    __NVIC_SetPriority                       0x08001f31   Thumb Code    32  stm32f4xx_hal_cortex.o(i.__NVIC_SetPriority)
    i.__rt_ffs                               0x08001f50   Section        0  kservice.o(i.__rt_ffs)
    i._scheduler_get_highest_priority_thread 0x08001f94   Section        0  scheduler.o(i._scheduler_get_highest_priority_thread)
    _scheduler_get_highest_priority_thread   0x08001f95   Thumb Code    28  scheduler.o(i._scheduler_get_highest_priority_thread)
    i._sys_exit                              0x08001fb8   Section        0  usart.o(i._sys_exit)
    i._thread_exit                           0x08001fbc   Section        0  thread.o(i._thread_exit)
    _thread_exit                             0x08001fbd   Thumb Code    52  thread.o(i._thread_exit)
    i._thread_init                           0x08001ff4   Section        0  thread.o(i._thread_init)
    _thread_init                             0x08001ff5   Thumb Code   106  thread.o(i._thread_init)
    i._thread_timeout                        0x08002068   Section        0  thread.o(i._thread_timeout)
    _thread_timeout                          0x08002069   Thumb Code    44  thread.o(i._thread_timeout)
    i._timer_init                            0x08002094   Section        0  timer.o(i._timer_init)
    _timer_init                              0x08002095   Thumb Code    28  timer.o(i._timer_init)
    i._timer_remove                          0x080020b0   Section        0  timer.o(i._timer_remove)
    _timer_remove                            0x080020b1   Thumb Code     6  timer.o(i._timer_remove)
    i.main                                   0x080020b8   Section        0  main.o(i.main)
    i.main_thread_entry                      0x080021a4   Section        0  components.o(i.main_thread_entry)
    i.my_thread_entry                        0x080021b4   Section        0  main.o(i.my_thread_entry)
    my_thread_entry                          0x080021b5   Thumb Code    76  main.o(i.my_thread_entry)
    i.plug_holes                             0x08002204   Section        0  mem.o(i.plug_holes)
    plug_holes                               0x08002205   Thumb Code    92  mem.o(i.plug_holes)
    i.print_number                           0x08002260   Section        0  kservice.o(i.print_number)
    print_number                             0x08002261   Thumb Code   300  kservice.o(i.print_number)
    i.rt_application_init                    0x08002390   Section        0  components.o(i.rt_application_init)
    i.rt_components_board_init               0x080023bc   Section        0  components.o(i.rt_components_board_init)
    i.rt_components_init                     0x080023d8   Section        0  components.o(i.rt_components_init)
    i.rt_enter_critical                      0x080023f4   Section        0  scheduler.o(i.rt_enter_critical)
    i.rt_exit_critical                       0x08002410   Section        0  scheduler.o(i.rt_exit_critical)
    i.rt_free                                0x08002448   Section        0  kservice.o(i.rt_free)
    i.rt_heap_begin_get                      0x08002464   Section        0  board.o(i.rt_heap_begin_get)
    i.rt_heap_end_get                        0x0800246c   Section        0  board.o(i.rt_heap_end_get)
    i.rt_hw_board_init                       0x08002474   Section        0  board.o(i.rt_hw_board_init)
    i.rt_hw_console_output                   0x080024ac   Section        0  board.o(i.rt_hw_console_output)
    i.rt_hw_hard_fault_exception             0x080024f4   Section        0  cpuport.o(i.rt_hw_hard_fault_exception)
    i.rt_hw_stack_init                       0x08002704   Section        0  cpuport.o(i.rt_hw_stack_init)
    i.rt_interrupt_enter                     0x08002740   Section        0  irq.o(i.rt_interrupt_enter)
    i.rt_interrupt_leave                     0x0800275c   Section        0  irq.o(i.rt_interrupt_leave)
    i.rt_kprintf                             0x08002778   Section        0  kservice.o(i.rt_kprintf)
    i.rt_list_insert_after                   0x080027a4   Section        0  object.o(i.rt_list_insert_after)
    rt_list_insert_after                     0x080027a5   Thumb Code    14  object.o(i.rt_list_insert_after)
    i.rt_list_insert_after                   0x080027b2   Section        0  timer.o(i.rt_list_insert_after)
    rt_list_insert_after                     0x080027b3   Thumb Code    14  timer.o(i.rt_list_insert_after)
    i.rt_list_remove                         0x080027c0   Section        0  object.o(i.rt_list_remove)
    rt_list_remove                           0x080027c1   Thumb Code    18  object.o(i.rt_list_remove)
    i.rt_list_remove                         0x080027d2   Section        0  thread.o(i.rt_list_remove)
    rt_list_remove                           0x080027d3   Thumb Code    18  thread.o(i.rt_list_remove)
    i.rt_list_remove                         0x080027e4   Section        0  timer.o(i.rt_list_remove)
    rt_list_remove                           0x080027e5   Thumb Code    18  timer.o(i.rt_list_remove)
    i.rt_malloc                              0x080027f8   Section        0  kservice.o(i.rt_malloc)
    i.rt_memset                              0x08002818   Section        0  kservice.o(i.rt_memset)
    i.rt_object_allocate                     0x0800285e   Section        0  object.o(i.rt_object_allocate)
    i.rt_object_delete                       0x080028ae   Section        0  object.o(i.rt_object_delete)
    i.rt_object_detach                       0x080028d4   Section        0  object.o(i.rt_object_detach)
    i.rt_object_get_information              0x080028f4   Section        0  object.o(i.rt_object_get_information)
    i.rt_object_init                         0x08002918   Section        0  object.o(i.rt_object_init)
    i.rt_object_is_systemobject              0x08002968   Section        0  object.o(i.rt_object_is_systemobject)
    i.rt_schedule                            0x08002978   Section        0  scheduler.o(i.rt_schedule)
    i.rt_schedule_insert_thread              0x08002a30   Section        0  scheduler.o(i.rt_schedule_insert_thread)
    i.rt_schedule_remove_thread              0x08002aa4   Section        0  scheduler.o(i.rt_schedule_remove_thread)
    i.rt_show_version                        0x08002aec   Section        0  kservice.o(i.rt_show_version)
    i.rt_smem_alloc                          0x08002bb0   Section        0  mem.o(i.rt_smem_alloc)
    i.rt_smem_free                           0x08002c66   Section        0  mem.o(i.rt_smem_free)
    i.rt_smem_init                           0x08002c94   Section        0  mem.o(i.rt_smem_init)
    i.rt_sprintf                             0x08002d68   Section        0  kservice.o(i.rt_sprintf)
    i.rt_strlen                              0x08002d7a   Section        0  kservice.o(i.rt_strlen)
    i.rt_strncpy                             0x08002d8a   Section        0  kservice.o(i.rt_strncpy)
    i.rt_system_heap_init                    0x08002db0   Section        0  kservice.o(i.rt_system_heap_init)
    i.rt_system_scheduler_init               0x08002dd8   Section        0  scheduler.o(i.rt_system_scheduler_init)
    i.rt_system_scheduler_start              0x08002e00   Section        0  scheduler.o(i.rt_system_scheduler_start)
    i.rt_system_timer_init                   0x08002e28   Section        0  timer.o(i.rt_system_timer_init)
    i.rt_system_timer_thread_init            0x08002e34   Section        0  timer.o(i.rt_system_timer_thread_init)
    i.rt_thread_create                       0x08002e36   Section        0  thread.o(i.rt_thread_create)
    i.rt_thread_defunct_dequeue              0x08002e80   Section        0  idle.o(i.rt_thread_defunct_dequeue)
    i.rt_thread_defunct_enqueue              0x08002eb0   Section        0  idle.o(i.rt_thread_defunct_enqueue)
    i.rt_thread_idle_entry                   0x08002ec8   Section        0  idle.o(i.rt_thread_idle_entry)
    rt_thread_idle_entry                     0x08002ec9   Thumb Code    50  idle.o(i.rt_thread_idle_entry)
    i.rt_thread_idle_init                    0x08002efc   Section        0  idle.o(i.rt_thread_idle_init)
    i.rt_thread_init                         0x08002f40   Section        0  thread.o(i.rt_thread_init)
    i.rt_thread_mdelay                       0x08002f70   Section        0  thread.o(i.rt_thread_mdelay)
    i.rt_thread_resume                       0x08002f7e   Section        0  thread.o(i.rt_thread_resume)
    i.rt_thread_self                         0x08002fbc   Section        0  thread.o(i.rt_thread_self)
    i.rt_thread_sleep                        0x08002fc8   Section        0  thread.o(i.rt_thread_sleep)
    i.rt_thread_startup                      0x0800300c   Section        0  thread.o(i.rt_thread_startup)
    i.rt_thread_suspend                      0x08003034   Section        0  thread.o(i.rt_thread_suspend)
    i.rt_tick_from_millisecond               0x0800307a   Section        0  clock.o(i.rt_tick_from_millisecond)
    i.rt_tick_get                            0x080030ac   Section        0  clock.o(i.rt_tick_get)
    i.rt_tick_increase                       0x080030b8   Section        0  clock.o(i.rt_tick_increase)
    i.rt_timer_check                         0x08003100   Section        0  timer.o(i.rt_timer_check)
    i.rt_timer_control                       0x0800318c   Section        0  timer.o(i.rt_timer_control)
    i.rt_timer_detach                        0x080031d8   Section        0  timer.o(i.rt_timer_detach)
    i.rt_timer_init                          0x08003200   Section        0  timer.o(i.rt_timer_init)
    i.rt_timer_start                         0x08003228   Section        0  timer.o(i.rt_timer_start)
    i.rt_timer_stop                          0x080032ac   Section        0  timer.o(i.rt_timer_stop)
    i.rt_vsnprintf                           0x080032dc   Section        0  kservice.o(i.rt_vsnprintf)
    i.rt_vsprintf                            0x08003560   Section        0  kservice.o(i.rt_vsprintf)
    i.rti_board_end                          0x08003570   Section        0  components.o(i.rti_board_end)
    rti_board_end                            0x08003571   Thumb Code     4  components.o(i.rti_board_end)
    i.rti_board_start                        0x08003574   Section        0  components.o(i.rti_board_start)
    rti_board_start                          0x08003575   Thumb Code     4  components.o(i.rti_board_start)
    i.rti_end                                0x08003578   Section        0  components.o(i.rti_end)
    rti_end                                  0x08003579   Thumb Code     4  components.o(i.rti_end)
    i.rti_start                              0x0800357c   Section        0  components.o(i.rti_start)
    rti_start                                0x0800357d   Thumb Code     4  components.o(i.rti_start)
    i.rtthread_startup                       0x08003580   Section        0  components.o(i.rtthread_startup)
    i.skip_atoi                              0x080035aa   Section        0  kservice.o(i.skip_atoi)
    skip_atoi                                0x080035ab   Thumb Code    40  kservice.o(i.skip_atoi)
    i.uart_init                              0x080035d4   Section        0  board.o(i.uart_init)
    uart_init                                0x080035d5   Thumb Code    42  board.o(i.uart_init)
    x$fpl$fpinit                             0x08003608   Section       10  fpinit.o(x$fpl$fpinit)
    $v0                                      0x08003608   Number         0  fpinit.o(x$fpl$fpinit)
    .constdata                               0x08003612   Section        8  stm32f4xx_hal_dma.o(.constdata)
    flagBitshiftOffset                       0x08003612   Data           8  stm32f4xx_hal_dma.o(.constdata)
    .constdata                               0x0800361a   Section       16  system_stm32f4xx.o(.constdata)
    .constdata                               0x0800362a   Section        8  system_stm32f4xx.o(.constdata)
    .constdata                               0x08003632   Section      290  kservice.o(.constdata)
    small_digits                             0x08003732   Data          17  kservice.o(.constdata)
    large_digits                             0x08003743   Data          17  kservice.o(.constdata)
    .conststring                             0x08003754   Section       88  kservice.o(.conststring)
    .rti_fn.0                                0x080037ac   Section        4  components.o(.rti_fn.0)
    __tagsym$$used                           0x080037ac   Number         0  components.o(.rti_fn.0)
    .rti_fn.0.end                            0x080037b0   Section        4  components.o(.rti_fn.0.end)
    __tagsym$$used                           0x080037b0   Number         0  components.o(.rti_fn.0.end)
    .rti_fn.1                                0x080037b4   Section        4  board.o(.rti_fn.1)
    __tagsym$$used                           0x080037b4   Number         0  board.o(.rti_fn.1)
    .rti_fn.1.end                            0x080037b8   Section        4  components.o(.rti_fn.1.end)
    __tagsym$$used                           0x080037b8   Number         0  components.o(.rti_fn.1.end)
    .rti_fn.6.end                            0x080037bc   Section        4  components.o(.rti_fn.6.end)
    __tagsym$$used                           0x080037bc   Number         0  components.o(.rti_fn.6.end)
    .data                                    0x20000000   Section        4  main.o(.data)
    my_thread                                0x20000000   Data           4  main.o(.data)
    .data                                    0x20000004   Section       12  stm32f4xx_hal.o(.data)
    .data                                    0x20000010   Section        4  system_stm32f4xx.o(.data)
    .data                                    0x20000014   Section        4  cpuport.o(.data)
    rt_exception_hook                        0x20000014   Data           4  cpuport.o(.data)
    .data                                    0x20000018   Section        4  cpuport.o(.data)
    .data                                    0x2000001c   Section        4  cpuport.o(.data)
    .data                                    0x20000020   Section        4  cpuport.o(.data)
    .data                                    0x20000024   Section        4  clock.o(.data)
    rt_tick                                  0x20000024   Data           4  clock.o(.data)
    .data                                    0x20000028   Section        8  idle.o(.data)
    _rt_thread_defunct                       0x20000028   Data           8  idle.o(.data)
    .data                                    0x20000030   Section        1  irq.o(.data)
    .data                                    0x20000034   Section       56  kservice.o(.data)
    __rt_errno                               0x20000034   Data           4  kservice.o(.data)
    system_heap                              0x20000038   Data           4  kservice.o(.data)
    rt_errno_strs                            0x2000003c   Data          48  kservice.o(.data)
    .data                                    0x2000006c   Section       80  object.o(.data)
    _object_container                        0x2000006c   Data          80  object.o(.data)
    .data                                    0x200000bc   Section       12  scheduler.o(.data)
    rt_scheduler_lock_nest                   0x200000be   Data           2  scheduler.o(.data)
    .data                                    0x200000c8   Section       12  timer.o(.data)
    random_nr                                0x200000c8   Data           4  timer.o(.data)
    _timer_list                              0x200000cc   Data           8  timer.o(.data)
    .bss                                     0x200000d4   Section       32  rtc.o(.bss)
    .bss                                     0x200000f4   Section      168  usart.o(.bss)
    .bss                                     0x2000019c   Section       72  stm32f4xx_hal_timebase_tim.o(.bss)
    .bss                                     0x200001e4   Section      376  idle.o(.bss)
    idle                                     0x200001e4   Data         120  idle.o(.bss)
    rt_thread_stack                          0x2000025c   Data         256  idle.o(.bss)
    .bss                                     0x2000035c   Section      128  kservice.o(.bss)
    rt_log_buf                               0x2000035c   Data         128  kservice.o(.bss)
    .bss                                     0x200003dc   Section      256  scheduler.o(.bss)
    .bss                                     0x200004dc   Section    15432  board.o(.bss)
    rt_heap                                  0x200004dc   Data       15360  board.o(.bss)
    UartHandle                               0x200040dc   Data          72  board.o(.bss)
    .bss                                     0x20004124   Section       96  libspace.o(.bss)
    HEAP                                     0x20004188   Section     1024  startup_stm32f407xx.o(HEAP)
    Heap_Mem                                 0x20004188   Data        1024  startup_stm32f407xx.o(HEAP)
    STACK                                    0x20004588   Section     2048  startup_stm32f407xx.o(STACK)
    Stack_Mem                                0x20004588   Data        2048  startup_stm32f407xx.o(STACK)
    __initial_sp                             0x20004d88   Data           0  startup_stm32f407xx.o(STACK)

    Global Symbols

    Symbol Name                              Value     Ov Type        Size  Object(Section)

    BuildAttributes$$THM_ISAv4$E$P$D$K$B$S$7EM$VFPi3$EXTD16$VFPS$VFMA$PE$A:L22UL41UL21$X:L11$S22US41US21$IEEE1$IW$USESV6$~STKCKD$USESV7$~SHL$OSPACE$ROPI$EBA8$UX$STANDARDLIB$REQ8$PRES8$EABIv2 0x00000000   Number         0  anon$$obj.o ABSOLUTE
    __ARM_use_no_argv                        0x00000000   Number         0  main.o ABSOLUTE
    __ARM_exceptions_init                     - Undefined Weak Reference
    __alloca_initialize                       - Undefined Weak Reference
    __arm_fini_                               - Undefined Weak Reference
    __arm_preinit_                            - Undefined Weak Reference
    __cpp_initialize__aeabi_                  - Undefined Weak Reference
    __cxa_finalize                            - Undefined Weak Reference
    __sigvec_lookup                           - Undefined Weak Reference
    _atexit_init                              - Undefined Weak Reference
    _call_atexit_fns                          - Undefined Weak Reference
    _clock_init                               - Undefined Weak Reference
    _fp_trap_init                             - Undefined Weak Reference
    _fp_trap_shutdown                         - Undefined Weak Reference
    _get_lc_collate                           - Undefined Weak Reference
    _get_lc_monetary                          - Undefined Weak Reference
    _get_lc_numeric                           - Undefined Weak Reference
    _get_lc_time                              - Undefined Weak Reference
    _getenv_init                              - Undefined Weak Reference
    _handle_redirection                       - Undefined Weak Reference
    _init_alloc                               - Undefined Weak Reference
    _init_user_alloc                          - Undefined Weak Reference
    _initio                                   - Undefined Weak Reference
    _rand_init                                - Undefined Weak Reference
    _signal_finish                            - Undefined Weak Reference
    _signal_init                              - Undefined Weak Reference
    _terminate_alloc                          - Undefined Weak Reference
    _terminate_user_alloc                     - Undefined Weak Reference
    _terminateio                              - Undefined Weak Reference
    __Vectors_Size                           0x00000188   Number         0  startup_stm32f407xx.o ABSOLUTE
    __Vectors                                0x08000000   Data           4  startup_stm32f407xx.o(RESET)
    __Vectors_End                            0x08000188   Data           0  startup_stm32f407xx.o(RESET)
    __main                                   0x08000189   Thumb Code     8  __main.o(!!!main)
    __scatterload                            0x08000191   Thumb Code     0  __scatter.o(!!!scatter)
    __scatterload_rt2                        0x08000191   Thumb Code    44  __scatter.o(!!!scatter)
    __scatterload_rt2_thumb_only             0x08000191   Thumb Code     0  __scatter.o(!!!scatter)
    __scatterload_null                       0x0800019f   Thumb Code     0  __scatter.o(!!!scatter)
    __scatterload_copy                       0x080001c5   Thumb Code    26  __scatter_copy.o(!!handler_copy)
    __scatterload_zeroinit                   0x080001e1   Thumb Code    28  __scatter_zi.o(!!handler_zi)
    __rt_lib_init                            0x080001fd   Thumb Code     0  libinit.o(.ARM.Collect$$libinit$$00000000)
    __rt_lib_init_fp_1                       0x080001ff   Thumb Code     0  libinit2.o(.ARM.Collect$$libinit$$00000001)
    __rt_lib_init_alloca_1                   0x08000203   Thumb Code     0  libinit2.o(.ARM.Collect$$libinit$$0000002E)
    __rt_lib_init_argv_1                     0x08000203   Thumb Code     0  libinit2.o(.ARM.Collect$$libinit$$0000002C)
    __rt_lib_init_atexit_1                   0x08000203   Thumb Code     0  libinit2.o(.ARM.Collect$$libinit$$0000001B)
    __rt_lib_init_clock_1                    0x08000203   Thumb Code     0  libinit2.o(.ARM.Collect$$libinit$$00000021)
    __rt_lib_init_cpp_1                      0x08000203   Thumb Code     0  libinit2.o(.ARM.Collect$$libinit$$00000032)
    __rt_lib_init_exceptions_1               0x08000203   Thumb Code     0  libinit2.o(.ARM.Collect$$libinit$$00000030)
    __rt_lib_init_fp_trap_1                  0x08000203   Thumb Code     0  libinit2.o(.ARM.Collect$$libinit$$0000001F)
    __rt_lib_init_getenv_1                   0x08000203   Thumb Code     0  libinit2.o(.ARM.Collect$$libinit$$00000023)
    __rt_lib_init_heap_1                     0x08000203   Thumb Code     0  libinit2.o(.ARM.Collect$$libinit$$0000000A)
    __rt_lib_init_lc_collate_1               0x08000203   Thumb Code     0  libinit2.o(.ARM.Collect$$libinit$$00000011)
    __rt_lib_init_lc_ctype_1                 0x08000203   Thumb Code     0  libinit2.o(.ARM.Collect$$libinit$$00000013)
    __rt_lib_init_lc_monetary_1              0x08000203   Thumb Code     0  libinit2.o(.ARM.Collect$$libinit$$00000015)
    __rt_lib_init_lc_numeric_1               0x08000203   Thumb Code     0  libinit2.o(.ARM.Collect$$libinit$$00000017)
    __rt_lib_init_lc_time_1                  0x08000203   Thumb Code     0  libinit2.o(.ARM.Collect$$libinit$$00000019)
    __rt_lib_init_preinit_1                  0x08000203   Thumb Code     0  libinit2.o(.ARM.Collect$$libinit$$00000004)
    __rt_lib_init_rand_1                     0x08000203   Thumb Code     0  libinit2.o(.ARM.Collect$$libinit$$0000000E)
    __rt_lib_init_return                     0x08000203   Thumb Code     0  libinit2.o(.ARM.Collect$$libinit$$00000033)
    __rt_lib_init_signal_1                   0x08000203   Thumb Code     0  libinit2.o(.ARM.Collect$$libinit$$0000001D)
    __rt_lib_init_stdio_1                    0x08000203   Thumb Code     0  libinit2.o(.ARM.Collect$$libinit$$00000025)
    __rt_lib_init_user_alloc_1               0x08000203   Thumb Code     0  libinit2.o(.ARM.Collect$$libinit$$0000000C)
    __rt_lib_shutdown                        0x08000205   Thumb Code     0  libshutdown.o(.ARM.Collect$$libshutdown$$00000000)
    __rt_lib_shutdown_cpp_1                  0x08000207   Thumb Code     0  libshutdown2.o(.ARM.Collect$$libshutdown$$00000004)
    __rt_lib_shutdown_fini_1                 0x08000207   Thumb Code     0  libshutdown2.o(.ARM.Collect$$libshutdown$$00000002)
    __rt_lib_shutdown_fp_trap_1              0x08000207   Thumb Code     0  libshutdown2.o(.ARM.Collect$$libshutdown$$00000009)
    __rt_lib_shutdown_heap_1                 0x08000207   Thumb Code     0  libshutdown2.o(.ARM.Collect$$libshutdown$$00000011)
    __rt_lib_shutdown_return                 0x08000207   Thumb Code     0  libshutdown2.o(.ARM.Collect$$libshutdown$$00000012)
    __rt_lib_shutdown_signal_1               0x08000207   Thumb Code     0  libshutdown2.o(.ARM.Collect$$libshutdown$$0000000C)
    __rt_lib_shutdown_stdio_1                0x08000207   Thumb Code     0  libshutdown2.o(.ARM.Collect$$libshutdown$$00000006)
    __rt_lib_shutdown_user_alloc_1           0x08000207   Thumb Code     0  libshutdown2.o(.ARM.Collect$$libshutdown$$0000000E)
    __rt_entry                               0x08000209   Thumb Code     0  __rtentry.o(.ARM.Collect$$rtentry$$00000000)
    __rt_entry_presh_1                       0x08000209   Thumb Code     0  __rtentry2.o(.ARM.Collect$$rtentry$$00000002)
    __rt_entry_sh                            0x08000209   Thumb Code     0  __rtentry4.o(.ARM.Collect$$rtentry$$00000004)
    __rt_entry_li                            0x0800020f   Thumb Code     0  __rtentry2.o(.ARM.Collect$$rtentry$$0000000A)
    __rt_entry_postsh_1                      0x0800020f   Thumb Code     0  __rtentry2.o(.ARM.Collect$$rtentry$$00000009)
    __rt_entry_main                          0x08000213   Thumb Code     0  __rtentry2.o(.ARM.Collect$$rtentry$$0000000D)
    __rt_entry_postli_1                      0x08000213   Thumb Code     0  __rtentry2.o(.ARM.Collect$$rtentry$$0000000C)
    __rt_exit                                0x0800021b   Thumb Code     0  rtexit.o(.ARM.Collect$$rtexit$$00000000)
    __rt_exit_ls                             0x0800021d   Thumb Code     0  rtexit2.o(.ARM.Collect$$rtexit$$00000003)
    __rt_exit_prels_1                        0x0800021d   Thumb Code     0  rtexit2.o(.ARM.Collect$$rtexit$$00000002)
    __rt_exit_exit                           0x08000221   Thumb Code     0  rtexit2.o(.ARM.Collect$$rtexit$$00000004)
    Reset_Handler                            0x08000229   Thumb Code     8  startup_stm32f407xx.o(.text)
    SVC_Handler                              0x0800023b   Thumb Code     2  startup_stm32f407xx.o(.text)
    ADC_IRQHandler                           0x08000243   Thumb Code     0  startup_stm32f407xx.o(.text)
    CAN1_RX0_IRQHandler                      0x08000243   Thumb Code     0  startup_stm32f407xx.o(.text)
    CAN1_RX1_IRQHandler                      0x08000243   Thumb Code     0  startup_stm32f407xx.o(.text)
    CAN1_SCE_IRQHandler                      0x08000243   Thumb Code     0  startup_stm32f407xx.o(.text)
    CAN1_TX_IRQHandler                       0x08000243   Thumb Code     0  startup_stm32f407xx.o(.text)
    CAN2_RX0_IRQHandler                      0x08000243   Thumb Code     0  startup_stm32f407xx.o(.text)
    CAN2_RX1_IRQHandler                      0x08000243   Thumb Code     0  startup_stm32f407xx.o(.text)
    CAN2_SCE_IRQHandler                      0x08000243   Thumb Code     0  startup_stm32f407xx.o(.text)
    CAN2_TX_IRQHandler                       0x08000243   Thumb Code     0  startup_stm32f407xx.o(.text)
    DCMI_IRQHandler                          0x08000243   Thumb Code     0  startup_stm32f407xx.o(.text)
    DMA1_Stream0_IRQHandler                  0x08000243   Thumb Code     0  startup_stm32f407xx.o(.text)
    DMA1_Stream1_IRQHandler                  0x08000243   Thumb Code     0  startup_stm32f407xx.o(.text)
    DMA1_Stream2_IRQHandler                  0x08000243   Thumb Code     0  startup_stm32f407xx.o(.text)
    DMA1_Stream3_IRQHandler                  0x08000243   Thumb Code     0  startup_stm32f407xx.o(.text)
    DMA1_Stream4_IRQHandler                  0x08000243   Thumb Code     0  startup_stm32f407xx.o(.text)
    DMA1_Stream5_IRQHandler                  0x08000243   Thumb Code     0  startup_stm32f407xx.o(.text)
    DMA1_Stream6_IRQHandler                  0x08000243   Thumb Code     0  startup_stm32f407xx.o(.text)
    DMA1_Stream7_IRQHandler                  0x08000243   Thumb Code     0  startup_stm32f407xx.o(.text)
    DMA2_Stream0_IRQHandler                  0x08000243   Thumb Code     0  startup_stm32f407xx.o(.text)
    DMA2_Stream1_IRQHandler                  0x08000243   Thumb Code     0  startup_stm32f407xx.o(.text)
    DMA2_Stream2_IRQHandler                  0x08000243   Thumb Code     0  startup_stm32f407xx.o(.text)
    DMA2_Stream3_IRQHandler                  0x08000243   Thumb Code     0  startup_stm32f407xx.o(.text)
    DMA2_Stream4_IRQHandler                  0x08000243   Thumb Code     0  startup_stm32f407xx.o(.text)
    DMA2_Stream5_IRQHandler                  0x08000243   Thumb Code     0  startup_stm32f407xx.o(.text)
    DMA2_Stream6_IRQHandler                  0x08000243   Thumb Code     0  startup_stm32f407xx.o(.text)
    ETH_IRQHandler                           0x08000243   Thumb Code     0  startup_stm32f407xx.o(.text)
    ETH_WKUP_IRQHandler                      0x08000243   Thumb Code     0  startup_stm32f407xx.o(.text)
    EXTI0_IRQHandler                         0x08000243   Thumb Code     0  startup_stm32f407xx.o(.text)
    EXTI15_10_IRQHandler                     0x08000243   Thumb Code     0  startup_stm32f407xx.o(.text)
    EXTI1_IRQHandler                         0x08000243   Thumb Code     0  startup_stm32f407xx.o(.text)
    EXTI2_IRQHandler                         0x08000243   Thumb Code     0  startup_stm32f407xx.o(.text)
    EXTI3_IRQHandler                         0x08000243   Thumb Code     0  startup_stm32f407xx.o(.text)
    EXTI4_IRQHandler                         0x08000243   Thumb Code     0  startup_stm32f407xx.o(.text)
    EXTI9_5_IRQHandler                       0x08000243   Thumb Code     0  startup_stm32f407xx.o(.text)
    FLASH_IRQHandler                         0x08000243   Thumb Code     0  startup_stm32f407xx.o(.text)
    FMC_IRQHandler                           0x08000243   Thumb Code     0  startup_stm32f407xx.o(.text)
    FPU_IRQHandler                           0x08000243   Thumb Code     0  startup_stm32f407xx.o(.text)
    HASH_RNG_IRQHandler                      0x08000243   Thumb Code     0  startup_stm32f407xx.o(.text)
    I2C1_ER_IRQHandler                       0x08000243   Thumb Code     0  startup_stm32f407xx.o(.text)
    I2C1_EV_IRQHandler                       0x08000243   Thumb Code     0  startup_stm32f407xx.o(.text)
    I2C2_ER_IRQHandler                       0x08000243   Thumb Code     0  startup_stm32f407xx.o(.text)
    I2C2_EV_IRQHandler                       0x08000243   Thumb Code     0  startup_stm32f407xx.o(.text)
    I2C3_ER_IRQHandler                       0x08000243   Thumb Code     0  startup_stm32f407xx.o(.text)
    I2C3_EV_IRQHandler                       0x08000243   Thumb Code     0  startup_stm32f407xx.o(.text)
    OTG_FS_IRQHandler                        0x08000243   Thumb Code     0  startup_stm32f407xx.o(.text)
    OTG_FS_WKUP_IRQHandler                   0x08000243   Thumb Code     0  startup_stm32f407xx.o(.text)
    OTG_HS_EP1_IN_IRQHandler                 0x08000243   Thumb Code     0  startup_stm32f407xx.o(.text)
    OTG_HS_EP1_OUT_IRQHandler                0x08000243   Thumb Code     0  startup_stm32f407xx.o(.text)
    OTG_HS_IRQHandler                        0x08000243   Thumb Code     0  startup_stm32f407xx.o(.text)
    OTG_HS_WKUP_IRQHandler                   0x08000243   Thumb Code     0  startup_stm32f407xx.o(.text)
    PVD_IRQHandler                           0x08000243   Thumb Code     0  startup_stm32f407xx.o(.text)
    RCC_IRQHandler                           0x08000243   Thumb Code     0  startup_stm32f407xx.o(.text)
    RTC_Alarm_IRQHandler                     0x08000243   Thumb Code     0  startup_stm32f407xx.o(.text)
    RTC_WKUP_IRQHandler                      0x08000243   Thumb Code     0  startup_stm32f407xx.o(.text)
    SDIO_IRQHandler                          0x08000243   Thumb Code     0  startup_stm32f407xx.o(.text)
    SPI1_IRQHandler                          0x08000243   Thumb Code     0  startup_stm32f407xx.o(.text)
    SPI2_IRQHandler                          0x08000243   Thumb Code     0  startup_stm32f407xx.o(.text)
    SPI3_IRQHandler                          0x08000243   Thumb Code     0  startup_stm32f407xx.o(.text)
    TAMP_STAMP_IRQHandler                    0x08000243   Thumb Code     0  startup_stm32f407xx.o(.text)
    TIM1_BRK_TIM9_IRQHandler                 0x08000243   Thumb Code     0  startup_stm32f407xx.o(.text)
    TIM1_CC_IRQHandler                       0x08000243   Thumb Code     0  startup_stm32f407xx.o(.text)
    TIM1_TRG_COM_TIM11_IRQHandler            0x08000243   Thumb Code     0  startup_stm32f407xx.o(.text)
    TIM1_UP_TIM10_IRQHandler                 0x08000243   Thumb Code     0  startup_stm32f407xx.o(.text)
    TIM2_IRQHandler                          0x08000243   Thumb Code     0  startup_stm32f407xx.o(.text)
    TIM3_IRQHandler                          0x08000243   Thumb Code     0  startup_stm32f407xx.o(.text)
    TIM4_IRQHandler                          0x08000243   Thumb Code     0  startup_stm32f407xx.o(.text)
    TIM5_IRQHandler                          0x08000243   Thumb Code     0  startup_stm32f407xx.o(.text)
    TIM7_IRQHandler                          0x08000243   Thumb Code     0  startup_stm32f407xx.o(.text)
    TIM8_BRK_TIM12_IRQHandler                0x08000243   Thumb Code     0  startup_stm32f407xx.o(.text)
    TIM8_CC_IRQHandler                       0x08000243   Thumb Code     0  startup_stm32f407xx.o(.text)
    TIM8_TRG_COM_TIM14_IRQHandler            0x08000243   Thumb Code     0  startup_stm32f407xx.o(.text)
    TIM8_UP_TIM13_IRQHandler                 0x08000243   Thumb Code     0  startup_stm32f407xx.o(.text)
    UART4_IRQHandler                         0x08000243   Thumb Code     0  startup_stm32f407xx.o(.text)
    UART5_IRQHandler                         0x08000243   Thumb Code     0  startup_stm32f407xx.o(.text)
    USART1_IRQHandler                        0x08000243   Thumb Code     0  startup_stm32f407xx.o(.text)
    USART2_IRQHandler                        0x08000243   Thumb Code     0  startup_stm32f407xx.o(.text)
    USART3_IRQHandler                        0x08000243   Thumb Code     0  startup_stm32f407xx.o(.text)
    USART6_IRQHandler                        0x08000243   Thumb Code     0  startup_stm32f407xx.o(.text)
    WWDG_IRQHandler                          0x08000243   Thumb Code     0  startup_stm32f407xx.o(.text)
    __user_initial_stackheap                 0x08000245   Thumb Code     0  startup_stm32f407xx.o(.text)
    rt_hw_interrupt_disable                  0x08000269   Thumb Code     8  context_rvds.o(.text)
    rt_hw_interrupt_enable                   0x08000271   Thumb Code     6  context_rvds.o(.text)
    rt_hw_context_switch                     0x08000277   Thumb Code    32  context_rvds.o(.text)
    rt_hw_context_switch_interrupt           0x08000277   Thumb Code     0  context_rvds.o(.text)
    PendSV_Handler                           0x08000297   Thumb Code   108  context_rvds.o(.text)
    rt_hw_context_switch_to                  0x08000303   Thumb Code    76  context_rvds.o(.text)
    rt_hw_interrupt_thread_switch            0x0800034f   Thumb Code     2  context_rvds.o(.text)
    HardFault_Handler                        0x08000351   Thumb Code    56  context_rvds.o(.text)
    __use_no_semihosting                     0x080003a5   Thumb Code     2  use_no_semi_2.o(.text)
    __aeabi_uldivmod                         0x080003a7   Thumb Code     0  lludivv7m.o(.text)
    _ll_udiv                                 0x080003a7   Thumb Code   238  lludivv7m.o(.text)
    __aeabi_memclr4                          0x08000495   Thumb Code     0  rt_memclr_w.o(.text)
    __aeabi_memclr8                          0x08000495   Thumb Code     0  rt_memclr_w.o(.text)
    __rt_memclr_w                            0x08000495   Thumb Code    78  rt_memclr_w.o(.text)
    _memset_w                                0x08000499   Thumb Code     0  rt_memclr_w.o(.text)
    __use_two_region_memory                  0x080004e3   Thumb Code     2  heapauxi.o(.text)
    __rt_heap_escrow$2region                 0x080004e5   Thumb Code     2  heapauxi.o(.text)
    __rt_heap_expand$2region                 0x080004e7   Thumb Code     2  heapauxi.o(.text)
    __semihosting$guard                      0x080004e9   Thumb Code     0  use_no_semi.o(.text)
    __use_no_semihosting_swi                 0x080004e9   Thumb Code     2  use_no_semi.o(.text)
    __user_libspace                          0x080004ed   Thumb Code     8  libspace.o(.text)
    __user_perproc_libspace                  0x080004ed   Thumb Code     0  libspace.o(.text)
    __user_perthread_libspace                0x080004ed   Thumb Code     0  libspace.o(.text)
    __user_setup_stackheap                   0x080004f5   Thumb Code    74  sys_stackheap_outer.o(.text)
    exit                                     0x0800053f   Thumb Code    18  exit.o(.text)
    main                                     0x08000551   Thumb Code    10  components.o(i.$Sub$$main)
    BusFault_Handler                         0x0800055b   Thumb Code     2  stm32f4xx_it.o(i.BusFault_Handler)
    DMA2_Stream7_IRQHandler                  0x0800055d   Thumb Code     6  stm32f4xx_it.o(i.DMA2_Stream7_IRQHandler)
    DebugMon_Handler                         0x080005e5   Thumb Code     2  stm32f4xx_it.o(i.DebugMon_Handler)
    Error_Handler                            0x080005e7   Thumb Code     4  main.o(i.Error_Handler)
    HAL_DMA_IRQHandler                       0x080005ed   Thumb Code   412  stm32f4xx_hal_dma.o(i.HAL_DMA_IRQHandler)
    HAL_DMA_Init                             0x0800078d   Thumb Code   206  stm32f4xx_hal_dma.o(i.HAL_DMA_Init)
    HAL_GPIO_Init                            0x08000861   Thumb Code   450  stm32f4xx_hal_gpio.o(i.HAL_GPIO_Init)
    HAL_GPIO_WritePin                        0x08000a51   Thumb Code    10  stm32f4xx_hal_gpio.o(i.HAL_GPIO_WritePin)
    HAL_GetTick                              0x08000a5d   Thumb Code     6  stm32f4xx_hal.o(i.HAL_GetTick)
    HAL_IncTick                              0x08000a69   Thumb Code    12  stm32f4xx_hal.o(i.HAL_IncTick)
    HAL_Init                                 0x08000a79   Thumb Code    48  stm32f4xx_hal.o(i.HAL_Init)
    HAL_InitTick                             0x08000aad   Thumb Code   132  stm32f4xx_hal_timebase_tim.o(i.HAL_InitTick)
    HAL_MspInit                              0x08000b45   Thumb Code    42  stm32f4xx_hal_msp.o(i.HAL_MspInit)
    HAL_NVIC_EnableIRQ                       0x08000b75   Thumb Code    26  stm32f4xx_hal_cortex.o(i.HAL_NVIC_EnableIRQ)
    HAL_NVIC_SetPriority                     0x08000b91   Thumb Code    60  stm32f4xx_hal_cortex.o(i.HAL_NVIC_SetPriority)
    HAL_NVIC_SetPriorityGrouping             0x08000bd1   Thumb Code    26  stm32f4xx_hal_cortex.o(i.HAL_NVIC_SetPriorityGrouping)
    HAL_RCCEx_PeriphCLKConfig                0x08000bf5   Thumb Code   296  stm32f4xx_hal_rcc_ex.o(i.HAL_RCCEx_PeriphCLKConfig)
    HAL_RCC_CSSCallback                      0x08000d31   Thumb Code     2  stm32f4xx_hal_rcc.o(i.HAL_RCC_CSSCallback)
    HAL_RCC_ClockConfig                      0x08000d35   Thumb Code   288  stm32f4xx_hal_rcc.o(i.HAL_RCC_ClockConfig)
    HAL_RCC_EnableCSS                        0x08000e69   Thumb Code     8  stm32f4xx_hal_rcc.o(i.HAL_RCC_EnableCSS)
    HAL_RCC_GetClockConfig                   0x08000e75   Thumb Code    54  stm32f4xx_hal_rcc.o(i.HAL_RCC_GetClockConfig)
    HAL_RCC_GetHCLKFreq                      0x08000eb5   Thumb Code     6  stm32f4xx_hal_rcc.o(i.HAL_RCC_GetHCLKFreq)
    HAL_RCC_GetPCLK1Freq                     0x08000ec1   Thumb Code    20  stm32f4xx_hal_rcc.o(i.HAL_RCC_GetPCLK1Freq)
    HAL_RCC_GetPCLK2Freq                     0x08000ee1   Thumb Code    20  stm32f4xx_hal_rcc.o(i.HAL_RCC_GetPCLK2Freq)
    HAL_RCC_GetSysClockFreq                  0x08000f01   Thumb Code    88  stm32f4xx_hal_rcc.o(i.HAL_RCC_GetSysClockFreq)
    HAL_RCC_NMI_IRQHandler                   0x08000f61   Thumb Code    24  stm32f4xx_hal_rcc.o(i.HAL_RCC_NMI_IRQHandler)
    HAL_RCC_OscConfig                        0x08000f7d   Thumb Code   856  stm32f4xx_hal_rcc.o(i.HAL_RCC_OscConfig)
    HAL_RTC_Init                             0x080012e9   Thumb Code   150  stm32f4xx_hal_rtc.o(i.HAL_RTC_Init)
    HAL_RTC_MspInit                          0x08001385   Thumb Code    48  rtc.o(i.HAL_RTC_MspInit)
    HAL_RTC_SetDate                          0x080013bd   Thumb Code   146  stm32f4xx_hal_rtc.o(i.HAL_RTC_SetDate)
    HAL_RTC_SetTime                          0x08001455   Thumb Code   186  stm32f4xx_hal_rtc.o(i.HAL_RTC_SetTime)
    HAL_RTC_WaitForSynchro                   0x08001515   Thumb Code    50  stm32f4xx_hal_rtc.o(i.HAL_RTC_WaitForSynchro)
    HAL_SYSTICK_Config                       0x0800154d   Thumb Code    40  stm32f4xx_hal_cortex.o(i.HAL_SYSTICK_Config)
    HAL_TIMEx_BreakCallback                  0x08001575   Thumb Code     2  stm32f4xx_hal_tim_ex.o(i.HAL_TIMEx_BreakCallback)
    HAL_TIMEx_CommutCallback                 0x08001577   Thumb Code     2  stm32f4xx_hal_tim_ex.o(i.HAL_TIMEx_CommutCallback)
    HAL_TIM_Base_Init                        0x08001579   Thumb Code    90  stm32f4xx_hal_tim.o(i.HAL_TIM_Base_Init)
    HAL_TIM_Base_MspInit                     0x080015d3   Thumb Code     2  stm32f4xx_hal_tim.o(i.HAL_TIM_Base_MspInit)
    HAL_TIM_Base_Start_IT                    0x080015d5   Thumb Code   100  stm32f4xx_hal_tim.o(i.HAL_TIM_Base_Start_IT)
    HAL_TIM_IC_CaptureCallback               0x08001655   Thumb Code     2  stm32f4xx_hal_tim.o(i.HAL_TIM_IC_CaptureCallback)
    HAL_TIM_IRQHandler                       0x08001657   Thumb Code   304  stm32f4xx_hal_tim.o(i.HAL_TIM_IRQHandler)
    HAL_TIM_OC_DelayElapsedCallback          0x08001787   Thumb Code     2  stm32f4xx_hal_tim.o(i.HAL_TIM_OC_DelayElapsedCallback)
    HAL_TIM_PWM_PulseFinishedCallback        0x08001789   Thumb Code     2  stm32f4xx_hal_tim.o(i.HAL_TIM_PWM_PulseFinishedCallback)
    HAL_TIM_PeriodElapsedCallback            0x0800178d   Thumb Code    14  main.o(i.HAL_TIM_PeriodElapsedCallback)
    HAL_TIM_TriggerCallback                  0x080017a1   Thumb Code     2  stm32f4xx_hal_tim.o(i.HAL_TIM_TriggerCallback)
    HAL_UART_Init                            0x080017a3   Thumb Code   100  stm32f4xx_hal_uart.o(i.HAL_UART_Init)
    HAL_UART_MspInit                         0x08001809   Thumb Code   142  usart.o(i.HAL_UART_MspInit)
    HAL_UART_Transmit                        0x080018ad   Thumb Code   160  stm32f4xx_hal_uart.o(i.HAL_UART_Transmit)
    MX_DMA_Init                              0x0800194d   Thumb Code    40  dma.o(i.MX_DMA_Init)
    MX_GPIO_Init                             0x08001979   Thumb Code   120  gpio.o(i.MX_GPIO_Init)
    MX_RTC_Init                              0x080019f9   Thumb Code   130  rtc.o(i.MX_RTC_Init)
    MX_USART1_UART_Init                      0x08001a85   Thumb Code    48  usart.o(i.MX_USART1_UART_Init)
    MemManage_Handler                        0x08001abd   Thumb Code     2  stm32f4xx_it.o(i.MemManage_Handler)
    NMI_Handler                              0x08001abf   Thumb Code     6  stm32f4xx_it.o(i.NMI_Handler)
    RTC_ByteToBcd2                           0x08001ac5   Thumb Code    22  stm32f4xx_hal_rtc.o(i.RTC_ByteToBcd2)
    RTC_EnterInitMode                        0x08001add   Thumb Code    72  stm32f4xx_hal_rtc.o(i.RTC_EnterInitMode)
    RTC_ExitInitMode                         0x08001b25   Thumb Code    42  stm32f4xx_hal_rtc.o(i.RTC_ExitInitMode)
    SysTick_Handler                          0x08001b4f   Thumb Code    18  board.o(i.SysTick_Handler)
    SystemClock_Config                       0x08001b61   Thumb Code   146  main.o(i.SystemClock_Config)
    SystemCoreClockUpdate                    0x08001bfd   Thumb Code   104  system_stm32f4xx.o(i.SystemCoreClockUpdate)
    SystemInit                               0x08001c75   Thumb Code    12  system_stm32f4xx.o(i.SystemInit)
    TIM6_DAC_IRQHandler                      0x08001c85   Thumb Code     6  stm32f4xx_it.o(i.TIM6_DAC_IRQHandler)
    TIM_Base_SetConfig                       0x08001c91   Thumb Code   164  stm32f4xx_hal_tim.o(i.TIM_Base_SetConfig)
    UsageFault_Handler                       0x08001f2f   Thumb Code     2  stm32f4xx_it.o(i.UsageFault_Handler)
    __rt_ffs                                 0x08001f51   Thumb Code    64  kservice.o(i.__rt_ffs)
    _sys_exit                                0x08001fb9   Thumb Code     2  usart.o(i._sys_exit)
    $Super$$main                             0x080020b9   Thumb Code   144  main.o(i.main)
    main_thread_entry                        0x080021a5   Thumb Code    14  components.o(i.main_thread_entry)
    rt_application_init                      0x08002391   Thumb Code    32  components.o(i.rt_application_init)
    rt_components_board_init                 0x080023bd   Thumb Code    20  components.o(i.rt_components_board_init)
    rt_components_init                       0x080023d9   Thumb Code    20  components.o(i.rt_components_init)
    rt_enter_critical                        0x080023f5   Thumb Code    22  scheduler.o(i.rt_enter_critical)
    rt_exit_critical                         0x08002411   Thumb Code    52  scheduler.o(i.rt_exit_critical)
    rt_free                                  0x08002449   Thumb Code    26  kservice.o(i.rt_free)
    rt_heap_begin_get                        0x08002465   Thumb Code     4  board.o(i.rt_heap_begin_get)
    rt_heap_end_get                          0x0800246d   Thumb Code     4  board.o(i.rt_heap_end_get)
    rt_hw_board_init                         0x08002475   Thumb Code    54  board.o(i.rt_hw_board_init)
    rt_hw_console_output                     0x080024ad   Thumb Code    66  board.o(i.rt_hw_console_output)
    rt_hw_hard_fault_exception               0x080024f5   Thumb Code   190  cpuport.o(i.rt_hw_hard_fault_exception)
    rt_hw_stack_init                         0x08002705   Thumb Code    54  cpuport.o(i.rt_hw_stack_init)
    rt_interrupt_enter                       0x08002741   Thumb Code    22  irq.o(i.rt_interrupt_enter)
    rt_interrupt_leave                       0x0800275d   Thumb Code    22  irq.o(i.rt_interrupt_leave)
    rt_kprintf                               0x08002779   Thumb Code    38  kservice.o(i.rt_kprintf)
    rt_malloc                                0x080027f9   Thumb Code    28  kservice.o(i.rt_malloc)
    rt_memset                                0x08002819   Thumb Code    70  kservice.o(i.rt_memset)
    rt_object_allocate                       0x0800285f   Thumb Code    80  object.o(i.rt_object_allocate)
    rt_object_delete                         0x080028af   Thumb Code    38  object.o(i.rt_object_delete)
    rt_object_detach                         0x080028d5   Thumb Code    32  object.o(i.rt_object_detach)
    rt_object_get_information                0x080028f5   Thumb Code    30  object.o(i.rt_object_get_information)
    rt_object_init                           0x08002919   Thumb Code    80  object.o(i.rt_object_init)
    rt_object_is_systemobject                0x08002969   Thumb Code    14  object.o(i.rt_object_is_systemobject)
    rt_schedule                              0x08002979   Thumb Code   174  scheduler.o(i.rt_schedule)
    rt_schedule_insert_thread                0x08002a31   Thumb Code   108  scheduler.o(i.rt_schedule_insert_thread)
    rt_schedule_remove_thread                0x08002aa5   Thumb Code    64  scheduler.o(i.rt_schedule_remove_thread)
    rt_show_version                          0x08002aed   Thumb Code    42  kservice.o(i.rt_show_version)
    rt_smem_alloc                            0x08002bb1   Thumb Code   182  mem.o(i.rt_smem_alloc)
    rt_smem_free                             0x08002c67   Thumb Code    44  mem.o(i.rt_smem_free)
    rt_smem_init                             0x08002c95   Thumb Code   144  mem.o(i.rt_smem_init)
    rt_sprintf                               0x08002d69   Thumb Code    18  kservice.o(i.rt_sprintf)
    rt_strlen                                0x08002d7b   Thumb Code    16  kservice.o(i.rt_strlen)
    rt_strncpy                               0x08002d8b   Thumb Code    38  kservice.o(i.rt_strncpy)
    rt_system_heap_init                      0x08002db1   Thumb Code    28  kservice.o(i.rt_system_heap_init)
    rt_system_scheduler_init                 0x08002dd9   Thumb Code    30  scheduler.o(i.rt_system_scheduler_init)
    rt_system_scheduler_start                0x08002e01   Thumb Code    36  scheduler.o(i.rt_system_scheduler_start)
    rt_system_timer_init                     0x08002e29   Thumb Code     8  timer.o(i.rt_system_timer_init)
    rt_system_timer_thread_init              0x08002e35   Thumb Code     2  timer.o(i.rt_system_timer_thread_init)
    rt_thread_create                         0x08002e37   Thumb Code    72  thread.o(i.rt_thread_create)
    rt_thread_defunct_dequeue                0x08002e81   Thumb Code    44  idle.o(i.rt_thread_defunct_dequeue)
    rt_thread_defunct_enqueue                0x08002eb1   Thumb Code    18  idle.o(i.rt_thread_defunct_enqueue)
    rt_thread_idle_init                      0x08002efd   Thumb Code    52  idle.o(i.rt_thread_idle_init)
    rt_thread_init                           0x08002f41   Thumb Code    48  thread.o(i.rt_thread_init)
    rt_thread_mdelay                         0x08002f71   Thumb Code    14  thread.o(i.rt_thread_mdelay)
    rt_thread_resume                         0x08002f7f   Thumb Code    60  thread.o(i.rt_thread_resume)
    rt_thread_self                           0x08002fbd   Thumb Code     6  thread.o(i.rt_thread_self)
    rt_thread_sleep                          0x08002fc9   Thumb Code    64  thread.o(i.rt_thread_sleep)
    rt_thread_startup                        0x0800300d   Thumb Code    36  thread.o(i.rt_thread_startup)
    rt_thread_suspend                        0x08003035   Thumb Code    70  thread.o(i.rt_thread_suspend)
    rt_tick_from_millisecond                 0x0800307b   Thumb Code    50  clock.o(i.rt_tick_from_millisecond)
    rt_tick_get                              0x080030ad   Thumb Code     6  clock.o(i.rt_tick_get)
    rt_tick_increase                         0x080030b9   Thumb Code    68  clock.o(i.rt_tick_increase)
    rt_timer_check                           0x08003101   Thumb Code   136  timer.o(i.rt_timer_check)
    rt_timer_control                         0x0800318d   Thumb Code    76  timer.o(i.rt_timer_control)
    rt_timer_detach                          0x080031d9   Thumb Code    40  timer.o(i.rt_timer_detach)
    rt_timer_init                            0x08003201   Thumb Code    40  timer.o(i.rt_timer_init)
    rt_timer_start                           0x08003229   Thumb Code   126  timer.o(i.rt_timer_start)
    rt_timer_stop                            0x080032ad   Thumb Code    46  timer.o(i.rt_timer_stop)
    rt_vsnprintf                             0x080032dd   Thumb Code   634  kservice.o(i.rt_vsnprintf)
    rt_vsprintf                              0x08003561   Thumb Code    16  kservice.o(i.rt_vsprintf)
    rtthread_startup                         0x08003581   Thumb Code    42  components.o(i.rtthread_startup)
    _fp_init                                 0x08003609   Thumb Code    10  fpinit.o(x$fpl$fpinit)
    __fplib_config_fpu_vfp                   0x08003611   Thumb Code     0  fpinit.o(x$fpl$fpinit)
    __fplib_config_pureend_doubles           0x08003611   Thumb Code     0  fpinit.o(x$fpl$fpinit)
    AHBPrescTable                            0x0800361a   Data          16  system_stm32f4xx.o(.constdata)
    APBPrescTable                            0x0800362a   Data           8  system_stm32f4xx.o(.constdata)
    __lowest_bit_bitmap                      0x08003632   Data         256  kservice.o(.constdata)
    __rt_init_rti_start                      0x080037ac   Data           4  components.o(.rti_fn.0)
    __rt_init_rti_board_start                0x080037b0   Data           4  components.o(.rti_fn.0.end)
    __rt_init_uart_init                      0x080037b4   Data           4  board.o(.rti_fn.1)
    __rt_init_rti_board_end                  0x080037b8   Data           4  components.o(.rti_fn.1.end)
    __rt_init_rti_end                        0x080037bc   Data           4  components.o(.rti_fn.6.end)
    Region$$Table$$Base                      0x080037c0   Number         0  anon$$obj.o(Region$$Table)
    Region$$Table$$Limit                     0x080037e0   Number         0  anon$$obj.o(Region$$Table)
    uwTickFreq                               0x20000004   Data           1  stm32f4xx_hal.o(.data)
    uwTickPrio                               0x20000008   Data           4  stm32f4xx_hal.o(.data)
    uwTick                                   0x2000000c   Data           4  stm32f4xx_hal.o(.data)
    SystemCoreClock                          0x20000010   Data           4  system_stm32f4xx.o(.data)
    rt_interrupt_from_thread                 0x20000018   Data           4  cpuport.o(.data)
    rt_interrupt_to_thread                   0x2000001c   Data           4  cpuport.o(.data)
    rt_thread_switch_interrupt_flag          0x20000020   Data           4  cpuport.o(.data)
    rt_interrupt_nest                        0x20000030   Data           1  irq.o(.data)
    rt_current_priority                      0x200000bc   Data           1  scheduler.o(.data)
    rt_current_thread                        0x200000c0   Data           4  scheduler.o(.data)
    rt_thread_ready_priority_group           0x200000c4   Data           4  scheduler.o(.data)
    hrtc                                     0x200000d4   Data          32  rtc.o(.bss)
    huart1                                   0x200000f4   Data          72  usart.o(.bss)
    hdma_usart1_tx                           0x2000013c   Data          96  usart.o(.bss)
    htim6                                    0x2000019c   Data          72  stm32f4xx_hal_timebase_tim.o(.bss)
    rt_thread_priority_table                 0x200003dc   Data         256  scheduler.o(.bss)
    __libspace_start                         0x20004124   Data          96  libspace.o(.bss)
    __temporary_stack_top$libspace           0x20004184   Data           0  libspace.o(.bss)



==============================================================================

Memory Map of the image

  Image Entry point : 0x08000189

  Load Region LR_IROM1 (Base: 0x08000000, Size: 0x000038b4, Max: 0x00100000, ABSOLUTE)

    Execution Region ER_IROM1 (Exec base: 0x08000000, Load base: 0x08000000, Size: 0x000037e0, Max: 0x00100000, ABSOLUTE)

    Exec Addr    Load Addr    Size         Type   Attr      Idx    E Section Name        Object

    0x08000000   0x08000000   0x00000188   Data   RO            3    RESET               startup_stm32f407xx.o
    0x08000188   0x08000188   0x00000008   Code   RO         4537  * !!!main             c_w.l(__main.o)
    0x08000190   0x08000190   0x00000034   Code   RO         4709    !!!scatter          c_w.l(__scatter.o)
    0x080001c4   0x080001c4   0x0000001a   Code   RO         4711    !!handler_copy      c_w.l(__scatter_copy.o)
    0x080001de   0x080001de   0x00000002   PAD
    0x080001e0   0x080001e0   0x0000001c   Code   RO         4713    !!handler_zi        c_w.l(__scatter_zi.o)
    0x080001fc   0x080001fc   0x00000002   Code   RO         4636    .ARM.Collect$$libinit$$00000000  c_w.l(libinit.o)
    0x080001fe   0x080001fe   0x00000004   Code   RO         4576    .ARM.Collect$$libinit$$00000001  c_w.l(libinit2.o)
    0x08000202   0x08000202   0x00000000   Code   RO         4579    .ARM.Collect$$libinit$$00000004  c_w.l(libinit2.o)
    0x08000202   0x08000202   0x00000000   Code   RO         4582    .ARM.Collect$$libinit$$0000000A  c_w.l(libinit2.o)
    0x08000202   0x08000202   0x00000000   Code   RO         4584    .ARM.Collect$$libinit$$0000000C  c_w.l(libinit2.o)
    0x08000202   0x08000202   0x00000000   Code   RO         4586    .ARM.Collect$$libinit$$0000000E  c_w.l(libinit2.o)
    0x08000202   0x08000202   0x00000000   Code   RO         4589    .ARM.Collect$$libinit$$00000011  c_w.l(libinit2.o)
    0x08000202   0x08000202   0x00000000   Code   RO         4591    .ARM.Collect$$libinit$$00000013  c_w.l(libinit2.o)
    0x08000202   0x08000202   0x00000000   Code   RO         4593    .ARM.Collect$$libinit$$00000015  c_w.l(libinit2.o)
    0x08000202   0x08000202   0x00000000   Code   RO         4595    .ARM.Collect$$libinit$$00000017  c_w.l(libinit2.o)
    0x08000202   0x08000202   0x00000000   Code   RO         4597    .ARM.Collect$$libinit$$00000019  c_w.l(libinit2.o)
    0x08000202   0x08000202   0x00000000   Code   RO         4599    .ARM.Collect$$libinit$$0000001B  c_w.l(libinit2.o)
    0x08000202   0x08000202   0x00000000   Code   RO         4601    .ARM.Collect$$libinit$$0000001D  c_w.l(libinit2.o)
    0x08000202   0x08000202   0x00000000   Code   RO         4603    .ARM.Collect$$libinit$$0000001F  c_w.l(libinit2.o)
    0x08000202   0x08000202   0x00000000   Code   RO         4605    .ARM.Collect$$libinit$$00000021  c_w.l(libinit2.o)
    0x08000202   0x08000202   0x00000000   Code   RO         4607    .ARM.Collect$$libinit$$00000023  c_w.l(libinit2.o)
    0x08000202   0x08000202   0x00000000   Code   RO         4609    .ARM.Collect$$libinit$$00000025  c_w.l(libinit2.o)
    0x08000202   0x08000202   0x00000000   Code   RO         4613    .ARM.Collect$$libinit$$0000002C  c_w.l(libinit2.o)
    0x08000202   0x08000202   0x00000000   Code   RO         4615    .ARM.Collect$$libinit$$0000002E  c_w.l(libinit2.o)
    0x08000202   0x08000202   0x00000000   Code   RO         4617    .ARM.Collect$$libinit$$00000030  c_w.l(libinit2.o)
    0x08000202   0x08000202   0x00000000   Code   RO         4619    .ARM.Collect$$libinit$$00000032  c_w.l(libinit2.o)
    0x08000202   0x08000202   0x00000002   Code   RO         4620    .ARM.Collect$$libinit$$00000033  c_w.l(libinit2.o)
    0x08000204   0x08000204   0x00000002   Code   RO         4674    .ARM.Collect$$libshutdown$$00000000  c_w.l(libshutdown.o)
    0x08000206   0x08000206   0x00000000   Code   RO         4690    .ARM.Collect$$libshutdown$$00000002  c_w.l(libshutdown2.o)
    0x08000206   0x08000206   0x00000000   Code   RO         4692    .ARM.Collect$$libshutdown$$00000004  c_w.l(libshutdown2.o)
    0x08000206   0x08000206   0x00000000   Code   RO         4694    .ARM.Collect$$libshutdown$$00000006  c_w.l(libshutdown2.o)
    0x08000206   0x08000206   0x00000000   Code   RO         4697    .ARM.Collect$$libshutdown$$00000009  c_w.l(libshutdown2.o)
    0x08000206   0x08000206   0x00000000   Code   RO         4700    .ARM.Collect$$libshutdown$$0000000C  c_w.l(libshutdown2.o)
    0x08000206   0x08000206   0x00000000   Code   RO         4702    .ARM.Collect$$libshutdown$$0000000E  c_w.l(libshutdown2.o)
    0x08000206   0x08000206   0x00000000   Code   RO         4705    .ARM.Collect$$libshutdown$$00000011  c_w.l(libshutdown2.o)
    0x08000206   0x08000206   0x00000002   Code   RO         4706    .ARM.Collect$$libshutdown$$00000012  c_w.l(libshutdown2.o)
    0x08000208   0x08000208   0x00000000   Code   RO         4541    .ARM.Collect$$rtentry$$00000000  c_w.l(__rtentry.o)
    0x08000208   0x08000208   0x00000000   Code   RO         4558    .ARM.Collect$$rtentry$$00000002  c_w.l(__rtentry2.o)
    0x08000208   0x08000208   0x00000006   Code   RO         4570    .ARM.Collect$$rtentry$$00000004  c_w.l(__rtentry4.o)
    0x0800020e   0x0800020e   0x00000000   Code   RO         4560    .ARM.Collect$$rtentry$$00000009  c_w.l(__rtentry2.o)
    0x0800020e   0x0800020e   0x00000004   Code   RO         4561    .ARM.Collect$$rtentry$$0000000A  c_w.l(__rtentry2.o)
    0x08000212   0x08000212   0x00000000   Code   RO         4563    .ARM.Collect$$rtentry$$0000000C  c_w.l(__rtentry2.o)
    0x08000212   0x08000212   0x00000008   Code   RO         4564    .ARM.Collect$$rtentry$$0000000D  c_w.l(__rtentry2.o)
    0x0800021a   0x0800021a   0x00000002   Code   RO         4639    .ARM.Collect$$rtexit$$00000000  c_w.l(rtexit.o)
    0x0800021c   0x0800021c   0x00000000   Code   RO         4652    .ARM.Collect$$rtexit$$00000002  c_w.l(rtexit2.o)
    0x0800021c   0x0800021c   0x00000004   Code   RO         4653    .ARM.Collect$$rtexit$$00000003  c_w.l(rtexit2.o)
    0x08000220   0x08000220   0x00000006   Code   RO         4654    .ARM.Collect$$rtexit$$00000004  c_w.l(rtexit2.o)
    0x08000226   0x08000226   0x00000002   PAD
    0x08000228   0x08000228   0x00000040   Code   RO            4    .text               startup_stm32f407xx.o
    0x08000268   0x08000268   0x0000013c   Code   RO         3480    .text               context_rvds.o
    0x080003a4   0x080003a4   0x00000002   Code   RO         4525    .text               c_w.l(use_no_semi_2.o)
    0x080003a6   0x080003a6   0x000000ee   Code   RO         4529    .text               c_w.l(lludivv7m.o)
    0x08000494   0x08000494   0x0000004e   Code   RO         4533    .text               c_w.l(rt_memclr_w.o)
    0x080004e2   0x080004e2   0x00000006   Code   RO         4535    .text               c_w.l(heapauxi.o)
    0x080004e8   0x080004e8   0x00000002   Code   RO         4539    .text               c_w.l(use_no_semi.o)
    0x080004ea   0x080004ea   0x00000002   PAD
    0x080004ec   0x080004ec   0x00000008   Code   RO         4554    .text               c_w.l(libspace.o)
    0x080004f4   0x080004f4   0x0000004a   Code   RO         4621    .text               c_w.l(sys_stackheap_outer.o)
    0x0800053e   0x0800053e   0x00000012   Code   RO         4623    .text               c_w.l(exit.o)
    0x08000550   0x08000550   0x0000000a   Code   RO         3564    i.$Sub$$main        components.o
    0x0800055a   0x0800055a   0x00000002   Code   RO          365    i.BusFault_Handler  stm32f4xx_it.o
    0x0800055c   0x0800055c   0x0000000c   Code   RO          366    i.DMA2_Stream7_IRQHandler  stm32f4xx_it.o
    0x08000568   0x08000568   0x00000028   Code   RO         2324    i.DMA_CalcBaseAndBitshift  stm32f4xx_hal_dma.o
    0x08000590   0x08000590   0x00000054   Code   RO         2325    i.DMA_CheckFifoParam  stm32f4xx_hal_dma.o
    0x080005e4   0x080005e4   0x00000002   Code   RO          367    i.DebugMon_Handler  stm32f4xx_it.o
    0x080005e6   0x080005e6   0x00000004   Code   RO           13    i.Error_Handler     main.o
    0x080005ea   0x080005ea   0x00000002   PAD
    0x080005ec   0x080005ec   0x000001a0   Code   RO         2332    i.HAL_DMA_IRQHandler  stm32f4xx_hal_dma.o
    0x0800078c   0x0800078c   0x000000d4   Code   RO         2333    i.HAL_DMA_Init      stm32f4xx_hal_dma.o
    0x08000860   0x08000860   0x000001f0   Code   RO         2220    i.HAL_GPIO_Init     stm32f4xx_hal_gpio.o
    0x08000a50   0x08000a50   0x0000000a   Code   RO         2224    i.HAL_GPIO_WritePin  stm32f4xx_hal_gpio.o
    0x08000a5a   0x08000a5a   0x00000002   PAD
    0x08000a5c   0x08000a5c   0x0000000c   Code   RO         2770    i.HAL_GetTick       stm32f4xx_hal.o
    0x08000a68   0x08000a68   0x00000010   Code   RO         2776    i.HAL_IncTick       stm32f4xx_hal.o
    0x08000a78   0x08000a78   0x00000034   Code   RO         2777    i.HAL_Init          stm32f4xx_hal.o
    0x08000aac   0x08000aac   0x00000098   Code   RO          453    i.HAL_InitTick      stm32f4xx_hal_timebase_tim.o
    0x08000b44   0x08000b44   0x00000030   Code   RO          429    i.HAL_MspInit       stm32f4xx_hal_msp.o
    0x08000b74   0x08000b74   0x0000001a   Code   RO         2612    i.HAL_NVIC_EnableIRQ  stm32f4xx_hal_cortex.o
    0x08000b8e   0x08000b8e   0x00000002   PAD
    0x08000b90   0x08000b90   0x00000040   Code   RO         2618    i.HAL_NVIC_SetPriority  stm32f4xx_hal_cortex.o
    0x08000bd0   0x08000bd0   0x00000024   Code   RO         2619    i.HAL_NVIC_SetPriorityGrouping  stm32f4xx_hal_cortex.o
    0x08000bf4   0x08000bf4   0x0000013c   Code   RO         1971    i.HAL_RCCEx_PeriphCLKConfig  stm32f4xx_hal_rcc_ex.o
    0x08000d30   0x08000d30   0x00000002   Code   RO         1865    i.HAL_RCC_CSSCallback  stm32f4xx_hal_rcc.o
    0x08000d32   0x08000d32   0x00000002   PAD
    0x08000d34   0x08000d34   0x00000134   Code   RO         1866    i.HAL_RCC_ClockConfig  stm32f4xx_hal_rcc.o
    0x08000e68   0x08000e68   0x0000000c   Code   RO         1869    i.HAL_RCC_EnableCSS  stm32f4xx_hal_rcc.o
    0x08000e74   0x08000e74   0x00000040   Code   RO         1870    i.HAL_RCC_GetClockConfig  stm32f4xx_hal_rcc.o
    0x08000eb4   0x08000eb4   0x0000000c   Code   RO         1871    i.HAL_RCC_GetHCLKFreq  stm32f4xx_hal_rcc.o
    0x08000ec0   0x08000ec0   0x00000020   Code   RO         1873    i.HAL_RCC_GetPCLK1Freq  stm32f4xx_hal_rcc.o
    0x08000ee0   0x08000ee0   0x00000020   Code   RO         1874    i.HAL_RCC_GetPCLK2Freq  stm32f4xx_hal_rcc.o
    0x08000f00   0x08000f00   0x00000060   Code   RO         1875    i.HAL_RCC_GetSysClockFreq  stm32f4xx_hal_rcc.o
    0x08000f60   0x08000f60   0x0000001c   Code   RO         1877    i.HAL_RCC_NMI_IRQHandler  stm32f4xx_hal_rcc.o
    0x08000f7c   0x08000f7c   0x0000036c   Code   RO         1878    i.HAL_RCC_OscConfig  stm32f4xx_hal_rcc.o
    0x080012e8   0x080012e8   0x0000009c   Code   RO         1478    i.HAL_RTC_Init      stm32f4xx_hal_rtc.o
    0x08001384   0x08001384   0x00000038   Code   RO          253    i.HAL_RTC_MspInit   rtc.o
    0x080013bc   0x080013bc   0x00000098   Code   RO         1484    i.HAL_RTC_SetDate   stm32f4xx_hal_rtc.o
    0x08001454   0x08001454   0x000000c0   Code   RO         1485    i.HAL_RTC_SetTime   stm32f4xx_hal_rtc.o
    0x08001514   0x08001514   0x00000038   Code   RO         1486    i.HAL_RTC_WaitForSynchro  stm32f4xx_hal_rtc.o
    0x0800154c   0x0800154c   0x00000028   Code   RO         2623    i.HAL_SYSTICK_Config  stm32f4xx_hal_cortex.o
    0x08001574   0x08001574   0x00000002   Code   RO         1198    i.HAL_TIMEx_BreakCallback  stm32f4xx_hal_tim_ex.o
    0x08001576   0x08001576   0x00000002   Code   RO         1199    i.HAL_TIMEx_CommutCallback  stm32f4xx_hal_tim_ex.o
    0x08001578   0x08001578   0x0000005a   Code   RO          494    i.HAL_TIM_Base_Init  stm32f4xx_hal_tim.o
    0x080015d2   0x080015d2   0x00000002   Code   RO          496    i.HAL_TIM_Base_MspInit  stm32f4xx_hal_tim.o
    0x080015d4   0x080015d4   0x00000080   Code   RO          499    i.HAL_TIM_Base_Start_IT  stm32f4xx_hal_tim.o
    0x08001654   0x08001654   0x00000002   Code   RO          528    i.HAL_TIM_IC_CaptureCallback  stm32f4xx_hal_tim.o
    0x08001656   0x08001656   0x00000130   Code   RO          542    i.HAL_TIM_IRQHandler  stm32f4xx_hal_tim.o
    0x08001786   0x08001786   0x00000002   Code   RO          545    i.HAL_TIM_OC_DelayElapsedCallback  stm32f4xx_hal_tim.o
    0x08001788   0x08001788   0x00000002   Code   RO          572    i.HAL_TIM_PWM_PulseFinishedCallback  stm32f4xx_hal_tim.o
    0x0800178a   0x0800178a   0x00000002   PAD
    0x0800178c   0x0800178c   0x00000014   Code   RO           14    i.HAL_TIM_PeriodElapsedCallback  main.o
    0x080017a0   0x080017a0   0x00000002   Code   RO          585    i.HAL_TIM_TriggerCallback  stm32f4xx_hal_tim.o
    0x080017a2   0x080017a2   0x00000064   Code   RO         3045    i.HAL_UART_Init     stm32f4xx_hal_uart.o
    0x08001806   0x08001806   0x00000002   PAD
    0x08001808   0x08001808   0x000000a4   Code   RO          295    i.HAL_UART_MspInit  usart.o
    0x080018ac   0x080018ac   0x000000a0   Code   RO         3053    i.HAL_UART_Transmit  stm32f4xx_hal_uart.o
    0x0800194c   0x0800194c   0x0000002c   Code   RO          228    i.MX_DMA_Init       dma.o
    0x08001978   0x08001978   0x00000080   Code   RO          204    i.MX_GPIO_Init      gpio.o
    0x080019f8   0x080019f8   0x0000008c   Code   RO          254    i.MX_RTC_Init       rtc.o
    0x08001a84   0x08001a84   0x00000038   Code   RO          296    i.MX_USART1_UART_Init  usart.o
    0x08001abc   0x08001abc   0x00000002   Code   RO          368    i.MemManage_Handler  stm32f4xx_it.o
    0x08001abe   0x08001abe   0x00000006   Code   RO          369    i.NMI_Handler       stm32f4xx_it.o
    0x08001ac4   0x08001ac4   0x00000016   Code   RO         1488    i.RTC_ByteToBcd2    stm32f4xx_hal_rtc.o
    0x08001ada   0x08001ada   0x00000002   PAD
    0x08001adc   0x08001adc   0x00000048   Code   RO         1489    i.RTC_EnterInitMode  stm32f4xx_hal_rtc.o
    0x08001b24   0x08001b24   0x0000002a   Code   RO         1490    i.RTC_ExitInitMode  stm32f4xx_hal_rtc.o
    0x08001b4e   0x08001b4e   0x00000012   Code   RO         4469    i.SysTick_Handler   board.o
    0x08001b60   0x08001b60   0x0000009c   Code   RO           15    i.SystemClock_Config  main.o
    0x08001bfc   0x08001bfc   0x00000078   Code   RO         3378    i.SystemCoreClockUpdate  system_stm32f4xx.o
    0x08001c74   0x08001c74   0x00000010   Code   RO         3379    i.SystemInit        system_stm32f4xx.o
    0x08001c84   0x08001c84   0x0000000c   Code   RO          370    i.TIM6_DAC_IRQHandler  stm32f4xx_it.o
    0x08001c90   0x08001c90   0x000000d0   Code   RO          587    i.TIM_Base_SetConfig  stm32f4xx_hal_tim.o
    0x08001d60   0x08001d60   0x0000004e   Code   RO         3068    i.UART_EndRxTransfer  stm32f4xx_hal_uart.o
    0x08001dae   0x08001dae   0x00000002   PAD
    0x08001db0   0x08001db0   0x0000010c   Code   RO         3071    i.UART_SetConfig    stm32f4xx_hal_uart.o
    0x08001ebc   0x08001ebc   0x00000072   Code   RO         3074    i.UART_WaitOnFlagUntilTimeout  stm32f4xx_hal_uart.o
    0x08001f2e   0x08001f2e   0x00000002   Code   RO          371    i.UsageFault_Handler  stm32f4xx_it.o
    0x08001f30   0x08001f30   0x00000020   Code   RO         2625    i.__NVIC_SetPriority  stm32f4xx_hal_cortex.o
    0x08001f50   0x08001f50   0x00000044   Code   RO         3772    i.__rt_ffs          kservice.o
    0x08001f94   0x08001f94   0x00000024   Code   RO         4172    i._scheduler_get_highest_priority_thread  scheduler.o
    0x08001fb8   0x08001fb8   0x00000002   Code   RO          298    i._sys_exit         usart.o
    0x08001fba   0x08001fba   0x00000002   PAD
    0x08001fbc   0x08001fbc   0x00000038   Code   RO         4251    i._thread_exit      thread.o
    0x08001ff4   0x08001ff4   0x00000074   Code   RO         4252    i._thread_init      thread.o
    0x08002068   0x08002068   0x0000002c   Code   RO         4253    i._thread_timeout   thread.o
    0x08002094   0x08002094   0x0000001c   Code   RO         4369    i._timer_init       timer.o
    0x080020b0   0x080020b0   0x00000006   Code   RO         4370    i._timer_remove     timer.o
    0x080020b6   0x080020b6   0x00000002   PAD
    0x080020b8   0x080020b8   0x000000ec   Code   RO           16    i.main              main.o
    0x080021a4   0x080021a4   0x0000000e   Code   RO         3565    i.main_thread_entry  components.o
    0x080021b2   0x080021b2   0x00000002   PAD
    0x080021b4   0x080021b4   0x00000050   Code   RO           17    i.my_thread_entry   main.o
    0x08002204   0x08002204   0x0000005c   Code   RO         4002    i.plug_holes        mem.o
    0x08002260   0x08002260   0x00000130   Code   RO         3774    i.print_number      kservice.o
    0x08002390   0x08002390   0x0000002c   Code   RO         3566    i.rt_application_init  components.o
    0x080023bc   0x080023bc   0x0000001c   Code   RO         3567    i.rt_components_board_init  components.o
    0x080023d8   0x080023d8   0x0000001c   Code   RO         3568    i.rt_components_init  components.o
    0x080023f4   0x080023f4   0x0000001c   Code   RO         4174    i.rt_enter_critical  scheduler.o
    0x08002410   0x08002410   0x00000038   Code   RO         4175    i.rt_exit_critical  scheduler.o
    0x08002448   0x08002448   0x0000001a   Code   RO         3776    i.rt_free           kservice.o
    0x08002462   0x08002462   0x00000002   PAD
    0x08002464   0x08002464   0x00000008   Code   RO         4470    i.rt_heap_begin_get  board.o
    0x0800246c   0x0800246c   0x00000008   Code   RO         4471    i.rt_heap_end_get   board.o
    0x08002474   0x08002474   0x00000036   Code   RO         4472    i.rt_hw_board_init  board.o
    0x080024aa   0x080024aa   0x00000002   PAD
    0x080024ac   0x080024ac   0x00000048   Code   RO         4473    i.rt_hw_console_output  board.o
    0x080024f4   0x080024f4   0x00000210   Code   RO         3487    i.rt_hw_hard_fault_exception  cpuport.o
    0x08002704   0x08002704   0x0000003c   Code   RO         3488    i.rt_hw_stack_init  cpuport.o
    0x08002740   0x08002740   0x0000001c   Code   RO         3745    i.rt_interrupt_enter  irq.o
    0x0800275c   0x0800275c   0x0000001c   Code   RO         3747    i.rt_interrupt_leave  irq.o
    0x08002778   0x08002778   0x0000002c   Code   RO         3781    i.rt_kprintf        kservice.o
    0x080027a4   0x080027a4   0x0000000e   Code   RO         4094    i.rt_list_insert_after  object.o
    0x080027b2   0x080027b2   0x0000000e   Code   RO         4371    i.rt_list_insert_after  timer.o
    0x080027c0   0x080027c0   0x00000012   Code   RO         4095    i.rt_list_remove    object.o
    0x080027d2   0x080027d2   0x00000012   Code   RO         4254    i.rt_list_remove    thread.o
    0x080027e4   0x080027e4   0x00000012   Code   RO         4372    i.rt_list_remove    timer.o
    0x080027f6   0x080027f6   0x00000002   PAD
    0x080027f8   0x080027f8   0x00000020   Code   RO         3783    i.rt_malloc         kservice.o
    0x08002818   0x08002818   0x00000046   Code   RO         3789    i.rt_memset         kservice.o
    0x0800285e   0x0800285e   0x00000050   Code   RO         4096    i.rt_object_allocate  object.o
    0x080028ae   0x080028ae   0x00000026   Code   RO         4097    i.rt_object_delete  object.o
    0x080028d4   0x080028d4   0x00000020   Code   RO         4098    i.rt_object_detach  object.o
    0x080028f4   0x080028f4   0x00000024   Code   RO         4100    i.rt_object_get_information  object.o
    0x08002918   0x08002918   0x00000050   Code   RO         4104    i.rt_object_init    object.o
    0x08002968   0x08002968   0x0000000e   Code   RO         4105    i.rt_object_is_systemobject  object.o
    0x08002976   0x08002976   0x00000002   PAD
    0x08002978   0x08002978   0x000000b8   Code   RO         4176    i.rt_schedule       scheduler.o
    0x08002a30   0x08002a30   0x00000074   Code   RO         4177    i.rt_schedule_insert_thread  scheduler.o
    0x08002aa4   0x08002aa4   0x00000048   Code   RO         4178    i.rt_schedule_remove_thread  scheduler.o
    0x08002aec   0x08002aec   0x000000c4   Code   RO         3792    i.rt_show_version   kservice.o
    0x08002bb0   0x08002bb0   0x000000b6   Code   RO         4003    i.rt_smem_alloc     mem.o
    0x08002c66   0x08002c66   0x0000002c   Code   RO         4005    i.rt_smem_free      mem.o
    0x08002c92   0x08002c92   0x00000002   PAD
    0x08002c94   0x08002c94   0x000000d4   Code   RO         4006    i.rt_smem_init      mem.o
    0x08002d68   0x08002d68   0x00000012   Code   RO         3794    i.rt_sprintf        kservice.o
    0x08002d7a   0x08002d7a   0x00000010   Code   RO         3800    i.rt_strlen         kservice.o
    0x08002d8a   0x08002d8a   0x00000026   Code   RO         3802    i.rt_strncpy        kservice.o
    0x08002db0   0x08002db0   0x00000028   Code   RO         3805    i.rt_system_heap_init  kservice.o
    0x08002dd8   0x08002dd8   0x00000028   Code   RO         4179    i.rt_system_scheduler_init  scheduler.o
    0x08002e00   0x08002e00   0x00000028   Code   RO         4180    i.rt_system_scheduler_start  scheduler.o
    0x08002e28   0x08002e28   0x0000000c   Code   RO         4373    i.rt_system_timer_init  timer.o
    0x08002e34   0x08002e34   0x00000002   Code   RO         4374    i.rt_system_timer_thread_init  timer.o
    0x08002e36   0x08002e36   0x00000048   Code   RO         4256    i.rt_thread_create  thread.o
    0x08002e7e   0x08002e7e   0x00000002   PAD
    0x08002e80   0x08002e80   0x00000030   Code   RO         3637    i.rt_thread_defunct_dequeue  idle.o
    0x08002eb0   0x08002eb0   0x00000018   Code   RO         3638    i.rt_thread_defunct_enqueue  idle.o
    0x08002ec8   0x08002ec8   0x00000032   Code   RO         3639    i.rt_thread_idle_entry  idle.o
    0x08002efa   0x08002efa   0x00000002   PAD
    0x08002efc   0x08002efc   0x00000044   Code   RO         3641    i.rt_thread_idle_init  idle.o
    0x08002f40   0x08002f40   0x00000030   Code   RO         4262    i.rt_thread_init    thread.o
    0x08002f70   0x08002f70   0x0000000e   Code   RO         4263    i.rt_thread_mdelay  thread.o
    0x08002f7e   0x08002f7e   0x0000003c   Code   RO         4264    i.rt_thread_resume  thread.o
    0x08002fba   0x08002fba   0x00000002   PAD
    0x08002fbc   0x08002fbc   0x0000000c   Code   RO         4265    i.rt_thread_self    thread.o
    0x08002fc8   0x08002fc8   0x00000044   Code   RO         4266    i.rt_thread_sleep   thread.o
    0x0800300c   0x0800300c   0x00000028   Code   RO         4267    i.rt_thread_startup  thread.o
    0x08003034   0x08003034   0x00000046   Code   RO         4268    i.rt_thread_suspend  thread.o
    0x0800307a   0x0800307a   0x00000032   Code   RO         3526    i.rt_tick_from_millisecond  clock.o
    0x080030ac   0x080030ac   0x0000000c   Code   RO         3527    i.rt_tick_get       clock.o
    0x080030b8   0x080030b8   0x00000048   Code   RO         3529    i.rt_tick_increase  clock.o
    0x08003100   0x08003100   0x0000008c   Code   RO         4375    i.rt_timer_check    timer.o
    0x0800318c   0x0800318c   0x0000004c   Code   RO         4376    i.rt_timer_control  timer.o
    0x080031d8   0x080031d8   0x00000028   Code   RO         4379    i.rt_timer_detach   timer.o
    0x08003200   0x08003200   0x00000028   Code   RO         4380    i.rt_timer_init     timer.o
    0x08003228   0x08003228   0x00000084   Code   RO         4382    i.rt_timer_start    timer.o
    0x080032ac   0x080032ac   0x0000002e   Code   RO         4383    i.rt_timer_stop     timer.o
    0x080032da   0x080032da   0x00000002   PAD
    0x080032dc   0x080032dc   0x00000284   Code   RO         3806    i.rt_vsnprintf      kservice.o
    0x08003560   0x08003560   0x00000010   Code   RO         3807    i.rt_vsprintf       kservice.o
    0x08003570   0x08003570   0x00000004   Code   RO         3569    i.rti_board_end     components.o
    0x08003574   0x08003574   0x00000004   Code   RO         3570    i.rti_board_start   components.o
    0x08003578   0x08003578   0x00000004   Code   RO         3571    i.rti_end           components.o
    0x0800357c   0x0800357c   0x00000004   Code   RO         3572    i.rti_start         components.o
    0x08003580   0x08003580   0x0000002a   Code   RO         3573    i.rtthread_startup  components.o
    0x080035aa   0x080035aa   0x00000028   Code   RO         3808    i.skip_atoi         kservice.o
    0x080035d2   0x080035d2   0x00000002   PAD
    0x080035d4   0x080035d4   0x00000034   Code   RO         4474    i.uart_init         board.o
    0x08003608   0x08003608   0x0000000a   Code   RO         4637    x$fpl$fpinit        fz_wm.l(fpinit.o)
    0x08003612   0x08003612   0x00000008   Data   RO         2339    .constdata          stm32f4xx_hal_dma.o
    0x0800361a   0x0800361a   0x00000010   Data   RO         3380    .constdata          system_stm32f4xx.o
    0x0800362a   0x0800362a   0x00000008   Data   RO         3381    .constdata          system_stm32f4xx.o
    0x08003632   0x08003632   0x00000122   Data   RO         3810    .constdata          kservice.o
    0x08003754   0x08003754   0x00000058   Data   RO         3811    .conststring        kservice.o
    0x080037ac   0x080037ac   0x00000004   Data   RO         3574    .rti_fn.0           components.o
    0x080037b0   0x080037b0   0x00000004   Data   RO         3575    .rti_fn.0.end       components.o
    0x080037b4   0x080037b4   0x00000004   Data   RO         4476    .rti_fn.1           board.o
    0x080037b8   0x080037b8   0x00000004   Data   RO         3576    .rti_fn.1.end       components.o
    0x080037bc   0x080037bc   0x00000004   Data   RO         3577    .rti_fn.6.end       components.o
    0x080037c0   0x080037c0   0x00000020   Data   RO         4707    Region$$Table       anon$$obj.o


    Execution Region RW_IRAM1 (Exec base: 0x20000000, Load base: 0x080037e0, Size: 0x00004d88, Max: 0x0001c000, ABSOLUTE)

    Exec Addr    Load Addr    Size         Type   Attr      Idx    E Section Name        Object

    0x20000000   0x080037e0   0x00000004   Data   RW           18    .data               main.o
    0x20000004   0x080037e4   0x0000000c   Data   RW         2784    .data               stm32f4xx_hal.o
    0x20000010   0x080037f0   0x00000004   Data   RW         3382    .data               system_stm32f4xx.o
    0x20000014   0x080037f4   0x00000004   Data   RW         3489    .data               cpuport.o
    0x20000018   0x080037f8   0x00000004   Data   RW         3490    .data               cpuport.o
    0x2000001c   0x080037fc   0x00000004   Data   RW         3491    .data               cpuport.o
    0x20000020   0x08003800   0x00000004   Data   RW         3492    .data               cpuport.o
    0x20000024   0x08003804   0x00000004   Data   RW         3531    .data               clock.o
    0x20000028   0x08003808   0x00000008   Data   RW         3643    .data               idle.o
    0x20000030   0x08003810   0x00000001   Data   RW         3748    .data               irq.o
    0x20000031   0x08003811   0x00000003   PAD
    0x20000034   0x08003814   0x00000038   Data   RW         3812    .data               kservice.o
    0x2000006c   0x0800384c   0x00000050   Data   RW         4106    .data               object.o
    0x200000bc   0x0800389c   0x0000000c   Data   RW         4182    .data               scheduler.o
    0x200000c8   0x080038a8   0x0000000c   Data   RW         4384    .data               timer.o
    0x200000d4        -       0x00000020   Zero   RW          255    .bss                rtc.o
    0x200000f4        -       0x000000a8   Zero   RW          301    .bss                usart.o
    0x2000019c        -       0x00000048   Zero   RW          456    .bss                stm32f4xx_hal_timebase_tim.o
    0x200001e4        -       0x00000178   Zero   RW         3642    .bss                idle.o
    0x2000035c        -       0x00000080   Zero   RW         3809    .bss                kservice.o
    0x200003dc        -       0x00000100   Zero   RW         4181    .bss                scheduler.o
    0x200004dc        -       0x00003c48   Zero   RW         4475    .bss                board.o
    0x20004124        -       0x00000060   Zero   RW         4555    .bss                c_w.l(libspace.o)
    0x20004184   0x080038b4   0x00000004   PAD
    0x20004188        -       0x00000400   Zero   RW            2    HEAP                startup_stm32f407xx.o
    0x20004588        -       0x00000800   Zero   RW            1    STACK               startup_stm32f407xx.o


    Execution Region RW_IRAM2 (Exec base: 0x2001c000, Load base: 0x080038b4, Size: 0x00000000, Max: 0x00004000, ABSOLUTE)

    **** No section assigned to this execution region ****


==============================================================================

Image component sizes


      Code (inc. data)   RO Data    RW Data    ZI Data      Debug   Object Name

       212         24          4          0      15432       4848   board.o
       134         10          0          4          0       2696   clock.o
       182         28         16          0          0       6894   components.o
       316         28          0          0          0        916   context_rvds.o
       588        344          0         16          0       4410   cpuport.o
        44          4          0          0          0        782   dma.o
       128          8          0          0          0        963   gpio.o
       190         26          0          8        376       6470   idle.o
        56         12          0          1          0       2050   irq.o
      1552        194        378         56        128      15351   kservice.o
       496        112          0          4          0     712432   main.o
       530         68          0          0          0       4878   mem.o
       312          6          0         80          0       7108   object.o
       196         18          0          0         32       1663   rtc.o
       572         58          0         12        256      10148   scheduler.o
        64         26        392          0       3072        848   startup_stm32f407xx.o
        80         14          0         12          0       8098   stm32f4xx_hal.o
       198         14          0          0          0      33831   stm32f4xx_hal_cortex.o
       752         16          8          0          0       4088   stm32f4xx_hal_dma.o
       506         46          0          0          0       2204   stm32f4xx_hal_gpio.o
        48          6          0          0          0        866   stm32f4xx_hal_msp.o
      1462         96          0          0          0       8072   stm32f4xx_hal_rcc.o
       316         20          0          0          0       1392   stm32f4xx_hal_rcc_ex.o
       692         24          0          0          0       6145   stm32f4xx_hal_rtc.o
       740         72          0          0          0       7532   stm32f4xx_hal_tim.o
         4          0          0          0          0       1641   stm32f4xx_hal_tim_ex.o
       152         20          0          0         72       1487   stm32f4xx_hal_timebase_tim.o
       720         10          0          0          0       4864   stm32f4xx_hal_uart.o
        38         12          0          0          0       3297   stm32f4xx_it.o
       136         20         24          4          0       1887   system_stm32f4xx.o
       618         28          0          0          0      12185   thread.o
       554         20          0         12          0      12664   timer.o
       222         30          0          0        168       3553   usart.o

    ----------------------------------------------------------------------
     12852       1414        854        212      19536     896263   Object Totals
         0          0         32          0          0          0   (incl. Generated)
        42          0          0          3          0          0   (incl. Padding)

    ----------------------------------------------------------------------

      Code (inc. data)   RO Data    RW Data    ZI Data      Debug   Library Member Name

         8          0          0          0          0         68   __main.o
         0          0          0          0          0          0   __rtentry.o
        12          0          0          0          0          0   __rtentry2.o
         6          0          0          0          0          0   __rtentry4.o
        52          8          0          0          0          0   __scatter.o
        26          0          0          0          0          0   __scatter_copy.o
        28          0          0          0          0          0   __scatter_zi.o
        18          0          0          0          0         80   exit.o
         6          0          0          0          0        152   heapauxi.o
         2          0          0          0          0          0   libinit.o
         6          0          0          0          0          0   libinit2.o
         2          0          0          0          0          0   libshutdown.o
         2          0          0          0          0          0   libshutdown2.o
         8          4          0          0         96         68   libspace.o
       238          0          0          0          0        100   lludivv7m.o
        78          0          0          0          0         80   rt_memclr_w.o
         2          0          0          0          0          0   rtexit.o
        10          0          0          0          0          0   rtexit2.o
        74          0          0          0          0         80   sys_stackheap_outer.o
         2          0          0          0          0         68   use_no_semi.o
         2          0          0          0          0         68   use_no_semi_2.o
        10          0          0          0          0        116   fpinit.o

    ----------------------------------------------------------------------
       598         12          0          0        100        880   Library Totals
         6          0          0          0          4          0   (incl. Padding)

    ----------------------------------------------------------------------

      Code (inc. data)   RO Data    RW Data    ZI Data      Debug   Library Name

       582         12          0          0         96        764   c_w.l
        10          0          0          0          0        116   fz_wm.l

    ----------------------------------------------------------------------
       598         12          0          0        100        880   Library Totals

    ----------------------------------------------------------------------

==============================================================================


      Code (inc. data)   RO Data    RW Data    ZI Data      Debug   

     13450       1426        854        212      19636     881983   Grand Totals
     13450       1426        854        212      19636     881983   ELF Image Totals
     13450       1426        854        212          0          0   ROM Totals

==============================================================================

    Total RO  Size (Code + RO Data)                14304 (  13.97kB)
    Total RW  Size (RW Data + ZI Data)             19848 (  19.38kB)
    Total ROM Size (Code + RO Data + RW Data)      14516 (  14.18kB)

==============================================================================

